Archive member included to satisfy reference by file (symbol)

c:/progra~1/gcc-ar~1.10/bin/../lib/gcc/arm-none-eabi/10.3.1/thumb/v7e-m/nofp\libgcc.a(_arm_mulsf3.o)
                              CMakeFiles/yingshi_to_clion.elf.dir/Core/Src/bsp_bldc.c.obj (__aeabi_fmul)
c:/progra~1/gcc-ar~1.10/bin/../lib/gcc/arm-none-eabi/10.3.1/thumb/v7e-m/nofp\libgcc.a(_arm_addsubdf3.o)
                              CMakeFiles/yingshi_to_clion.elf.dir/Core/Src/main.c.obj (__aeabi_f2d)
c:/progra~1/gcc-ar~1.10/bin/../lib/gcc/arm-none-eabi/10.3.1/thumb/v7e-m/nofp\libgcc.a(_arm_addsubsf3.o)
                              CMakeFiles/yingshi_to_clion.elf.dir/Core/Src/main.c.obj (__aeabi_fsub)
c:/progra~1/gcc-ar~1.10/bin/../lib/gcc/arm-none-eabi/10.3.1/thumb/v7e-m/nofp\libgcc.a(_arm_muldivsf3.o)
                              CMakeFiles/yingshi_to_clion.elf.dir/Core/Src/main.c.obj (__aeabi_fdiv)
c:/progra~1/gcc-ar~1.10/bin/../lib/gcc/arm-none-eabi/10.3.1/thumb/v7e-m/nofp\libgcc.a(_arm_cmpsf2.o)
                              CMakeFiles/yingshi_to_clion.elf.dir/Core/Src/bsp_bldc.c.obj (__aeabi_fcmplt)
c:/progra~1/gcc-ar~1.10/bin/../lib/gcc/arm-none-eabi/10.3.1/thumb/v7e-m/nofp\libgcc.a(_arm_fixunssfsi.o)
                              CMakeFiles/yingshi_to_clion.elf.dir/Core/Src/bsp_bldc.c.obj (__aeabi_f2uiz)
c:/progra~1/gcc-ar~1.10/bin/../lib/gcc/arm-none-eabi/10.3.1/thumb/v7e-m/nofp\libgcc.a(_aeabi_uldivmod.o)
                              CMakeFiles/yingshi_to_clion.elf.dir/Drivers/STM32F4xx_HAL_Driver/Src/stm32f4xx_hal_rcc.c.obj (__aeabi_uldivmod)
c:/progra~1/gcc-ar~1.10/bin/../lib/gcc/arm-none-eabi/10.3.1/thumb/v7e-m/nofp\libgcc.a(_udivmoddi4.o)
                              c:/progra~1/gcc-ar~1.10/bin/../lib/gcc/arm-none-eabi/10.3.1/thumb/v7e-m/nofp\libgcc.a(_aeabi_uldivmod.o) (__udivmoddi4)
c:/progra~1/gcc-ar~1.10/bin/../lib/gcc/arm-none-eabi/10.3.1/thumb/v7e-m/nofp\libgcc.a(_dvmd_tls.o)
                              c:/progra~1/gcc-ar~1.10/bin/../lib/gcc/arm-none-eabi/10.3.1/thumb/v7e-m/nofp\libgcc.a(_aeabi_uldivmod.o) (__aeabi_ldiv0)
c:/progra~1/gcc-ar~1.10/bin/../lib/gcc/arm-none-eabi/10.3.1/../../../../arm-none-eabi/lib/thumb/v7e-m/nofp\libg.a(lib_a-errno.o)
                              CMakeFiles/yingshi_to_clion.elf.dir/Core/Src/retarget.c.obj (__errno)
c:/progra~1/gcc-ar~1.10/bin/../lib/gcc/arm-none-eabi/10.3.1/../../../../arm-none-eabi/lib/thumb/v7e-m/nofp\libg.a(lib_a-exit.o)
                              c:/progra~1/gcc-ar~1.10/bin/../lib/gcc/arm-none-eabi/10.3.1/../../../../arm-none-eabi/lib/thumb/v7e-m/nofp/crt0.o (exit)
c:/progra~1/gcc-ar~1.10/bin/../lib/gcc/arm-none-eabi/10.3.1/../../../../arm-none-eabi/lib/thumb/v7e-m/nofp\libg.a(lib_a-impure.o)
                              c:/progra~1/gcc-ar~1.10/bin/../lib/gcc/arm-none-eabi/10.3.1/../../../../arm-none-eabi/lib/thumb/v7e-m/nofp\libg.a(lib_a-exit.o) (_global_impure_ptr)
c:/progra~1/gcc-ar~1.10/bin/../lib/gcc/arm-none-eabi/10.3.1/../../../../arm-none-eabi/lib/thumb/v7e-m/nofp\libg.a(lib_a-init.o)
                              c:/progra~1/gcc-ar~1.10/bin/../lib/gcc/arm-none-eabi/10.3.1/../../../../arm-none-eabi/lib/thumb/v7e-m/nofp/crt0.o (__libc_init_array)
c:/progra~1/gcc-ar~1.10/bin/../lib/gcc/arm-none-eabi/10.3.1/../../../../arm-none-eabi/lib/thumb/v7e-m/nofp\libg.a(lib_a-memset.o)
                              c:/progra~1/gcc-ar~1.10/bin/../lib/gcc/arm-none-eabi/10.3.1/../../../../arm-none-eabi/lib/thumb/v7e-m/nofp/crt0.o (memset)
c:/progra~1/gcc-ar~1.10/bin/../lib/gcc/arm-none-eabi/10.3.1/../../../../arm-none-eabi/lib/thumb/v7e-m/nofp\libg.a(lib_a-printf.o)
                              CMakeFiles/yingshi_to_clion.elf.dir/Core/Src/main.c.obj (printf)
c:/progra~1/gcc-ar~1.10/bin/../lib/gcc/arm-none-eabi/10.3.1/../../../../arm-none-eabi/lib/thumb/v7e-m/nofp\libg.a(lib_a-puts.o)
                              CMakeFiles/yingshi_to_clion.elf.dir/Core/Src/main.c.obj (puts)
c:/progra~1/gcc-ar~1.10/bin/../lib/gcc/arm-none-eabi/10.3.1/../../../../arm-none-eabi/lib/thumb/v7e-m/nofp\libg.a(lib_a-setvbuf.o)
                              CMakeFiles/yingshi_to_clion.elf.dir/Core/Src/retarget.c.obj (setvbuf)
c:/progra~1/gcc-ar~1.10/bin/../lib/gcc/arm-none-eabi/10.3.1/../../../../arm-none-eabi/lib/thumb/v7e-m/nofp\libg.a(lib_a-strlen.o)
                              c:/progra~1/gcc-ar~1.10/bin/../lib/gcc/arm-none-eabi/10.3.1/../../../../arm-none-eabi/lib/thumb/v7e-m/nofp\libg.a(lib_a-puts.o) (strlen)
c:/progra~1/gcc-ar~1.10/bin/../lib/gcc/arm-none-eabi/10.3.1/../../../../arm-none-eabi/lib/thumb/v7e-m/nofp\libg.a(lib_a-vfprintf.o)
                              c:/progra~1/gcc-ar~1.10/bin/../lib/gcc/arm-none-eabi/10.3.1/../../../../arm-none-eabi/lib/thumb/v7e-m/nofp\libg.a(lib_a-printf.o) (_vfprintf_r)
c:/progra~1/gcc-ar~1.10/bin/../lib/gcc/arm-none-eabi/10.3.1/../../../../arm-none-eabi/lib/thumb/v7e-m/nofp\libg.a(lib_a-wsetup.o)
[...]
Memory Configuration

Name             Origin             Length             Attributes
CCMRAM           0x10000000         0x00010000         xrw
RAM              0x20000000         0x00020000         xrw
FLASH            0x08000000         0x00100000         xr
*default*        0x00000000         0xffffffff

Linker script and memory map

LOAD c:/progra~1/gcc-ar~1.10/bin/../lib/gcc/arm-none-eabi/10.3.1/thumb/v7e-m/nofp/crti.o
LOAD c:/progra~1/gcc-ar~1.10/bin/../lib/gcc/arm-none-eabi/10.3.1/thumb/v7e-m/nofp/crtbegin.o
LOAD c:/progra~1/gcc-ar~1.10/bin/../lib/gcc/arm-none-eabi/10.3.1/../../../../arm-none-eabi/lib/thumb/v7e-m/nofp/crt0.o
LOAD CMakeFiles/yingshi_to_clion.elf.dir/Core/Src/bsp_bldc.c.obj
LOAD CMakeFiles/yingshi_to_clion.elf.dir/Core/Src/bsp_hall.c.obj
LOAD CMakeFiles/yingshi_to_clion.elf.dir/Core/Src/bsp_key.c.obj
LOAD CMakeFiles/yingshi_to_clion.elf.dir/Core/Src/gpio.c.obj
LOAD CMakeFiles/yingshi_to_clion.elf.dir/Core/Src/main.c.obj
LOAD CMakeFiles/yingshi_to_clion.elf.dir/Core/Src/retarget.c.obj
LOAD CMakeFiles/yingshi_to_clion.elf.dir/Core/Src/stm32f4xx_hal_msp.c.obj
LOAD CMakeFiles/yingshi_to_clion.elf.dir/Core/Src/stm32f4xx_it.c.obj
LOAD CMakeFiles/yingshi_to_clion.elf.dir/Core/Src/syscalls.c.obj
LOAD CMakeFiles/yingshi_to_clion.elf.dir/Core/Src/sysmem.c.obj
LOAD CMakeFiles/yingshi_to_clion.elf.dir/Core/Src/system_stm32f4xx.c.obj
LOAD CMakeFiles/yingshi_to_clion.elf.dir/Core/Src/tim.c.obj
LOAD CMakeFiles/yingshi_to_clion.elf.dir/Core/Src/usart.c.obj
LOAD CMakeFiles/yingshi_to_clion.elf.dir/Core/Startup/startup_stm32f407igtx.s.obj
LOAD CMakeFiles/yingshi_to_clion.elf.dir/Drivers/STM32F4xx_HAL_Driver/Src/stm32f4xx_hal.c.obj
LOAD CMakeFiles/yingshi_to_clion.elf.dir/Drivers/STM32F4xx_HAL_Driver/Src/stm32f4xx_hal_cortex.c.obj
LOAD CMakeFiles/yingshi_to_clion.elf.dir/Drivers/STM32F4xx_HAL_Driver/Src/stm32f4xx_hal_dma.c.obj
LOAD CMakeFiles/yingshi_to_clion.elf.dir/Drivers/STM32F4xx_HAL_Driver/Src/stm32f4xx_hal_dma_ex.c.obj
LOAD CMakeFiles/yingshi_to_clion.elf.dir/Drivers/STM32F4xx_HAL_Driver/Src/stm32f4xx_hal_exti.c.obj
LOAD CMakeFiles/yingshi_to_clion.elf.dir/Drivers/STM32F4xx_HAL_Driver/Src/stm32f4xx_hal_flash.c.obj
LOAD CMakeFiles/yingshi_to_clion.elf.dir/Drivers/STM32F4xx_HAL_Driver/Src/stm32f4xx_hal_flash_ex.c.obj
LOAD CMakeFiles/yingshi_to_clion.elf.dir/Drivers/STM32F4xx_HAL_Driver/Src/stm32f4xx_hal_flash_ramfunc.c.obj
LOAD CMakeFiles/yingshi_to_clion.elf.dir/Drivers/STM32F4xx_HAL_Driver/Src/stm32f4xx_hal_gpio.c.obj
LOAD CMakeFiles/yingshi_to_clion.elf.dir/Drivers/STM32F4xx_HAL_Driver/Src/stm32f4xx_hal_pwr.c.obj
LOAD CMakeFiles/yingshi_to_clion.elf.dir/Drivers/STM32F4xx_HAL_Driver/Src/stm32f4xx_hal_pwr_ex.c.obj
LOAD CMakeFiles/yingshi_to_clion.elf.dir/Drivers/STM32F4xx_HAL_Driver/Src/stm32f4xx_hal_rcc.c.obj
LOAD CMakeFiles/yingshi_to_clion.elf.dir/Drivers/STM32F4xx_HAL_Driver/Src/stm32f4xx_hal_rcc_ex.c.obj
LOAD CMakeFiles/yingshi_to_clion.elf.dir/Drivers/STM32F4xx_HAL_Driver/Src/stm32f4xx_hal_tim.c.obj
LOAD CMakeFiles/yingshi_to_clion.elf.dir/Drivers/STM32F4xx_HAL_Driver/Src/stm32f4xx_hal_tim_ex.c.obj
LOAD CMakeFiles/yingshi_to_clion.elf.dir/Drivers/STM32F4xx_HAL_Driver/Src/stm32f4xx_hal_uart.c.obj
START GROUP
LOAD c:/progra~1/gcc-ar~1.10/bin/../lib/gcc/arm-none-eabi/10.3.1/thumb/v7e-m/nofp\libgcc.a
LOAD c:/progra~1/gcc-ar~1.10/bin/../lib/gcc/arm-none-eabi/10.3.1/../../../../arm-none-eabi/lib/thumb/v7e-m/nofp\libg.a
LOAD c:/progra~1/gcc-ar~1.10/bin/../lib/gcc/arm-none-eabi/10.3.1/../../../../arm-none-eabi/lib/thumb/v7e-m/nofp\libc.a
END GROUP
LOAD c:/progra~1/gcc-ar~1.10/bin/../lib/gcc/arm-none-eabi/10.3.1/thumb/v7e-m/nofp/crtend.o
LOAD c:/progra~1/gcc-ar~1.10/bin/../lib/gcc/arm-none-eabi/10.3.1/thumb/v7e-m/nofp/crtn.o
                0x20020000                _estack = (ORIGIN (RAM) + LENGTH (RAM))
                0x00000200                _Min_Heap_Size = 0x200
                0x00000400                _Min_Stack_Size = 0x400

.isr_vector     0x08000000      0x188
                0x08000000                . = ALIGN (0x4)
 *(.isr_vector)
 .isr_vector    0x08000000      0x188 CMakeFiles/yingshi_to_clion.elf.dir/Core/Startup/startup_stm32f407igtx.s.obj
                0x08000000                g_pfnVectors
                0x08000188                . = ALIGN (0x4)

.text           0x080001c0     0xa150
                0x080001c0                . = ALIGN (0x4)
 *(.text)
 .text          0x080001c0       0x40 c:/progra~1/gcc-ar~1.10/bin/../lib/gcc/arm-none-eabi/10.3.1/thumb/v7e-m/nofp/crtbegin.o
 .text          0x08000200      0x378 c:/progra~1/gcc-ar~1.10/bin/../lib/gcc/arm-none-eabi/10.3.1/thumb/v7e-m/nofp\libgcc.a(_arm_addsubdf3.o)
                0x08000200                __aeabi_drsub
                0x08000208                __aeabi_dsub
                0x08000208                __subdf3
                0x0800020c                __aeabi_dadd
                0x0800020c                __adddf3
                0x08000484                __floatunsidf
                0x08000484                __aeabi_ui2d
                0x080004a4                __floatsidf
                0x080004a4                __aeabi_i2d
                0x080004c8                __aeabi_f2d
                0x080004c8                __extendsfdf2
                0x0800050c                __floatundidf
                0x0800050c                __aeabi_ul2d
                0x0800051c                __floatdidf
                0x0800051c                __aeabi_l2d
 .text          0x08000578      0x21c c:/progra~1/gcc-ar~1.10/bin/../lib/gcc/arm-none-eabi/10.3.1/thumb/v7e-m/nofp\libgcc.a(_arm_addsubsf3.o)
                0x08000578                __aeabi_frsub
                0x08000580                __subsf3
                0x08000580                __aeabi_fsub
                0x08000584                __aeabi_fadd
                0x08000584                __addsf3
                0x080006e4                __aeabi_ui2f
                0x080006e4                __floatunsisf
                0x080006ec                __aeabi_i2f
                0x080006ec                __floatsisf
                0x08000708                __aeabi_ul2f
                0x08000708                __floatundisf
                0x08000718                __aeabi_l2f
                0x08000718                __floatdisf
 .text          0x08000794      0x2a0 c:/progra~1/gcc-ar~1.10/bin/../lib/gcc/arm-none-eabi/10.3.1/thumb/v7e-m/nofp\libgcc.a(_arm_muldivsf3.o)
                0x08000794                __mulsf3
                0x08000794                __aeabi_fmul
                0x080008fc                __aeabi_fdiv
                0x080008fc                __divsf3
 .text          0x08000a34       0xec c:/progra~1/gcc-ar~1.10/bin/../lib/gcc/arm-none-eabi/10.3.1/thumb/v7e-m/nofp\libgcc.a(_arm_cmpsf2.o)
                0x08000a34                __gesf2
                0x08000a34                __gtsf2
                0x08000a3c                __lesf2
                0x08000a3c                __ltsf2
                0x08000a44                __nesf2
                0x08000a44                __eqsf2
                0x08000a44                __cmpsf2
                0x08000aa4                __aeabi_cfrcmple
                0x08000aac                __aeabi_cfcmpeq
                0x08000aac                __aeabi_cfcmple
                0x08000abc                __aeabi_fcmpeq
                0x08000ad0                __aeabi_fcmplt
                0x08000ae4                __aeabi_fcmple
                0x08000af8                __aeabi_fcmpge
                0x08000b0c                __aeabi_fcmpgt
 .text          0x08000b20       0x40 c:/progra~1/gcc-ar~1.10/bin/../lib/gcc/arm-none-eabi/10.3.1/thumb/v7e-m/nofp\libgcc.a(_arm_fixunssfsi.o)
                0x08000b20                __fixunssfsi
                0x08000b20                __aeabi_f2uiz
 .text          0x08000b60       0x30 c:/progra~1/gcc-ar~1.10/bin/../lib/gcc/arm-none-eabi/10.3.1/thumb/v7e-m/nofp\libgcc.a(_aeabi_uldivmod.o)
                0x08000b60                __aeabi_uldivmod
 .text          0x08000b90      0x2d0 c:/progra~1/gcc-ar~1.10/bin/../lib/gcc/arm-none-eabi/10.3.1/thumb/v7e-m/nofp\libgcc.a(_udivmoddi4.o)
                0x08000b90                __udivmoddi4
 .text          0x08000e60        0x4 c:/progra~1/gcc-ar~1.10/bin/../lib/gcc/arm-none-eabi/10.3.1/thumb/v7e-m/nofp\libgcc.a(_dvmd_tls.o)
                0x08000e60                __aeabi_idiv0
                0x08000e60                __aeabi_ldiv0
 *fill*         0x08000e64       0x1c 
 .text          0x08000e80       0xdc c:/progra~1/gcc-ar~1.10/bin/../lib/gcc/arm-none-eabi/10.3.1/../../../../arm-none-eabi/lib/thumb/v7e-m/nofp\libg.a(lib_a-strlen.o)
                0x08000e80                strlen
 *fill*         0x08000f5c        0x4 
 .text          0x08000f60       0xa0 c:/progra~1/gcc-ar~1.10/bin/../lib/gcc/arm-none-eabi/10.3.1/../../../../arm-none-eabi/lib/thumb/v7e-m/nofp\libg.a(lib_a-memchr.o)
                0x08000f60                memchr
 .text          0x08001000      0x134 c:/progra~1/gcc-ar~1.10/bin/../lib/gcc/arm-none-eabi/10.3.1/../../../../arm-none-eabi/lib/thumb/v7e-m/nofp\libg.a(lib_a-memcpy.o)
                0x08001000                memcpy
 .text          0x08001134      0x424 c:/progra~1/gcc-ar~1.10/bin/../lib/gcc/arm-none-eabi/10.3.1/thumb/v7e-m/nofp\libgcc.a(_arm_muldivdf3.o)
                0x08001134                __aeabi_dmul
                0x08001134                __muldf3
                0x08001388                __divdf3
                0x08001388                __aeabi_ddiv
 .text          0x08001558      0x110 c:/progra~1/gcc-ar~1.10/bin/../lib/gcc/arm-none-eabi/10.3.1/thumb/v7e-m/nofp\libgcc.a(_arm_cmpdf2.o)
                0x08001558                __gtdf2
                0x08001558                __gedf2
                0x08001560                __ltdf2
                0x08001560                __ledf2
                0x08001568                __nedf2
                0x08001568                __eqdf2
                0x08001568                __cmpdf2
                0x080015e4                __aeabi_cdrcmple
                0x080015f4                __aeabi_cdcmpeq
                0x080015f4                __aeabi_cdcmple
                0x08001604                __aeabi_dcmpeq
                0x08001618                __aeabi_dcmplt
                0x0800162c                __aeabi_dcmple
                0x08001640                __aeabi_dcmpge
                0x08001654                __aeabi_dcmpgt
 .text          0x08001668       0x2c c:/progra~1/gcc-ar~1.10/bin/../lib/gcc/arm-none-eabi/10.3.1/thumb/v7e-m/nofp\libgcc.a(_arm_unorddf2.o)
                0x08001668                __unorddf2
                0x08001668                __aeabi_dcmpun
 .text          0x08001694       0x50 c:/progra~1/gcc-ar~1.10/bin/../lib/gcc/arm-none-eabi/10.3.1/thumb/v7e-m/nofp\libgcc.a(_arm_fixdfsi.o)
                0x08001694                __aeabi_d2iz
                0x08001694                __fixdfsi
 *(.text*)
 .text.BLDCMotor_PhaseCtrl
                0x080016e4      0x204 CMakeFiles/yingshi_to_clion.elf.dir/Core/Src/bsp_bldc.c.obj
                0x080016e4                BLDCMotor_PhaseCtrl
 .text.BLDCMotor_braking_LowerShort
                0x080018e8       0x68 CMakeFiles/yingshi_to_clion.elf.dir/Core/Src/bsp_bldc.c.obj
                0x080018e8                BLDCMotor_braking_LowerShort
 .text.BLDCMotor_Start
                0x08001950       0x58 CMakeFiles/yingshi_to_clion.elf.dir/Core/Src/bsp_bldc.c.obj
                0x08001950                BLDCMotor_Start
 .text.BLDCMotor_unbraking_LS
                0x080019a8       0x44 CMakeFiles/yingshi_to_clion.elf.dir/Core/Src/bsp_bldc.c.obj
                0x080019a8                BLDCMotor_unbraking_LS
 .text.BLDCMotor_SetSpeed
                0x080019ec       0x2c CMakeFiles/yingshi_to_clion.elf.dir/Core/Src/bsp_bldc.c.obj
                0x080019ec                BLDCMotor_SetSpeed
 .text.YS_TIM_HALL_Base_MspInit
                0x08001a18       0x78 CMakeFiles/yingshi_to_clion.elf.dir/Core/Src/bsp_hall.c.obj
                0x08001a18                YS_TIM_HALL_Base_MspInit
 .text.HALLSensor_TIMx_Init
                0x08001a90       0x60 CMakeFiles/yingshi_to_clion.elf.dir/Core/Src/bsp_hall.c.obj
                0x08001a90                HALLSensor_TIMx_Init
 .text.HALL_GetPhase
                0x08001af0       0x34 CMakeFiles/yingshi_to_clion.elf.dir/Core/Src/bsp_hall.c.obj
                0x08001af0                HALL_GetPhase
 .text.HAL_TIM_IC_CaptureCallback
                0x08001b24       0x58 CMakeFiles/yingshi_to_clion.elf.dir/Core/Src/bsp_hall.c.obj
                0x08001b24                HAL_TIM_IC_CaptureCallback
 .text.KEY_GPIO_Init
                0x08001b7c       0x98 CMakeFiles/yingshi_to_clion.elf.dir/Core/Src/bsp_key.c.obj
                0x08001b7c                KEY_GPIO_Init
 .text.KEY1_StateRead
                0x08001c14       0x3c CMakeFiles/yingshi_to_clion.elf.dir/Core/Src/bsp_key.c.obj
                0x08001c14                KEY1_StateRead
 .text.KEY2_StateRead
                0x08001c50       0x3c CMakeFiles/yingshi_to_clion.elf.dir/Core/Src/bsp_key.c.obj
                0x08001c50                KEY2_StateRead
 .text.KEY3_StateRead
                0x08001c8c       0x3c CMakeFiles/yingshi_to_clion.elf.dir/Core/Src/bsp_key.c.obj
                0x08001c8c                KEY3_StateRead
 .text.KEY4_StateRead
                0x08001cc8       0x3c CMakeFiles/yingshi_to_clion.elf.dir/Core/Src/bsp_key.c.obj
                0x08001cc8                KEY4_StateRead
 .text.KEY5_StateRead
                0x08001d04       0x3c CMakeFiles/yingshi_to_clion.elf.dir/Core/Src/bsp_key.c.obj
                0x08001d04                KEY5_StateRead
 .text.SystemClock_Config
                0x08001d40       0xc4 CMakeFiles/yingshi_to_clion.elf.dir/Core/Src/main.c.obj
                0x08001d40                SystemClock_Config
 .text.main     0x08001e04      0x20c CMakeFiles/yingshi_to_clion.elf.dir/Core/Src/main.c.obj
                0x08001e04                main
 .text.HAL_SYSTICK_Callback
                0x08002010       0x24 CMakeFiles/yingshi_to_clion.elf.dir/Core/Src/main.c.obj
                0x08002010                HAL_SYSTICK_Callback
 .text.Error_Handler
                0x08002034        0x4 CMakeFiles/yingshi_to_clion.elf.dir/Core/Src/main.c.obj
                0x08002034                Error_Handler
 .text.RetargetInit
                0x08002038       0x20 CMakeFiles/yingshi_to_clion.elf.dir/Core/Src/retarget.c.obj
                0x08002038                RetargetInit
 .text._isatty  0x08002058       0x16 CMakeFiles/yingshi_to_clion.elf.dir/Core/Src/retarget.c.obj
                0x08002058                _isatty
 *fill*         0x0800206e        0x2 
 .text._write   0x08002070       0x34 CMakeFiles/yingshi_to_clion.elf.dir/Core/Src/retarget.c.obj
                0x08002070                _write
 .text._close   0x080020a4       0x18 CMakeFiles/yingshi_to_clion.elf.dir/Core/Src/retarget.c.obj
                0x080020a4                _close
 .text._lseek   0x080020bc       0x10 CMakeFiles/yingshi_to_clion.elf.dir/Core/Src/retarget.c.obj
                0x080020bc                _lseek
 .text._read    0x080020cc       0x30 CMakeFiles/yingshi_to_clion.elf.dir/Core/Src/retarget.c.obj
                0x080020cc                _read
 .text._fstat   0x080020fc       0x1a CMakeFiles/yingshi_to_clion.elf.dir/Core/Src/retarget.c.obj
                0x080020fc                _fstat
 .text.HAL_MspInit
                0x08002116       0x5e CMakeFiles/yingshi_to_clion.elf.dir/Core/Src/stm32f4xx_hal_msp.c.obj
                0x08002116                HAL_MspInit
 .text.NMI_Handler
                0x08002174        0x2 CMakeFiles/yingshi_to_clion.elf.dir/Core/Src/stm32f4xx_it.c.obj
                0x08002174                NMI_Handler
 .text.HardFault_Handler
                0x08002176        0x2 CMakeFiles/yingshi_to_clion.elf.dir/Core/Src/stm32f4xx_it.c.obj
                0x08002176                HardFault_Handler
 .text.MemManage_Handler
                0x08002178        0x2 CMakeFiles/yingshi_to_clion.elf.dir/Core/Src/stm32f4xx_it.c.obj
                0x08002178                MemManage_Handler
 .text.BusFault_Handler
                0x0800217a        0x2 CMakeFiles/yingshi_to_clion.elf.dir/Core/Src/stm32f4xx_it.c.obj
                0x0800217a                BusFault_Handler
 .text.UsageFault_Handler
                0x0800217c        0x2 CMakeFiles/yingshi_to_clion.elf.dir/Core/Src/stm32f4xx_it.c.obj
                0x0800217c                UsageFault_Handler
 .text.SVC_Handler
                0x0800217e        0x2 CMakeFiles/yingshi_to_clion.elf.dir/Core/Src/stm32f4xx_it.c.obj
                0x0800217e                SVC_Handler
 .text.DebugMon_Handler
                0x08002180        0x2 CMakeFiles/yingshi_to_clion.elf.dir/Core/Src/stm32f4xx_it.c.obj
                0x08002180                DebugMon_Handler
 .text.PendSV_Handler
                0x08002182        0x2 CMakeFiles/yingshi_to_clion.elf.dir/Core/Src/stm32f4xx_it.c.obj
                0x08002182                PendSV_Handler
 .text.SysTick_Handler
                0x08002184        0xc CMakeFiles/yingshi_to_clion.elf.dir/Core/Src/stm32f4xx_it.c.obj
                0x08002184                SysTick_Handler
 .text.TIM8_CC_IRQHandler
                0x08002190        0x2 CMakeFiles/yingshi_to_clion.elf.dir/Core/Src/stm32f4xx_it.c.obj
                0x08002190                TIM8_CC_IRQHandler
 *fill*         0x08002192        0x2 
 .text.TIM5_IRQHandler
                0x08002194       0x10 CMakeFiles/yingshi_to_clion.elf.dir/Core/Src/stm32f4xx_it.c.obj
                0x08002194                TIM5_IRQHandler
 .text._getpid  0x080021a4        0x4 CMakeFiles/yingshi_to_clion.elf.dir/Core/Src/syscalls.c.obj
                0x080021a4                _getpid
 .text._kill    0x080021a8       0x10 CMakeFiles/yingshi_to_clion.elf.dir/Core/Src/syscalls.c.obj
                0x080021a8                _kill
 .text._exit    0x080021b8        0xc CMakeFiles/yingshi_to_clion.elf.dir/Core/Src/syscalls.c.obj
                0x080021b8                _exit
 .text._sbrk    0x080021c4       0x48 CMakeFiles/yingshi_to_clion.elf.dir/Core/Src/sysmem.c.obj
                0x080021c4                _sbrk
 .text.SystemInit
                0x0800220c        0x2 CMakeFiles/yingshi_to_clion.elf.dir/Core/Src/system_stm32f4xx.c.obj
                0x0800220c                SystemInit
 *fill*         0x0800220e        0x2 
 .text.MX_TIM5_Init
                0x08002210       0x5c CMakeFiles/yingshi_to_clion.elf.dir/Core/Src/tim.c.obj
                0x08002210                MX_TIM5_Init
 .text.HAL_TIMEx_HallSensor_MspInit
                0x0800226c       0x78 CMakeFiles/yingshi_to_clion.elf.dir/Core/Src/tim.c.obj
                0x0800226c                HAL_TIMEx_HallSensor_MspInit
 .text.HAL_TIM_Base_MspInit
                0x080022e4       0x40 CMakeFiles/yingshi_to_clion.elf.dir/Core/Src/tim.c.obj
                0x080022e4                HAL_TIM_Base_MspInit
 .text.HAL_TIM_MspPostInit
                0x08002324       0x84 CMakeFiles/yingshi_to_clion.elf.dir/Core/Src/tim.c.obj
                0x08002324                HAL_TIM_MspPostInit
 .text.MX_TIM8_Init
                0x080023a8      0x114 CMakeFiles/yingshi_to_clion.elf.dir/Core/Src/tim.c.obj
                0x080023a8                MX_TIM8_Init
 .text.MX_USART1_UART_Init
                0x080024bc       0x34 CMakeFiles/yingshi_to_clion.elf.dir/Core/Src/usart.c.obj
                0x080024bc                MX_USART1_UART_Init
 .text.HAL_UART_MspInit
                0x080024f0       0x70 CMakeFiles/yingshi_to_clion.elf.dir/Core/Src/usart.c.obj
                0x080024f0                HAL_UART_MspInit
 .text.Reset_Handler
                0x08002560       0x50 CMakeFiles/yingshi_to_clion.elf.dir/Core/Startup/startup_stm32f407igtx.s.obj
                0x08002560                Reset_Handler
 .text.Default_Handler
                0x080025b0        0x2 CMakeFiles/yingshi_to_clion.elf.dir/Core/Startup/startup_stm32f407igtx.s.obj
                0x080025b0                RTC_Alarm_IRQHandler
                0x080025b0                HASH_RNG_IRQHandler
                0x080025b0                EXTI2_IRQHandler
                0x080025b0                TIM1_CC_IRQHandler
                0x080025b0                DMA2_Stream5_IRQHandler
                0x080025b0                DMA1_Stream5_IRQHandler
                0x080025b0                PVD_IRQHandler
                0x080025b0                SDIO_IRQHandler
                0x080025b0                TAMP_STAMP_IRQHandler
                0x080025b0                CAN2_RX1_IRQHandler
                0x080025b0                EXTI3_IRQHandler
                0x080025b0                TIM8_TRG_COM_TIM14_IRQHandler
                0x080025b0                TIM1_UP_TIM10_IRQHandler
                0x080025b0                TIM8_UP_TIM13_IRQHandler
                0x080025b0                I2C3_ER_IRQHandler
                0x080025b0                EXTI0_IRQHandler
                0x080025b0                I2C2_EV_IRQHandler
                0x080025b0                DMA1_Stream2_IRQHandler
                0x080025b0                CAN1_RX0_IRQHandler
                0x080025b0                FPU_IRQHandler
                0x080025b0                OTG_HS_WKUP_IRQHandler
                0x080025b0                CAN2_SCE_IRQHandler
                0x080025b0                DMA2_Stream2_IRQHandler
                0x080025b0                SPI1_IRQHandler
                0x080025b0                TIM6_DAC_IRQHandler
                0x080025b0                TIM1_BRK_TIM9_IRQHandler
                0x080025b0                DCMI_IRQHandler
                0x080025b0                CAN2_RX0_IRQHandler
                0x080025b0                DMA2_Stream3_IRQHandler
                0x080025b0                USART6_IRQHandler
                0x080025b0                USART3_IRQHandler
                0x080025b0                CAN1_RX1_IRQHandler
                0x080025b0                UART5_IRQHandler
                0x080025b0                DMA2_Stream0_IRQHandler
                0x080025b0                TIM4_IRQHandler
                0x080025b0                I2C1_EV_IRQHandler
                0x080025b0                DMA1_Stream6_IRQHandler
                0x080025b0                DMA1_Stream1_IRQHandler
                0x080025b0                UART4_IRQHandler
                0x080025b0                TIM3_IRQHandler
                0x080025b0                RCC_IRQHandler
                0x080025b0                TIM8_BRK_TIM12_IRQHandler
                0x080025b0                Default_Handler
                0x080025b0                EXTI15_10_IRQHandler
                0x080025b0                ADC_IRQHandler
                0x080025b0                DMA1_Stream7_IRQHandler
                0x080025b0                TIM7_IRQHandler
                0x080025b0                CAN2_TX_IRQHandler
                0x080025b0                DMA2_Stream7_IRQHandler
                0x080025b0                I2C3_EV_IRQHandler
                0x080025b0                EXTI9_5_IRQHandler
                0x080025b0                RTC_WKUP_IRQHandler
                0x080025b0                ETH_WKUP_IRQHandler
                0x080025b0                SPI2_IRQHandler
                0x080025b0                OTG_HS_EP1_IN_IRQHandler
                0x080025b0                DMA1_Stream0_IRQHandler
                0x080025b0                CAN1_TX_IRQHandler
                0x080025b0                EXTI4_IRQHandler
                0x080025b0                FSMC_IRQHandler
                0x080025b0                ETH_IRQHandler
                0x080025b0                OTG_HS_EP1_OUT_IRQHandler
                0x080025b0                WWDG_IRQHandler
                0x080025b0                TIM2_IRQHandler
                0x080025b0                OTG_FS_WKUP_IRQHandler
                0x080025b0                TIM1_TRG_COM_TIM11_IRQHandler
                0x080025b0                OTG_HS_IRQHandler
                0x080025b0                EXTI1_IRQHandler
                0x080025b0                USART2_IRQHandler
                0x080025b0                I2C2_ER_IRQHandler
                0x080025b0                DMA2_Stream1_IRQHandler
                0x080025b0                CAN1_SCE_IRQHandler
                0x080025b0                FLASH_IRQHandler
                0x080025b0                DMA2_Stream4_IRQHandler
                0x080025b0                USART1_IRQHandler
                0x080025b0                OTG_FS_IRQHandler
                0x080025b0                SPI3_IRQHandler
                0x080025b0                DMA1_Stream4_IRQHandler
                0x080025b0                I2C1_ER_IRQHandler
                0x080025b0                DMA2_Stream6_IRQHandler
                0x080025b0                DMA1_Stream3_IRQHandler
 *fill*         0x080025b2        0x2 
 .text.HAL_InitTick
                0x080025b4       0x4c CMakeFiles/yingshi_to_clion.elf.dir/Drivers/STM32F4xx_HAL_Driver/Src/stm32f4xx_hal.c.obj
                0x080025b4                HAL_InitTick
 .text.HAL_Init
                0x08002600       0x34 CMakeFiles/yingshi_to_clion.elf.dir/Drivers/STM32F4xx_HAL_Driver/Src/stm32f4xx_hal.c.obj
                0x08002600                HAL_Init
 .text.HAL_IncTick
                0x08002634       0x18 CMakeFiles/yingshi_to_clion.elf.dir/Drivers/STM32F4xx_HAL_Driver/Src/stm32f4xx_hal.c.obj
                0x08002634                HAL_IncTick
 .text.HAL_GetTick
                0x0800264c        0xc CMakeFiles/yingshi_to_clion.elf.dir/Drivers/STM32F4xx_HAL_Driver/Src/stm32f4xx_hal.c.obj
                0x0800264c                HAL_GetTick
 .text.HAL_Delay
                0x08002658       0x28 CMakeFiles/yingshi_to_clion.elf.dir/Drivers/STM32F4xx_HAL_Driver/Src/stm32f4xx_hal.c.obj
                0x08002658                HAL_Delay
 .text.HAL_NVIC_SetPriorityGrouping
                0x08002680       0x24 CMakeFiles/yingshi_to_clion.elf.dir/Drivers/STM32F4xx_HAL_Driver/Src/stm32f4xx_hal_cortex.c.obj
                0x08002680                HAL_NVIC_SetPriorityGrouping
 .text.HAL_NVIC_SetPriority
                0x080026a4       0x70 CMakeFiles/yingshi_to_clion.elf.dir/Drivers/STM32F4xx_HAL_Driver/Src/stm32f4xx_hal_cortex.c.obj
                0x080026a4                HAL_NVIC_SetPriority
 .text.HAL_NVIC_EnableIRQ
                0x08002714       0x1c CMakeFiles/yingshi_to_clion.elf.dir/Drivers/STM32F4xx_HAL_Driver/Src/stm32f4xx_hal_cortex.c.obj
                0x08002714                HAL_NVIC_EnableIRQ
 .text.HAL_SYSTICK_Config
                0x08002730       0x28 CMakeFiles/yingshi_to_clion.elf.dir/Drivers/STM32F4xx_HAL_Driver/Src/stm32f4xx_hal_cortex.c.obj
                0x08002730                HAL_SYSTICK_Config
 .text.HAL_SYSTICK_CLKSourceConfig
                0x08002758       0x20 CMakeFiles/yingshi_to_clion.elf.dir/Drivers/STM32F4xx_HAL_Driver/Src/stm32f4xx_hal_cortex.c.obj
                0x08002758                HAL_SYSTICK_CLKSourceConfig
 .text.HAL_SYSTICK_IRQHandler
                0x08002778        0x8 CMakeFiles/yingshi_to_clion.elf.dir/Drivers/STM32F4xx_HAL_Driver/Src/stm32f4xx_hal_cortex.c.obj
                0x08002778                HAL_SYSTICK_IRQHandler
 .text.HAL_GPIO_Init
                0x08002780      0x1e4 CMakeFiles/yingshi_to_clion.elf.dir/Drivers/STM32F4xx_HAL_Driver/Src/stm32f4xx_hal_gpio.c.obj
                0x08002780                HAL_GPIO_Init
 .text.HAL_GPIO_ReadPin
                0x08002964        0xe CMakeFiles/yingshi_to_clion.elf.dir/Drivers/STM32F4xx_HAL_Driver/Src/stm32f4xx_hal_gpio.c.obj
                0x08002964                HAL_GPIO_ReadPin
 .text.HAL_GPIO_WritePin
                0x08002972        0xc CMakeFiles/yingshi_to_clion.elf.dir/Drivers/STM32F4xx_HAL_Driver/Src/stm32f4xx_hal_gpio.c.obj
                0x08002972                HAL_GPIO_WritePin
 *fill*         0x0800297e        0x2 
 .text.HAL_RCC_OscConfig
                0x08002980      0x3f8 CMakeFiles/yingshi_to_clion.elf.dir/Drivers/STM32F4xx_HAL_Driver/Src/stm32f4xx_hal_rcc.c.obj
                0x08002980                HAL_RCC_OscConfig
 .text.HAL_RCC_EnableCSS
                0x08002d78        0xc CMakeFiles/yingshi_to_clion.elf.dir/Drivers/STM32F4xx_HAL_Driver/Src/stm32f4xx_hal_rcc.c.obj
                0x08002d78                HAL_RCC_EnableCSS
 .text.HAL_RCC_GetSysClockFreq
                0x08002d84       0xd4 CMakeFiles/yingshi_to_clion.elf.dir/Drivers/STM32F4xx_HAL_Driver/Src/stm32f4xx_hal_rcc.c.obj
                0x08002d84                HAL_RCC_GetSysClockFreq
 .text.HAL_RCC_ClockConfig
                0x08002e58      0x160 CMakeFiles/yingshi_to_clion.elf.dir/Drivers/STM32F4xx_HAL_Driver/Src/stm32f4xx_hal_rcc.c.obj
                0x08002e58                HAL_RCC_ClockConfig
 .text.HAL_RCC_GetHCLKFreq
                0x08002fb8        0xc CMakeFiles/yingshi_to_clion.elf.dir/Drivers/STM32F4xx_HAL_Driver/Src/stm32f4xx_hal_rcc.c.obj
                0x08002fb8                HAL_RCC_GetHCLKFreq
 .text.HAL_RCC_GetPCLK1Freq
                0x08002fc4       0x20 CMakeFiles/yingshi_to_clion.elf.dir/Drivers/STM32F4xx_HAL_Driver/Src/stm32f4xx_hal_rcc.c.obj
                0x08002fc4                HAL_RCC_GetPCLK1Freq
 .text.HAL_RCC_GetPCLK2Freq
                0x08002fe4       0x20 CMakeFiles/yingshi_to_clion.elf.dir/Drivers/STM32F4xx_HAL_Driver/Src/stm32f4xx_hal_rcc.c.obj
                0x08002fe4                HAL_RCC_GetPCLK2Freq
 .text.TIM_OC1_SetConfig
                0x08003004       0x68 CMakeFiles/yingshi_to_clion.elf.dir/Drivers/STM32F4xx_HAL_Driver/Src/stm32f4xx_hal_tim.c.obj
 .text.TIM_OC3_SetConfig
                0x0800306c       0x70 CMakeFiles/yingshi_to_clion.elf.dir/Drivers/STM32F4xx_HAL_Driver/Src/stm32f4xx_hal_tim.c.obj
 .text.TIM_OC4_SetConfig
                0x080030dc       0x50 CMakeFiles/yingshi_to_clion.elf.dir/Drivers/STM32F4xx_HAL_Driver/Src/stm32f4xx_hal_tim.c.obj
 .text.TIM_TI1_ConfigInputStage
                0x0800312c       0x24 CMakeFiles/yingshi_to_clion.elf.dir/Drivers/STM32F4xx_HAL_Driver/Src/stm32f4xx_hal_tim.c.obj
 .text.TIM_TI2_ConfigInputStage
                0x08003150       0x26 CMakeFiles/yingshi_to_clion.elf.dir/Drivers/STM32F4xx_HAL_Driver/Src/stm32f4xx_hal_tim.c.obj
 .text.TIM_ITRx_SetConfig
                0x08003176       0x10 CMakeFiles/yingshi_to_clion.elf.dir/Drivers/STM32F4xx_HAL_Driver/Src/stm32f4xx_hal_tim.c.obj
 .text.HAL_TIM_PWM_MspInit
                0x08003186        0x2 CMakeFiles/yingshi_to_clion.elf.dir/Drivers/STM32F4xx_HAL_Driver/Src/stm32f4xx_hal_tim.c.obj
                0x08003186                HAL_TIM_PWM_MspInit
 .text.HAL_TIM_GenerateEvent
                0x08003188       0x2a CMakeFiles/yingshi_to_clion.elf.dir/Drivers/STM32F4xx_HAL_Driver/Src/stm32f4xx_hal_tim.c.obj
                0x08003188                HAL_TIM_GenerateEvent
 .text.HAL_TIM_PeriodElapsedCallback
                0x080031b2        0x2 CMakeFiles/yingshi_to_clion.elf.dir/Drivers/STM32F4xx_HAL_Driver/Src/stm32f4xx_hal_tim.c.obj
                0x080031b2                HAL_TIM_PeriodElapsedCallback
 .text.HAL_TIM_OC_DelayElapsedCallback
                0x080031b4        0x2 CMakeFiles/yingshi_to_clion.elf.dir/Drivers/STM32F4xx_HAL_Driver/Src/stm32f4xx_hal_tim.c.obj
                0x080031b4                HAL_TIM_OC_DelayElapsedCallback
 .text.HAL_TIM_PWM_PulseFinishedCallback
                0x080031b6        0x2 CMakeFiles/yingshi_to_clion.elf.dir/Drivers/STM32F4xx_HAL_Driver/Src/stm32f4xx_hal_tim.c.obj
                0x080031b6                HAL_TIM_PWM_PulseFinishedCallback
 .text.HAL_TIM_TriggerCallback
                0x080031b8        0x2 CMakeFiles/yingshi_to_clion.elf.dir/Drivers/STM32F4xx_HAL_Driver/Src/stm32f4xx_hal_tim.c.obj
                0x080031b8                HAL_TIM_TriggerCallback
 .text.HAL_TIM_IRQHandler
                0x080031ba      0x17a CMakeFiles/yingshi_to_clion.elf.dir/Drivers/STM32F4xx_HAL_Driver/Src/stm32f4xx_hal_tim.c.obj
                0x080031ba                HAL_TIM_IRQHandler
 .text.TIM_Base_SetConfig
                0x08003334       0xc8 CMakeFiles/yingshi_to_clion.elf.dir/Drivers/STM32F4xx_HAL_Driver/Src/stm32f4xx_hal_tim.c.obj
                0x08003334                TIM_Base_SetConfig
 .text.HAL_TIM_Base_Init
                0x080033fc       0x58 CMakeFiles/yingshi_to_clion.elf.dir/Drivers/STM32F4xx_HAL_Driver/Src/stm32f4xx_hal_tim.c.obj
                0x080033fc                HAL_TIM_Base_Init
 .text.HAL_TIM_PWM_Init
                0x08003454       0x58 CMakeFiles/yingshi_to_clion.elf.dir/Drivers/STM32F4xx_HAL_Driver/Src/stm32f4xx_hal_tim.c.obj
                0x08003454                HAL_TIM_PWM_Init
 .text.TIM_OC2_SetConfig
                0x080034ac       0x70 CMakeFiles/yingshi_to_clion.elf.dir/Drivers/STM32F4xx_HAL_Driver/Src/stm32f4xx_hal_tim.c.obj
                0x080034ac                TIM_OC2_SetConfig
 .text.HAL_TIM_PWM_ConfigChannel
                0x0800351c       0xdc CMakeFiles/yingshi_to_clion.elf.dir/Drivers/STM32F4xx_HAL_Driver/Src/stm32f4xx_hal_tim.c.obj
                0x0800351c                HAL_TIM_PWM_ConfigChannel
 .text.TIM_TI1_SetConfig
                0x080035f8       0x7c CMakeFiles/yingshi_to_clion.elf.dir/Drivers/STM32F4xx_HAL_Driver/Src/stm32f4xx_hal_tim.c.obj
                0x080035f8                TIM_TI1_SetConfig
 .text.TIM_ETR_SetConfig
                0x08003674       0x18 CMakeFiles/yingshi_to_clion.elf.dir/Drivers/STM32F4xx_HAL_Driver/Src/stm32f4xx_hal_tim.c.obj
                0x08003674                TIM_ETR_SetConfig
 .text.HAL_TIM_ConfigClockSource
                0x0800368c       0xfe CMakeFiles/yingshi_to_clion.elf.dir/Drivers/STM32F4xx_HAL_Driver/Src/stm32f4xx_hal_tim.c.obj
                0x0800368c                HAL_TIM_ConfigClockSource
 .text.TIM_CCxChannelCmd
                0x0800378a       0x1e CMakeFiles/yingshi_to_clion.elf.dir/Drivers/STM32F4xx_HAL_Driver/Src/stm32f4xx_hal_tim.c.obj
                0x0800378a                TIM_CCxChannelCmd
 .text.HAL_TIM_PWM_Start
                0x080037a8      0x104 CMakeFiles/yingshi_to_clion.elf.dir/Drivers/STM32F4xx_HAL_Driver/Src/stm32f4xx_hal_tim.c.obj
                0x080037a8                HAL_TIM_PWM_Start
 .text.HAL_TIM_PWM_Stop
                0x080038ac       0x8c CMakeFiles/yingshi_to_clion.elf.dir/Drivers/STM32F4xx_HAL_Driver/Src/stm32f4xx_hal_tim.c.obj
                0x080038ac                HAL_TIM_PWM_Stop
 .text.TIM_CCxNChannelCmd
                0x08003938       0x1e CMakeFiles/yingshi_to_clion.elf.dir/Drivers/STM32F4xx_HAL_Driver/Src/stm32f4xx_hal_tim_ex.c.obj
 .text.HAL_TIMEx_HallSensor_Init
                0x08003956       0xd4 CMakeFiles/yingshi_to_clion.elf.dir/Drivers/STM32F4xx_HAL_Driver/Src/stm32f4xx_hal_tim_ex.c.obj
                0x08003956                HAL_TIMEx_HallSensor_Init
 *fill*         0x08003a2a        0x2 
 .text.HAL_TIMEx_HallSensor_Start_IT
                0x08003a2c       0xc8 CMakeFiles/yingshi_to_clion.elf.dir/Drivers/STM32F4xx_HAL_Driver/Src/stm32f4xx_hal_tim_ex.c.obj
                0x08003a2c                HAL_TIMEx_HallSensor_Start_IT
 .text.HAL_TIMEx_HallSensor_Stop_IT
                0x08003af4       0x4c CMakeFiles/yingshi_to_clion.elf.dir/Drivers/STM32F4xx_HAL_Driver/Src/stm32f4xx_hal_tim_ex.c.obj
                0x08003af4                HAL_TIMEx_HallSensor_Stop_IT
 .text.HAL_TIMEx_PWMN_Start
                0x08003b40       0xf8 CMakeFiles/yingshi_to_clion.elf.dir/Drivers/STM32F4xx_HAL_Driver/Src/stm32f4xx_hal_tim_ex.c.obj
                0x08003b40                HAL_TIMEx_PWMN_Start
 .text.HAL_TIMEx_PWMN_Stop
                0x08003c38       0x76 CMakeFiles/yingshi_to_clion.elf.dir/Drivers/STM32F4xx_HAL_Driver/Src/stm32f4xx_hal_tim_ex.c.obj
                0x08003c38                HAL_TIMEx_PWMN_Stop
 *fill*         0x08003cae        0x2 
 .text.HAL_TIMEx_MasterConfigSynchronization
                0x08003cb0       0x8c CMakeFiles/yingshi_to_clion.elf.dir/Drivers/STM32F4xx_HAL_Driver/Src/stm32f4xx_hal_tim_ex.c.obj
                0x08003cb0                HAL_TIMEx_MasterConfigSynchronization
 .text.HAL_TIMEx_ConfigBreakDeadTime
                0x08003d3c       0x52 CMakeFiles/yingshi_to_clion.elf.dir/Drivers/STM32F4xx_HAL_Driver/Src/stm32f4xx_hal_tim_ex.c.obj
                0x08003d3c                HAL_TIMEx_ConfigBreakDeadTime
 .text.HAL_TIMEx_CommutCallback
                0x08003d8e        0x2 CMakeFiles/yingshi_to_clion.elf.dir/Drivers/STM32F4xx_HAL_Driver/Src/stm32f4xx_hal_tim_ex.c.obj
                0x08003d8e                HAL_TIMEx_CommutCallback
 .text.HAL_TIMEx_BreakCallback
                0x08003d90        0x2 CMakeFiles/yingshi_to_clion.elf.dir/Drivers/STM32F4xx_HAL_Driver/Src/stm32f4xx_hal_tim_ex.c.obj
                0x08003d90                HAL_TIMEx_BreakCallback
 *fill*         0x08003d92        0x2 
 .text.UART_SetConfig
                0x08003d94      0x110 CMakeFiles/yingshi_to_clion.elf.dir/Drivers/STM32F4xx_HAL_Driver/Src/stm32f4xx_hal_uart.c.obj
 .text.UART_WaitOnFlagUntilTimeout
                0x08003ea4       0x88 CMakeFiles/yingshi_to_clion.elf.dir/Drivers/STM32F4xx_HAL_Driver/Src/stm32f4xx_hal_uart.c.obj
 .text.HAL_UART_Init
                0x08003f2c       0x5e CMakeFiles/yingshi_to_clion.elf.dir/Drivers/STM32F4xx_HAL_Driver/Src/stm32f4xx_hal_uart.c.obj
                0x08003f2c                HAL_UART_Init
 .text.HAL_UART_Transmit
                0x08003f8a       0xd8 CMakeFiles/yingshi_to_clion.elf.dir/Drivers/STM32F4xx_HAL_Driver/Src/stm32f4xx_hal_uart.c.obj
                0x08003f8a                HAL_UART_Transmit
 .text.HAL_UART_Receive
                0x08004062       0xe4 CMakeFiles/yingshi_to_clion.elf.dir/Drivers/STM32F4xx_HAL_Driver/Src/stm32f4xx_hal_uart.c.obj
                0x08004062                HAL_UART_Receive
 *fill*         0x08004146        0x2 
 .text.__errno  0x08004148        0xc c:/progra~1/gcc-ar~1.10/bin/../lib/gcc/arm-none-eabi/10.3.1/../../../../arm-none-eabi/lib/thumb/v7e-m/nofp\libg.a(lib_a-errno.o)
                0x08004148                __errno
 .text.__libc_init_array
                0x08004154       0x48 c:/progra~1/gcc-ar~1.10/bin/../lib/gcc/arm-none-eabi/10.3.1/../../../../arm-none-eabi/lib/thumb/v7e-m/nofp\libg.a(lib_a-init.o)
                0x08004154                __libc_init_array
 .text.memset   0x0800419c       0xa4 c:/progra~1/gcc-ar~1.10/bin/../lib/gcc/arm-none-eabi/10.3.1/../../../../arm-none-eabi/lib/thumb/v7e-m/nofp\libg.a(lib_a-memset.o)
                0x0800419c                memset
 .text.printf   0x08004240       0x28 c:/progra~1/gcc-ar~1.10/bin/../lib/gcc/arm-none-eabi/10.3.1/../../../../arm-none-eabi/lib/thumb/v7e-m/nofp\libg.a(lib_a-printf.o)
                0x08004240                printf
 .text._puts_r  0x08004268       0x9c c:/progra~1/gcc-ar~1.10/bin/../lib/gcc/arm-none-eabi/10.3.1/../../../../arm-none-eabi/lib/thumb/v7e-m/nofp\libg.a(lib_a-puts.o)
                0x08004268                _puts_r
 .text.puts     0x08004304       0x10 c:/progra~1/gcc-ar~1.10/bin/../lib/gcc/arm-none-eabi/10.3.1/../../../../arm-none-eabi/lib/thumb/v7e-m/nofp\libg.a(lib_a-puts.o)
                0x08004304                puts
 .text.setvbuf  0x08004314      0x1b0 c:/progra~1/gcc-ar~1.10/bin/../lib/gcc/arm-none-eabi/10.3.1/../../../../arm-none-eabi/lib/thumb/v7e-m/nofp\libg.a(lib_a-setvbuf.o)
                0x08004314                setvbuf
 .text._vfprintf_r
                0x080044c4     0x1ad4 c:/progra~1/gcc-ar~1.10/bin/../lib/gcc/arm-none-eabi/10.3.1/../../../../arm-none-eabi/lib/thumb/v7e-m/nofp\libg.a(lib_a-vfprintf.o)
                0x080044c4                _vfprintf_r
 .text.__sbprintf
                0x08005f98       0x80 c:/progra~1/gcc-ar~1.10/bin/../lib/gcc/arm-none-eabi/10.3.1/../../../../arm-none-eabi/lib/thumb/v7e-m/nofp\libg.a(lib_a-vfprintf.o)
 .text.__swsetup_r
                0x08006018       0xd4 c:/progra~1/gcc-ar~1.10/bin/../lib/gcc/arm-none-eabi/10.3.1/../../../../arm-none-eabi/lib/thumb/v7e-m/nofp\libg.a(lib_a-wsetup.o)
                0x08006018                __swsetup_r
 .text.startup.register_fini
                0x080060ec       0x14 c:/progra~1/gcc-ar~1.10/bin/../lib/gcc/arm-none-eabi/10.3.1/../../../../arm-none-eabi/lib/thumb/v7e-m/nofp\libg.a(lib_a-__call_atexit.o)
 .text.atexit   0x08006100        0xc c:/progra~1/gcc-ar~1.10/bin/../lib/gcc/arm-none-eabi/10.3.1/../../../../arm-none-eabi/lib/thumb/v7e-m/nofp\libg.a(lib_a-atexit.o)
                0x08006100                atexit
 .text.quorem   0x0800610c      0x124 c:/progra~1/gcc-ar~1.10/bin/../lib/gcc/arm-none-eabi/10.3.1/../../../../arm-none-eabi/lib/thumb/v7e-m/nofp\libg.a(lib_a-dtoa.o)
 .text._dtoa_r  0x08006230      0xec4 c:/progra~1/gcc-ar~1.10/bin/../lib/gcc/arm-none-eabi/10.3.1/../../../../arm-none-eabi/lib/thumb/v7e-m/nofp\libg.a(lib_a-dtoa.o)
                0x08006230                _dtoa_r
 .text.__sflush_r
                0x080070f4      0x120 c:/progra~1/gcc-ar~1.10/bin/../lib/gcc/arm-none-eabi/10.3.1/../../../../arm-none-eabi/lib/thumb/v7e-m/nofp\libg.a(lib_a-fflush.o)
                0x080070f4                __sflush_r
 .text._fflush_r
                0x08007214       0x5c c:/progra~1/gcc-ar~1.10/bin/../lib/gcc/arm-none-eabi/10.3.1/../../../../arm-none-eabi/lib/thumb/v7e-m/nofp\libg.a(lib_a-fflush.o)
                0x08007214                _fflush_r
 .text._cleanup_r
                0x08007270        0xc c:/progra~1/gcc-ar~1.10/bin/../lib/gcc/arm-none-eabi/10.3.1/../../../../arm-none-eabi/lib/thumb/v7e-m/nofp\libg.a(lib_a-findfp.o)
                0x08007270                _cleanup_r
 .text.__sinit  0x0800727c      0x10c c:/progra~1/gcc-ar~1.10/bin/../lib/gcc/arm-none-eabi/10.3.1/../../../../arm-none-eabi/lib/thumb/v7e-m/nofp\libg.a(lib_a-findfp.o)
                0x0800727c                __sinit
 .text.__sfp_lock_acquire
                0x08007388        0xc c:/progra~1/gcc-ar~1.10/bin/../lib/gcc/arm-none-eabi/10.3.1/../../../../arm-none-eabi/lib/thumb/v7e-m/nofp\libg.a(lib_a-findfp.o)
                0x08007388                __sfp_lock_acquire
 .text.__sfp_lock_release
                0x08007394        0xc c:/progra~1/gcc-ar~1.10/bin/../lib/gcc/arm-none-eabi/10.3.1/../../../../arm-none-eabi/lib/thumb/v7e-m/nofp\libg.a(lib_a-findfp.o)
                0x08007394                __sfp_lock_release
 .text.__libc_fini_array
                0x080073a0       0x2c c:/progra~1/gcc-ar~1.10/bin/../lib/gcc/arm-none-eabi/10.3.1/../../../../arm-none-eabi/lib/thumb/v7e-m/nofp\libg.a(lib_a-fini.o)
                0x080073a0                __libc_fini_array
 .text._malloc_trim_r
                0x080073cc       0xa0 c:/progra~1/gcc-ar~1.10/bin/../lib/gcc/arm-none-eabi/10.3.1/../../../../arm-none-eabi/lib/thumb/v7e-m/nofp\libg.a(lib_a-freer.o)
                0x080073cc                _malloc_trim_r
 .text._free_r  0x0800746c      0x20c c:/progra~1/gcc-ar~1.10/bin/../lib/gcc/arm-none-eabi/10.3.1/../../../../arm-none-eabi/lib/thumb/v7e-m/nofp\libg.a(lib_a-freer.o)
                0x0800746c                _free_r
 .text.__sfvwrite_r
                0x08007678      0x2e8 c:/progra~1/gcc-ar~1.10/bin/../lib/gcc/arm-none-eabi/10.3.1/../../../../arm-none-eabi/lib/thumb/v7e-m/nofp\libg.a(lib_a-fvwrite.o)
                0x08007678                __sfvwrite_r
 .text._fwalk_reent
                0x08007960       0x48 c:/progra~1/gcc-ar~1.10/bin/../lib/gcc/arm-none-eabi/10.3.1/../../../../arm-none-eabi/lib/thumb/v7e-m/nofp\libg.a(lib_a-fwalk.o)
                0x08007960                _fwalk_reent
 .text._localeconv_r
                0x080079a8        0x8 c:/progra~1/gcc-ar~1.10/bin/../lib/gcc/arm-none-eabi/10.3.1/../../../../arm-none-eabi/lib/thumb/v7e-m/nofp\libg.a(lib_a-localeconv.o)
                0x080079a8                _localeconv_r
 .text.__retarget_lock_init_recursive
                0x080079b0        0x4 c:/progra~1/gcc-ar~1.10/bin/../lib/gcc/arm-none-eabi/10.3.1/../../../../arm-none-eabi/lib/thumb/v7e-m/nofp\libg.a(lib_a-lock.o)
                0x080079b0                __retarget_lock_init_recursive
 .text.__retarget_lock_close_recursive
                0x080079b4        0x4 c:/progra~1/gcc-ar~1.10/bin/../lib/gcc/arm-none-eabi/10.3.1/../../../../arm-none-eabi/lib/thumb/v7e-m/nofp\libg.a(lib_a-lock.o)
                0x080079b4                __retarget_lock_close_recursive
 .text.__retarget_lock_acquire_recursive
                0x080079b8        0x4 c:/progra~1/gcc-ar~1.10/bin/../lib/gcc/arm-none-eabi/10.3.1/../../../../arm-none-eabi/lib/thumb/v7e-m/nofp\libg.a(lib_a-lock.o)
                0x080079b8                __retarget_lock_acquire_recursive
 .text.__retarget_lock_release_recursive
                0x080079bc        0x4 c:/progra~1/gcc-ar~1.10/bin/../lib/gcc/arm-none-eabi/10.3.1/../../../../arm-none-eabi/lib/thumb/v7e-m/nofp\libg.a(lib_a-lock.o)
                0x080079bc                __retarget_lock_release_recursive
 .text.__smakebuf_r
                0x080079c0       0xe0 c:/progra~1/gcc-ar~1.10/bin/../lib/gcc/arm-none-eabi/10.3.1/../../../../arm-none-eabi/lib/thumb/v7e-m/nofp\libg.a(lib_a-makebuf.o)
                0x080079c0                __smakebuf_r
 .text.__swhatbuf_r
                0x08007aa0       0x60 c:/progra~1/gcc-ar~1.10/bin/../lib/gcc/arm-none-eabi/10.3.1/../../../../arm-none-eabi/lib/thumb/v7e-m/nofp\libg.a(lib_a-makebuf.o)
                0x08007aa0                __swhatbuf_r
 .text.malloc   0x08007b00       0x10 c:/progra~1/gcc-ar~1.10/bin/../lib/gcc/arm-none-eabi/10.3.1/../../../../arm-none-eabi/lib/thumb/v7e-m/nofp\libg.a(lib_a-malloc.o)
                0x08007b00                malloc
 .text._malloc_r
                0x08007b10      0x560 c:/progra~1/gcc-ar~1.10/bin/../lib/gcc/arm-none-eabi/10.3.1/../../../../arm-none-eabi/lib/thumb/v7e-m/nofp\libg.a(lib_a-mallocr.o)
                0x08007b10                _malloc_r
 .text.memmove  0x08008070       0xf8 c:/progra~1/gcc-ar~1.10/bin/../lib/gcc/arm-none-eabi/10.3.1/../../../../arm-none-eabi/lib/thumb/v7e-m/nofp\libg.a(lib_a-memmove.o)
                0x08008070                memmove
 .text.__malloc_lock
                0x08008168        0xc c:/progra~1/gcc-ar~1.10/bin/../lib/gcc/arm-none-eabi/10.3.1/../../../../arm-none-eabi/lib/thumb/v7e-m/nofp\libg.a(lib_a-mlock.o)
                0x08008168                __malloc_lock
 .text.__malloc_unlock
                0x08008174        0xc c:/progra~1/gcc-ar~1.10/bin/../lib/gcc/arm-none-eabi/10.3.1/../../../../arm-none-eabi/lib/thumb/v7e-m/nofp\libg.a(lib_a-mlock.o)
                0x08008174                __malloc_unlock
 .text._Balloc  0x08008180       0x4c c:/progra~1/gcc-ar~1.10/bin/../lib/gcc/arm-none-eabi/10.3.1/../../../../arm-none-eabi/lib/thumb/v7e-m/nofp\libg.a(lib_a-mprec.o)
                0x08008180                _Balloc
 .text._Bfree   0x080081cc       0x14 c:/progra~1/gcc-ar~1.10/bin/../lib/gcc/arm-none-eabi/10.3.1/../../../../arm-none-eabi/lib/thumb/v7e-m/nofp\libg.a(lib_a-mprec.o)
                0x080081cc                _Bfree
 .text.__multadd
                0x080081e0       0xa0 c:/progra~1/gcc-ar~1.10/bin/../lib/gcc/arm-none-eabi/10.3.1/../../../../arm-none-eabi/lib/thumb/v7e-m/nofp\libg.a(lib_a-mprec.o)
                0x080081e0                __multadd
 .text.__hi0bits
                0x08008280       0x40 c:/progra~1/gcc-ar~1.10/bin/../lib/gcc/arm-none-eabi/10.3.1/../../../../arm-none-eabi/lib/thumb/v7e-m/nofp\libg.a(lib_a-mprec.o)
                0x08008280                __hi0bits
 .text.__lo0bits
                0x080082c0       0x5c c:/progra~1/gcc-ar~1.10/bin/../lib/gcc/arm-none-eabi/10.3.1/../../../../arm-none-eabi/lib/thumb/v7e-m/nofp\libg.a(lib_a-mprec.o)
                0x080082c0                __lo0bits
 .text.__i2b    0x0800831c       0x5c c:/progra~1/gcc-ar~1.10/bin/../lib/gcc/arm-none-eabi/10.3.1/../../../../arm-none-eabi/lib/thumb/v7e-m/nofp\libg.a(lib_a-mprec.o)
                0x0800831c                __i2b
 .text.__multiply
                0x08008378      0x15c c:/progra~1/gcc-ar~1.10/bin/../lib/gcc/arm-none-eabi/10.3.1/../../../../arm-none-eabi/lib/thumb/v7e-m/nofp\libg.a(lib_a-mprec.o)
                0x08008378                __multiply
 .text.__pow5mult
                0x080084d4       0xc0 c:/progra~1/gcc-ar~1.10/bin/../lib/gcc/arm-none-eabi/10.3.1/../../../../arm-none-eabi/lib/thumb/v7e-m/nofp\libg.a(lib_a-mprec.o)
                0x080084d4                __pow5mult
 .text.__lshift
                0x08008594       0xf0 c:/progra~1/gcc-ar~1.10/bin/../lib/gcc/arm-none-eabi/10.3.1/../../../../arm-none-eabi/lib/thumb/v7e-m/nofp\libg.a(lib_a-mprec.o)
                0x08008594                __lshift
 .text.__mcmp   0x08008684       0x40 c:/progra~1/gcc-ar~1.10/bin/../lib/gcc/arm-none-eabi/10.3.1/../../../../arm-none-eabi/lib/thumb/v7e-m/nofp\libg.a(lib_a-mprec.o)
                0x08008684                __mcmp
 .text.__mdiff  0x080086c4      0x14c c:/progra~1/gcc-ar~1.10/bin/../lib/gcc/arm-none-eabi/10.3.1/../../../../arm-none-eabi/lib/thumb/v7e-m/nofp\libg.a(lib_a-mprec.o)
                0x080086c4                __mdiff
 .text.__d2b    0x08008810       0xc4 c:/progra~1/gcc-ar~1.10/bin/../lib/gcc/arm-none-eabi/10.3.1/../../../../arm-none-eabi/lib/thumb/v7e-m/nofp\libg.a(lib_a-mprec.o)
                0x08008810                __d2b
 .text._realloc_r
                0x080088d4      0x3d8 c:/progra~1/gcc-ar~1.10/bin/../lib/gcc/arm-none-eabi/10.3.1/../../../../arm-none-eabi/lib/thumb/v7e-m/nofp\libg.a(lib_a-reallocr.o)
                0x080088d4                _realloc_r
 .text.frexp    0x08008cac       0x70 c:/progra~1/gcc-ar~1.10/bin/../lib/gcc/arm-none-eabi/10.3.1/../../../../arm-none-eabi/lib/thumb/v7e-m/nofp\libg.a(lib_a-s_frexp.o)
                0x08008cac                frexp
 .text._sbrk_r  0x08008d1c       0x24 c:/progra~1/gcc-ar~1.10/bin/../lib/gcc/arm-none-eabi/10.3.1/../../../../arm-none-eabi/lib/thumb/v7e-m/nofp\libg.a(lib_a-sbrkr.o)
                0x08008d1c                _sbrk_r
 .text.__sread  0x08008d40       0x24 c:/progra~1/gcc-ar~1.10/bin/../lib/gcc/arm-none-eabi/10.3.1/../../../../arm-none-eabi/lib/thumb/v7e-m/nofp\libg.a(lib_a-stdio.o)
                0x08008d40                __sread
 .text.__swrite
                0x08008d64       0x40 c:/progra~1/gcc-ar~1.10/bin/../lib/gcc/arm-none-eabi/10.3.1/../../../../arm-none-eabi/lib/thumb/v7e-m/nofp\libg.a(lib_a-stdio.o)
                0x08008d64                __swrite
 .text.__sseek  0x08008da4       0x20 c:/progra~1/gcc-ar~1.10/bin/../lib/gcc/arm-none-eabi/10.3.1/../../../../arm-none-eabi/lib/thumb/v7e-m/nofp\libg.a(lib_a-stdio.o)
                0x08008da4                __sseek
 .text.__sclose
                0x08008dc4        0x8 c:/progra~1/gcc-ar~1.10/bin/../lib/gcc/arm-none-eabi/10.3.1/../../../../arm-none-eabi/lib/thumb/v7e-m/nofp\libg.a(lib_a-stdio.o)
                0x08008dc4                __sclose
 .text.strncpy  0x08008dcc       0x64 c:/progra~1/gcc-ar~1.10/bin/../lib/gcc/arm-none-eabi/10.3.1/../../../../arm-none-eabi/lib/thumb/v7e-m/nofp\libg.a(lib_a-strncpy.o)
                0x08008dcc                strncpy
 .text.__sprint_r.part.0
                0x08008e30       0x78 c:/progra~1/gcc-ar~1.10/bin/../lib/gcc/arm-none-eabi/10.3.1/../../../../arm-none-eabi/lib/thumb/v7e-m/nofp\libg.a(lib_a-vfiprintf.o)
 .text.__sprint_r
                0x08008ea8       0x14 c:/progra~1/gcc-ar~1.10/bin/../lib/gcc/arm-none-eabi/10.3.1/../../../../arm-none-eabi/lib/thumb/v7e-m/nofp\libg.a(lib_a-vfiprintf.o)
                0x08008ea8                __sprint_r
 .text._vfiprintf_r
                0x08008ebc      0xda0 c:/progra~1/gcc-ar~1.10/bin/../lib/gcc/arm-none-eabi/10.3.1/../../../../arm-none-eabi/lib/thumb/v7e-m/nofp\libg.a(lib_a-vfiprintf.o)
                0x08008ebc                _vfiprintf_r
 .text.__sbprintf
                0x08009c5c       0x80 c:/progra~1/gcc-ar~1.10/bin/../lib/gcc/arm-none-eabi/10.3.1/../../../../arm-none-eabi/lib/thumb/v7e-m/nofp\libg.a(lib_a-vfiprintf.o)
 .text._write_r
                0x08009cdc       0x2c c:/progra~1/gcc-ar~1.10/bin/../lib/gcc/arm-none-eabi/10.3.1/../../../../arm-none-eabi/lib/thumb/v7e-m/nofp\libg.a(lib_a-writer.o)
                0x08009cdc                _write_r
 .text.__register_exitproc
                0x08009d08       0x8c c:/progra~1/gcc-ar~1.10/bin/../lib/gcc/arm-none-eabi/10.3.1/../../../../arm-none-eabi/lib/thumb/v7e-m/nofp\libg.a(lib_a-__atexit.o)
                0x08009d08                __register_exitproc
 .text.__assert_func
                0x08009d94       0x40 c:/progra~1/gcc-ar~1.10/bin/../lib/gcc/arm-none-eabi/10.3.1/../../../../arm-none-eabi/lib/thumb/v7e-m/nofp\libg.a(lib_a-assert.o)
                0x08009d94                __assert_func
 .text._calloc_r
                0x08009dd4       0x78 c:/progra~1/gcc-ar~1.10/bin/../lib/gcc/arm-none-eabi/10.3.1/../../../../arm-none-eabi/lib/thumb/v7e-m/nofp\libg.a(lib_a-callocr.o)
                0x08009dd4                _calloc_r
 .text._close_r
                0x08009e4c       0x24 c:/progra~1/gcc-ar~1.10/bin/../lib/gcc/arm-none-eabi/10.3.1/../../../../arm-none-eabi/lib/thumb/v7e-m/nofp\libg.a(lib_a-closer.o)
                0x08009e4c                _close_r
 .text._fclose_r
                0x08009e70       0xcc c:/progra~1/gcc-ar~1.10/bin/../lib/gcc/arm-none-eabi/10.3.1/../../../../arm-none-eabi/lib/thumb/v7e-m/nofp\libg.a(lib_a-fclose.o)
                0x08009e70                _fclose_r
 .text.fiprintf
                0x08009f3c       0x28 c:/progra~1/gcc-ar~1.10/bin/../lib/gcc/arm-none-eabi/10.3.1/../../../../arm-none-eabi/lib/thumb/v7e-m/nofp\libg.a(lib_a-fiprintf.o)
                0x08009f3c                fiprintf
 .text.__fputwc
                0x08009f64       0xa8 c:/progra~1/gcc-ar~1.10/bin/../lib/gcc/arm-none-eabi/10.3.1/../../../../arm-none-eabi/lib/thumb/v7e-m/nofp\libg.a(lib_a-fputwc.o)
                0x08009f64                __fputwc
 .text._fputwc_r
                0x0800a00c       0x68 c:/progra~1/gcc-ar~1.10/bin/../lib/gcc/arm-none-eabi/10.3.1/../../../../arm-none-eabi/lib/thumb/v7e-m/nofp\libg.a(lib_a-fputwc.o)
                0x0800a00c                _fputwc_r
 .text._fstat_r
                0x0800a074       0x2c c:/progra~1/gcc-ar~1.10/bin/../lib/gcc/arm-none-eabi/10.3.1/../../../../arm-none-eabi/lib/thumb/v7e-m/nofp\libg.a(lib_a-fstatr.o)
                0x0800a074                _fstat_r
 .text._isatty_r
                0x0800a0a0       0x24 c:/progra~1/gcc-ar~1.10/bin/../lib/gcc/arm-none-eabi/10.3.1/../../../../arm-none-eabi/lib/thumb/v7e-m/nofp\libg.a(lib_a-isattyr.o)
                0x0800a0a0                _isatty_r
 .text.__locale_mb_cur_max
                0x0800a0c4        0xc c:/progra~1/gcc-ar~1.10/bin/../lib/gcc/arm-none-eabi/10.3.1/../../../../arm-none-eabi/lib/thumb/v7e-m/nofp\libg.a(lib_a-locale.o)
                0x0800a0c4                __locale_mb_cur_max
 .text._lseek_r
                0x0800a0d0       0x2c c:/progra~1/gcc-ar~1.10/bin/../lib/gcc/arm-none-eabi/10.3.1/../../../../arm-none-eabi/lib/thumb/v7e-m/nofp\libg.a(lib_a-lseekr.o)
                0x0800a0d0                _lseek_r
 .text.__ascii_mbtowc
                0x0800a0fc       0x2c c:/progra~1/gcc-ar~1.10/bin/../lib/gcc/arm-none-eabi/10.3.1/../../../../arm-none-eabi/lib/thumb/v7e-m/nofp\libg.a(lib_a-mbtowc_r.o)
                0x0800a0fc                __ascii_mbtowc
 .text._read_r  0x0800a128       0x2c c:/progra~1/gcc-ar~1.10/bin/../lib/gcc/arm-none-eabi/10.3.1/../../../../arm-none-eabi/lib/thumb/v7e-m/nofp\libg.a(lib_a-readr.o)
                0x0800a128                _read_r
 .text.__swbuf_r
                0x0800a154       0xb0 c:/progra~1/gcc-ar~1.10/bin/../lib/gcc/arm-none-eabi/10.3.1/../../../../arm-none-eabi/lib/thumb/v7e-m/nofp\libg.a(lib_a-wbuf.o)
                0x0800a154                __swbuf_r
 .text._wcrtomb_r
                0x0800a204       0x3c c:/progra~1/gcc-ar~1.10/bin/../lib/gcc/arm-none-eabi/10.3.1/../../../../arm-none-eabi/lib/thumb/v7e-m/nofp\libg.a(lib_a-wcrtomb.o)
                0x0800a204                _wcrtomb_r
 .text.__ascii_wctomb
                0x0800a240       0x1c c:/progra~1/gcc-ar~1.10/bin/../lib/gcc/arm-none-eabi/10.3.1/../../../../arm-none-eabi/lib/thumb/v7e-m/nofp\libg.a(lib_a-wctomb_r.o)
                0x0800a240                __ascii_wctomb
 .text.abort    0x0800a25c       0x10 c:/progra~1/gcc-ar~1.10/bin/../lib/gcc/arm-none-eabi/10.3.1/../../../../arm-none-eabi/lib/thumb/v7e-m/nofp\libg.a(lib_a-abort.o)
                0x0800a25c                abort
 .text.raise    0x0800a26c       0x5c c:/progra~1/gcc-ar~1.10/bin/../lib/gcc/arm-none-eabi/10.3.1/../../../../arm-none-eabi/lib/thumb/v7e-m/nofp\libg.a(lib_a-signal.o)
                0x0800a26c                raise
 .text._kill_r  0x0800a2c8       0x2c c:/progra~1/gcc-ar~1.10/bin/../lib/gcc/arm-none-eabi/10.3.1/../../../../arm-none-eabi/lib/thumb/v7e-m/nofp\libg.a(lib_a-signalr.o)
                0x0800a2c8                _kill_r
 .text._getpid_r
                0x0800a2f4        0x4 c:/progra~1/gcc-ar~1.10/bin/../lib/gcc/arm-none-eabi/10.3.1/../../../../arm-none-eabi/lib/thumb/v7e-m/nofp\libg.a(lib_a-signalr.o)
                0x0800a2f4                _getpid_r
 *(.glue_7)
 .glue_7        0x0800a2f8        0x0 linker stubs
 *(.glue_7t)
 .glue_7t       0x0800a2f8        0x0 linker stubs
 *(.eh_frame)
 .eh_frame      0x0800a2f8        0x0 c:/progra~1/gcc-ar~1.10/bin/../lib/gcc/arm-none-eabi/10.3.1/thumb/v7e-m/nofp/crtbegin.o
 *(.init)
 .init          0x0800a2f8        0x4 c:/progra~1/gcc-ar~1.10/bin/../lib/gcc/arm-none-eabi/10.3.1/thumb/v7e-m/nofp/crti.o
                0x0800a2f8                _init
 .init          0x0800a2fc        0x8 c:/progra~1/gcc-ar~1.10/bin/../lib/gcc/arm-none-eabi/10.3.1/thumb/v7e-m/nofp/crtn.o
 *(.fini)
 .fini          0x0800a304        0x4 c:/progra~1/gcc-ar~1.10/bin/../lib/gcc/arm-none-eabi/10.3.1/thumb/v7e-m/nofp/crti.o
                0x0800a304                _fini
 .fini          0x0800a308        0x8 c:/progra~1/gcc-ar~1.10/bin/../lib/gcc/arm-none-eabi/10.3.1/thumb/v7e-m/nofp/crtn.o
                0x0800a310                . = ALIGN (0x4)
                0x0800a310                _etext = .

.vfp11_veneer   0x0800a310        0x0
 .vfp11_veneer  0x0800a310        0x0 linker stubs

.v4_bx          0x0800a310        0x0
 .v4_bx         0x0800a310        0x0 linker stubs

.iplt           0x0800a310        0x0
 .iplt          0x0800a310        0x0 c:/progra~1/gcc-ar~1.10/bin/../lib/gcc/arm-none-eabi/10.3.1/thumb/v7e-m/nofp/crtbegin.o

.rodata         0x0800a310      0x578
                0x0800a310                . = ALIGN (0x4)
 *(.rodata)
 *(.rodata*)
 .rodata.HallDirCcw
                0x0800a310        0x7 CMakeFiles/yingshi_to_clion.elf.dir/Core/Src/bsp_hall.c.obj
                0x0800a310                HallDirCcw
 *fill*         0x0800a317        0x1 
 .rodata.main.str1.4
                0x0800a318      0x154 CMakeFiles/yingshi_to_clion.elf.dir/Core/Src/main.c.obj
 .rodata.AHBPrescTable
                0x0800a46c       0x10 CMakeFiles/yingshi_to_clion.elf.dir/Core/Src/system_stm32f4xx.c.obj
                0x0800a46c                AHBPrescTable
 .rodata.APBPrescTable
                0x0800a47c        0x8 CMakeFiles/yingshi_to_clion.elf.dir/Core/Src/system_stm32f4xx.c.obj
                0x0800a47c                APBPrescTable
 .rodata._global_impure_ptr
                0x0800a484        0x4 c:/progra~1/gcc-ar~1.10/bin/../lib/gcc/arm-none-eabi/10.3.1/../../../../arm-none-eabi/lib/thumb/v7e-m/nofp\libg.a(lib_a-impure.o)
                0x0800a484                _global_impure_ptr
 .rodata._puts_r.str1.4
                0x0800a488        0x2 c:/progra~1/gcc-ar~1.10/bin/../lib/gcc/arm-none-eabi/10.3.1/../../../../arm-none-eabi/lib/thumb/v7e-m/nofp\libg.a(lib_a-puts.o)
 *fill*         0x0800a48a        0x2 
 .rodata._vfprintf_r.str1.4
                0x0800a48c       0x42 c:/progra~1/gcc-ar~1.10/bin/../lib/gcc/arm-none-eabi/10.3.1/../../../../arm-none-eabi/lib/thumb/v7e-m/nofp\libg.a(lib_a-vfprintf.o)
 *fill*         0x0800a4ce        0x2 
 .rodata.blanks.1
                0x0800a4d0       0x10 c:/progra~1/gcc-ar~1.10/bin/../lib/gcc/arm-none-eabi/10.3.1/../../../../arm-none-eabi/lib/thumb/v7e-m/nofp\libg.a(lib_a-vfprintf.o)
 .rodata.zeroes.0
                0x0800a4e0       0x10 c:/progra~1/gcc-ar~1.10/bin/../lib/gcc/arm-none-eabi/10.3.1/../../../../arm-none-eabi/lib/thumb/v7e-m/nofp\libg.a(lib_a-vfprintf.o)
 .rodata._dtoa_r.str1.4
                0x0800a4f0       0xa2 c:/progra~1/gcc-ar~1.10/bin/../lib/gcc/arm-none-eabi/10.3.1/../../../../arm-none-eabi/lib/thumb/v7e-m/nofp\libg.a(lib_a-dtoa.o)
                                 0xa6 (size before relaxing)
 *fill*         0x0800a592        0x2 
 .rodata.__multadd.str1.4
                0x0800a594       0x7f c:/progra~1/gcc-ar~1.10/bin/../lib/gcc/arm-none-eabi/10.3.1/../../../../arm-none-eabi/lib/thumb/v7e-m/nofp\libg.a(lib_a-mprec.o)
                                 0x93 (size before relaxing)
 *fill*         0x0800a613        0x5 
 .rodata.__mprec_bigtens
                0x0800a618       0x28 c:/progra~1/gcc-ar~1.10/bin/../lib/gcc/arm-none-eabi/10.3.1/../../../../arm-none-eabi/lib/thumb/v7e-m/nofp\libg.a(lib_a-mprec.o)
                0x0800a618                __mprec_bigtens
 .rodata.__mprec_tens
                0x0800a640       0xc8 c:/progra~1/gcc-ar~1.10/bin/../lib/gcc/arm-none-eabi/10.3.1/../../../../arm-none-eabi/lib/thumb/v7e-m/nofp\libg.a(lib_a-mprec.o)
                0x0800a640                __mprec_tens
 .rodata.p05.0  0x0800a708        0xc c:/progra~1/gcc-ar~1.10/bin/../lib/gcc/arm-none-eabi/10.3.1/../../../../arm-none-eabi/lib/thumb/v7e-m/nofp\libg.a(lib_a-mprec.o)
 .rodata._vfiprintf_r.str1.4
                0x0800a714       0x2f c:/progra~1/gcc-ar~1.10/bin/../lib/gcc/arm-none-eabi/10.3.1/../../../../arm-none-eabi/lib/thumb/v7e-m/nofp\libg.a(lib_a-vfiprintf.o)
 .rodata.blanks.1
                0x0800a714       0x10 c:/progra~1/gcc-ar~1.10/bin/../lib/gcc/arm-none-eabi/10.3.1/../../../../arm-none-eabi/lib/thumb/v7e-m/nofp\libg.a(lib_a-vfiprintf.o)
 .rodata.zeroes.0
                0x0800a724       0x10 c:/progra~1/gcc-ar~1.10/bin/../lib/gcc/arm-none-eabi/10.3.1/../../../../arm-none-eabi/lib/thumb/v7e-m/nofp\libg.a(lib_a-vfiprintf.o)
 .rodata.__assert_func.str1.4
                0x0800a734       0x3f c:/progra~1/gcc-ar~1.10/bin/../lib/gcc/arm-none-eabi/10.3.1/../../../../arm-none-eabi/lib/thumb/v7e-m/nofp\libg.a(lib_a-assert.o)
                                 0x43 (size before relaxing)
 *fill*         0x0800a773        0x1 
 .rodata._setlocale_r.str1.4
                0x0800a774        0xa c:/progra~1/gcc-ar~1.10/bin/../lib/gcc/arm-none-eabi/10.3.1/../../../../arm-none-eabi/lib/thumb/v7e-m/nofp\libg.a(lib_a-locale.o)
                                  0xd (size before relaxing)
 *fill*         0x0800a77e        0x2 
 .rodata.str1.4
                0x0800a780        0x2 c:/progra~1/gcc-ar~1.10/bin/../lib/gcc/arm-none-eabi/10.3.1/../../../../arm-none-eabi/lib/thumb/v7e-m/nofp\libg.a(lib_a-locale.o)
 *fill*         0x0800a782        0x2 
 .rodata._ctype_
                0x0800a784      0x101 c:/progra~1/gcc-ar~1.10/bin/../lib/gcc/arm-none-eabi/10.3.1/../../../../arm-none-eabi/lib/thumb/v7e-m/nofp\libg.a(lib_a-ctype_.o)
                0x0800a784                _ctype_
                0x0800a888                . = ALIGN (0x4)
 *fill*         0x0800a885        0x3 

.ARM.extab      0x0800a888        0x0
                0x0800a888                . = ALIGN (0x4)
 *(.ARM.extab* .gnu.linkonce.armextab.*)
                0x0800a888                . = ALIGN (0x4)

.ARM            0x0800a888        0x8
                0x0800a888                . = ALIGN (0x4)
                0x0800a888                __exidx_start = .
 *(.ARM.exidx*)
 .ARM.exidx     0x0800a888        0x8 c:/progra~1/gcc-ar~1.10/bin/../lib/gcc/arm-none-eabi/10.3.1/thumb/v7e-m/nofp\libgcc.a(_udivmoddi4.o)
                0x0800a890                __exidx_end = .
                0x0800a890                . = ALIGN (0x4)

.rel.dyn        0x0800a890        0x0
 .rel.iplt      0x0800a890        0x0 c:/progra~1/gcc-ar~1.10/bin/../lib/gcc/arm-none-eabi/10.3.1/thumb/v7e-m/nofp/crtbegin.o

.preinit_array  0x0800a890        0x0
                0x0800a890                . = ALIGN (0x4)
                0x0800a890                PROVIDE (__preinit_array_start = .)
 *(.preinit_array*)
                0x0800a890                PROVIDE (__preinit_array_end = .)
                0x0800a890                . = ALIGN (0x4)

.init_array     0x0800a890        0x8
                0x0800a890                . = ALIGN (0x4)
                0x0800a890                PROVIDE (__init_array_start = .)
 *(SORT_BY_NAME(.init_array.*))
 .init_array.00000
                0x0800a890        0x4 c:/progra~1/gcc-ar~1.10/bin/../lib/gcc/arm-none-eabi/10.3.1/../../../../arm-none-eabi/lib/thumb/v7e-m/nofp\libg.a(lib_a-__call_atexit.o)
 *(.init_array*)
 .init_array    0x0800a894        0x4 c:/progra~1/gcc-ar~1.10/bin/../lib/gcc/arm-none-eabi/10.3.1/thumb/v7e-m/nofp/crtbegin.o
                0x0800a898                PROVIDE (__init_array_end = .)
                0x0800a898                . = ALIGN (0x4)

.fini_array     0x0800a898        0x4
                0x0800a898                . = ALIGN (0x4)
                0x0800a898                PROVIDE (__fini_array_start = .)
 *(SORT_BY_NAME(.fini_array.*))
 *(.fini_array*)
 .fini_array    0x0800a898        0x4 c:/progra~1/gcc-ar~1.10/bin/../lib/gcc/arm-none-eabi/10.3.1/thumb/v7e-m/nofp/crtbegin.o
                0x0800a89c                PROVIDE (__fini_array_end = .)
                0x0800a89c                . = ALIGN (0x4)
                0x0800a89c                _sidata = LOADADDR (.data)

.data           0x20000000      0x9c0 load address 0x0800a89c
                0x20000000                . = ALIGN (0x4)
                0x20000000                _sdata = .
 *(.data)
 *(.data*)
 .data.Motor_Dir
                0x20000000        0x1 CMakeFiles/yingshi_to_clion.elf.dir/Core/Src/bsp_bldc.c.obj
                0x20000000                Motor_Dir
 .data.Motor_State
                0x20000001        0x1 CMakeFiles/yingshi_to_clion.elf.dir/Core/Src/bsp_bldc.c.obj
                0x20000001                Motor_State
 *fill*         0x20000002        0x2 
 .data.PWM_Duty
                0x20000004        0x4 CMakeFiles/yingshi_to_clion.elf.dir/Core/Src/bsp_bldc.c.obj
                0x20000004                PWM_Duty
 .data.SystemCoreClock
                0x20000008        0x4 CMakeFiles/yingshi_to_clion.elf.dir/Core/Src/system_stm32f4xx.c.obj
                0x20000008                SystemCoreClock
 .data.uwTickFreq
                0x2000000c        0x1 CMakeFiles/yingshi_to_clion.elf.dir/Drivers/STM32F4xx_HAL_Driver/Src/stm32f4xx_hal.c.obj
                0x2000000c                uwTickFreq
 *fill*         0x2000000d        0x3 
 .data.uwTickPrio
                0x20000010        0x4 CMakeFiles/yingshi_to_clion.elf.dir/Drivers/STM32F4xx_HAL_Driver/Src/stm32f4xx_hal.c.obj
                0x20000010                uwTickPrio
 .data._impure_ptr
                0x20000014        0x4 c:/progra~1/gcc-ar~1.10/bin/../lib/gcc/arm-none-eabi/10.3.1/../../../../arm-none-eabi/lib/thumb/v7e-m/nofp\libg.a(lib_a-impure.o)
                0x20000014                _impure_ptr
 .data.impure_data
                0x20000018      0x428 c:/progra~1/gcc-ar~1.10/bin/../lib/gcc/arm-none-eabi/10.3.1/../../../../arm-none-eabi/lib/thumb/v7e-m/nofp\libg.a(lib_a-impure.o)
 .data.__atexit_recursive_mutex
                0x20000440        0x4 c:/progra~1/gcc-ar~1.10/bin/../lib/gcc/arm-none-eabi/10.3.1/../../../../arm-none-eabi/lib/thumb/v7e-m/nofp\libg.a(lib_a-__call_atexit.o)
                0x20000440                __atexit_recursive_mutex
 .data.__malloc_av_
                0x20000444      0x408 c:/progra~1/gcc-ar~1.10/bin/../lib/gcc/arm-none-eabi/10.3.1/../../../../arm-none-eabi/lib/thumb/v7e-m/nofp\libg.a(lib_a-mallocr.o)
                0x20000444                __malloc_av_
 .data.__malloc_sbrk_base
                0x2000084c        0x4 c:/progra~1/gcc-ar~1.10/bin/../lib/gcc/arm-none-eabi/10.3.1/../../../../arm-none-eabi/lib/thumb/v7e-m/nofp\libg.a(lib_a-mallocr.o)
                0x2000084c                __malloc_sbrk_base
 .data.__malloc_trim_threshold
                0x20000850        0x4 c:/progra~1/gcc-ar~1.10/bin/../lib/gcc/arm-none-eabi/10.3.1/../../../../arm-none-eabi/lib/thumb/v7e-m/nofp\libg.a(lib_a-mallocr.o)
                0x20000850                __malloc_trim_threshold
 .data.__global_locale
                0x20000854      0x16c c:/progra~1/gcc-ar~1.10/bin/../lib/gcc/arm-none-eabi/10.3.1/../../../../arm-none-eabi/lib/thumb/v7e-m/nofp\libg.a(lib_a-locale.o)
                0x20000854                __global_locale
 *(.RamFunc)
 *(.RamFunc*)
                0x200009c0                . = ALIGN (0x4)
                0x200009c0                _edata = .
                0x0800b25c                _siccmram = LOADADDR (.ccmram)

.igot.plt       0x200009c0        0x0 load address 0x0800b25c
 .igot.plt      0x200009c0        0x0 c:/progra~1/gcc-ar~1.10/bin/../lib/gcc/arm-none-eabi/10.3.1/thumb/v7e-m/nofp/crtbegin.o

.ccmram         0x10000000        0x0 load address 0x0800b25c
                0x10000000                . = ALIGN (0x4)
                0x10000000                _sccmram = .
 *(.ccmram)
 *(.ccmram*)
                0x10000000                . = ALIGN (0x4)
                0x10000000                _eccmram = .
                0x10000000                . = ALIGN (0x4)

.bss            0x200009c0      0x1f0
                0x200009c0                _sbss = .
                0x200009c0                __bss_start__ = _sbss
 *(.bss)
 .bss           0x200009c0       0x1c c:/progra~1/gcc-ar~1.10/bin/../lib/gcc/arm-none-eabi/10.3.1/thumb/v7e-m/nofp/crtbegin.o
 *(.bss*)
 .bss.htimx_BLDCM
                0x200009dc       0x48 CMakeFiles/yingshi_to_clion.elf.dir/Core/Src/bsp_bldc.c.obj
                0x200009dc                htimx_BLDCM
 .bss.LS_hallPhase
                0x20000a24        0x4 CMakeFiles/yingshi_to_clion.elf.dir/Core/Src/bsp_hall.c.obj
                0x20000a24                LS_hallPhase
 .bss.RT_hallDir
                0x20000a28        0x1 CMakeFiles/yingshi_to_clion.elf.dir/Core/Src/bsp_hall.c.obj
                0x20000a28                RT_hallDir
 *fill*         0x20000a29        0x3 
 .bss.RT_hallcnt
                0x20000a2c        0x4 CMakeFiles/yingshi_to_clion.elf.dir/Core/Src/bsp_hall.c.obj
                0x20000a2c                RT_hallcnt
 .bss.RT_hallcomp
                0x20000a30        0x4 CMakeFiles/yingshi_to_clion.elf.dir/Core/Src/bsp_hall.c.obj
                0x20000a30                RT_hallcomp
 .bss.htimx_hall
                0x20000a34       0x48 CMakeFiles/yingshi_to_clion.elf.dir/Core/Src/bsp_hall.c.obj
                0x20000a34                htimx_hall
 .bss.MotorSpeed
                0x20000a7c        0x4 CMakeFiles/yingshi_to_clion.elf.dir/Core/Src/main.c.obj
                0x20000a7c                MotorSpeed
 .bss.isTimeUp  0x20000a80        0x1 CMakeFiles/yingshi_to_clion.elf.dir/Core/Src/main.c.obj
                0x20000a80                isTimeUp
 *fill*         0x20000a81        0x3 
 .bss.timeTick  0x20000a84        0x4 CMakeFiles/yingshi_to_clion.elf.dir/Core/Src/main.c.obj
                0x20000a84                timeTick
 .bss.gHuart    0x20000a88        0x4 CMakeFiles/yingshi_to_clion.elf.dir/Core/Src/retarget.c.obj
                0x20000a88                gHuart
 .bss.__sbrk_heap_end
                0x20000a8c        0x4 CMakeFiles/yingshi_to_clion.elf.dir/Core/Src/sysmem.c.obj
 .bss.htim5     0x20000a90       0x48 CMakeFiles/yingshi_to_clion.elf.dir/Core/Src/tim.c.obj
                0x20000a90                htim5
 .bss.htim8     0x20000ad8       0x48 CMakeFiles/yingshi_to_clion.elf.dir/Core/Src/tim.c.obj
                0x20000ad8                htim8
 .bss.huart1    0x20000b20       0x44 CMakeFiles/yingshi_to_clion.elf.dir/Core/Src/usart.c.obj
                0x20000b20                huart1
 .bss.uwTick    0x20000b64        0x4 CMakeFiles/yingshi_to_clion.elf.dir/Drivers/STM32F4xx_HAL_Driver/Src/stm32f4xx_hal.c.obj
                0x20000b64                uwTick
 .bss.__lock___atexit_recursive_mutex
                0x20000b68        0x1 c:/progra~1/gcc-ar~1.10/bin/../lib/gcc/arm-none-eabi/10.3.1/../../../../arm-none-eabi/lib/thumb/v7e-m/nofp\libg.a(lib_a-lock.o)
                0x20000b68                __lock___atexit_recursive_mutex
 *fill*         0x20000b69        0x3 
 .bss.__lock___malloc_recursive_mutex
                0x20000b6c        0x1 c:/progra~1/gcc-ar~1.10/bin/../lib/gcc/arm-none-eabi/10.3.1/../../../../arm-none-eabi/lib/thumb/v7e-m/nofp\libg.a(lib_a-lock.o)
                0x20000b6c                __lock___malloc_recursive_mutex
 *fill*         0x20000b6d        0x3 
 .bss.__lock___sfp_recursive_mutex
                0x20000b70        0x1 c:/progra~1/gcc-ar~1.10/bin/../lib/gcc/arm-none-eabi/10.3.1/../../../../arm-none-eabi/lib/thumb/v7e-m/nofp\libg.a(lib_a-lock.o)
                0x20000b70                __lock___sfp_recursive_mutex
 *fill*         0x20000b71        0x3 
 .bss.__lock___sinit_recursive_mutex
                0x20000b74        0x1 c:/progra~1/gcc-ar~1.10/bin/../lib/gcc/arm-none-eabi/10.3.1/../../../../arm-none-eabi/lib/thumb/v7e-m/nofp\libg.a(lib_a-lock.o)
                0x20000b74                __lock___sinit_recursive_mutex
 *fill*         0x20000b75        0x3 
 .bss.__malloc_current_mallinfo
                0x20000b78       0x28 c:/progra~1/gcc-ar~1.10/bin/../lib/gcc/arm-none-eabi/10.3.1/../../../../arm-none-eabi/lib/thumb/v7e-m/nofp\libg.a(lib_a-mallocr.o)
                0x20000b78                __malloc_current_mallinfo
 .bss.__malloc_max_sbrked_mem
                0x20000ba0        0x4 c:/progra~1/gcc-ar~1.10/bin/../lib/gcc/arm-none-eabi/10.3.1/../../../../arm-none-eabi/lib/thumb/v7e-m/nofp\libg.a(lib_a-mallocr.o)
                0x20000ba0                __malloc_max_sbrked_mem
 .bss.__malloc_max_total_mem
                0x20000ba4        0x4 c:/progra~1/gcc-ar~1.10/bin/../lib/gcc/arm-none-eabi/10.3.1/../../../../arm-none-eabi/lib/thumb/v7e-m/nofp\libg.a(lib_a-mallocr.o)
                0x20000ba4                __malloc_max_total_mem
 .bss.__malloc_top_pad
                0x20000ba8        0x4 c:/progra~1/gcc-ar~1.10/bin/../lib/gcc/arm-none-eabi/10.3.1/../../../../arm-none-eabi/lib/thumb/v7e-m/nofp\libg.a(lib_a-mallocr.o)
                0x20000ba8                __malloc_top_pad
 .bss.errno     0x20000bac        0x4 c:/progra~1/gcc-ar~1.10/bin/../lib/gcc/arm-none-eabi/10.3.1/../../../../arm-none-eabi/lib/thumb/v7e-m/nofp\libg.a(lib_a-reent.o)
                0x20000bac                errno
 *(COMMON)
                0x20000bb0                . = ALIGN (0x4)
                0x20000bb0                _ebss = .
                0x20000bb0                __bss_end__ = _ebss

._user_heap_stack
                0x20000bb0      0x600
                0x20000bb0                . = ALIGN (0x8)
                [!provide]                PROVIDE (end = .)
                0x20000bb0                PROVIDE (_end = .)
                0x20000db0                . = (. + _Min_Heap_Size)
 *fill*         0x20000bb0      0x200 
                0x200011b0                . = (. + _Min_Stack_Size)
 *fill*         0x20000db0      0x400 
                0x200011b0                . = ALIGN (0x8)

/DISCARD/
 libc.a(*)
 libm.a(*)
 libgcc.a(*)

.ARM.attributes
                0x00000000       0x2a
 *(.ARM.attributes)
 .ARM.attributes
                0x00000000       0x1e c:/progra~1/gcc-ar~1.10/bin/../lib/gcc/arm-none-eabi/10.3.1/thumb/v7e-m/nofp/crti.o
 .ARM.attributes
                0x0000001e       0x2e c:/progra~1/gcc-ar~1.10/bin/../lib/gcc/arm-none-eabi/10.3.1/thumb/v7e-m/nofp/crtbegin.o
 .ARM.attributes
                0x0000004c       0x2e CMakeFiles/yingshi_to_clion.elf.dir/Core/Src/bsp_bldc.c.obj
 .ARM.attributes
                0x0000007a       0x2e CMakeFiles/yingshi_to_clion.elf.dir/Core/Src/bsp_hall.c.obj
 .ARM.attributes
                0x000000a8       0x2e CMakeFiles/yingshi_to_clion.elf.dir/Core/Src/bsp_key.c.obj
 .ARM.attributes
                0x000000d6       0x2e CMakeFiles/yingshi_to_clion.elf.dir/Core/Src/main.c.obj
 .ARM.attributes
                0x00000104       0x2e CMakeFiles/yingshi_to_clion.elf.dir/Core/Src/retarget.c.obj
 .ARM.attributes
                0x00000132       0x2e CMakeFiles/yingshi_to_clion.elf.dir/Core/Src/stm32f4xx_hal_msp.c.obj
 .ARM.attributes
                0x00000160       0x2e CMakeFiles/yingshi_to_clion.elf.dir/Core/Src/stm32f4xx_it.c.obj
 .ARM.attributes
                0x0000018e       0x2e CMakeFiles/yingshi_to_clion.elf.dir/Core/Src/syscalls.c.obj
 .ARM.attributes
                0x000001bc       0x2e CMakeFiles/yingshi_to_clion.elf.dir/Core/Src/sysmem.c.obj
 .ARM.attributes
                0x000001ea       0x2e CMakeFiles/yingshi_to_clion.elf.dir/Core/Src/system_stm32f4xx.c.obj
 .ARM.attributes
                0x00000218       0x2e CMakeFiles/yingshi_to_clion.elf.dir/Core/Src/tim.c.obj
 .ARM.attributes
                0x00000246       0x2e CMakeFiles/yingshi_to_clion.elf.dir/Core/Src/usart.c.obj
 .ARM.attributes
                0x00000274       0x21 CMakeFiles/yingshi_to_clion.elf.dir/Core/Startup/startup_stm32f407igtx.s.obj
 .ARM.attributes
                0x00000295       0x2e CMakeFiles/yingshi_to_clion.elf.dir/Drivers/STM32F4xx_HAL_Driver/Src/stm32f4xx_hal.c.obj
 .ARM.attributes
                0x000002c3       0x2e CMakeFiles/yingshi_to_clion.elf.dir/Drivers/STM32F4xx_HAL_Driver/Src/stm32f4xx_hal_cortex.c.obj
 .ARM.attributes
                0x000002f1       0x2e CMakeFiles/yingshi_to_clion.elf.dir/Drivers/STM32F4xx_HAL_Driver/Src/stm32f4xx_hal_gpio.c.obj
 .ARM.attributes
                0x0000031f       0x2e CMakeFiles/yingshi_to_clion.elf.dir/Drivers/STM32F4xx_HAL_Driver/Src/stm32f4xx_hal_rcc.c.obj
 .ARM.attributes
                0x0000034d       0x2e CMakeFiles/yingshi_to_clion.elf.dir/Drivers/STM32F4xx_HAL_Driver/Src/stm32f4xx_hal_tim.c.obj
 .ARM.attributes
                0x0000037b       0x2e CMakeFiles/yingshi_to_clion.elf.dir/Drivers/STM32F4xx_HAL_Driver/Src/stm32f4xx_hal_tim_ex.c.obj
 .ARM.attributes
                0x000003a9       0x2e CMakeFiles/yingshi_to_clion.elf.dir/Drivers/STM32F4xx_HAL_Driver/Src/stm32f4xx_hal_uart.c.obj
 .ARM.attributes
                0x000003d7       0x1e c:/progra~1/gcc-ar~1.10/bin/../lib/gcc/arm-none-eabi/10.3.1/thumb/v7e-m/nofp\libgcc.a(_arm_addsubdf3.o)
 .ARM.attributes
                0x000003f5       0x1e c:/progra~1/gcc-ar~1.10/bin/../lib/gcc/arm-none-eabi/10.3.1/thumb/v7e-m/nofp\libgcc.a(_arm_addsubsf3.o)
 .ARM.attributes
                0x00000413       0x1e c:/progra~1/gcc-ar~1.10/bin/../lib/gcc/arm-none-eabi/10.3.1/thumb/v7e-m/nofp\libgcc.a(_arm_muldivsf3.o)
 .ARM.attributes
                0x00000431       0x1e c:/progra~1/gcc-ar~1.10/bin/../lib/gcc/arm-none-eabi/10.3.1/thumb/v7e-m/nofp\libgcc.a(_arm_cmpsf2.o)
 .ARM.attributes
                0x0000044f       0x1e c:/progra~1/gcc-ar~1.10/bin/../lib/gcc/arm-none-eabi/10.3.1/thumb/v7e-m/nofp\libgcc.a(_arm_fixunssfsi.o)
 .ARM.attributes
                0x0000046d       0x1e c:/progra~1/gcc-ar~1.10/bin/../lib/gcc/arm-none-eabi/10.3.1/thumb/v7e-m/nofp\libgcc.a(_aeabi_uldivmod.o)
 .ARM.attributes
                0x0000048b       0x2e c:/progra~1/gcc-ar~1.10/bin/../lib/gcc/arm-none-eabi/10.3.1/thumb/v7e-m/nofp\libgcc.a(_udivmoddi4.o)
 .ARM.attributes
                0x000004b9       0x1e c:/progra~1/gcc-ar~1.10/bin/../lib/gcc/arm-none-eabi/10.3.1/thumb/v7e-m/nofp\libgcc.a(_dvmd_tls.o)
 .ARM.attributes
                0x000004d7       0x2e c:/progra~1/gcc-ar~1.10/bin/../lib/gcc/arm-none-eabi/10.3.1/../../../../arm-none-eabi/lib/thumb/v7e-m/nofp\libg.a(lib_a-errno.o)
 .ARM.attributes
                0x00000505       0x2e c:/progra~1/gcc-ar~1.10/bin/../lib/gcc/arm-none-eabi/10.3.1/../../../../arm-none-eabi/lib/thumb/v7e-m/nofp\libg.a(lib_a-impure.o)
 .ARM.attributes
                0x00000533       0x2e c:/progra~1/gcc-ar~1.10/bin/../lib/gcc/arm-none-eabi/10.3.1/../../../../arm-none-eabi/lib/thumb/v7e-m/nofp\libg.a(lib_a-init.o)
 .ARM.attributes
                0x00000561       0x2e c:/progra~1/gcc-ar~1.10/bin/../lib/gcc/arm-none-eabi/10.3.1/../../../../arm-none-eabi/lib/thumb/v7e-m/nofp\libg.a(lib_a-memset.o)
 .ARM.attributes
                0x0000058f       0x2e c:/progra~1/gcc-ar~1.10/bin/../lib/gcc/arm-none-eabi/10.3.1/../../../../arm-none-eabi/lib/thumb/v7e-m/nofp\libg.a(lib_a-printf.o)
 .ARM.attributes
                0x000005bd       0x2e c:/progra~1/gcc-ar~1.10/bin/../lib/gcc/arm-none-eabi/10.3.1/../../../../arm-none-eabi/lib/thumb/v7e-m/nofp\libg.a(lib_a-puts.o)
 .ARM.attributes
                0x000005eb       0x2e c:/progra~1/gcc-ar~1.10/bin/../lib/gcc/arm-none-eabi/10.3.1/../../../../arm-none-eabi/lib/thumb/v7e-m/nofp\libg.a(lib_a-setvbuf.o)
 .ARM.attributes
                0x00000619       0x1c c:/progra~1/gcc-ar~1.10/bin/../lib/gcc/arm-none-eabi/10.3.1/../../../../arm-none-eabi/lib/thumb/v7e-m/nofp\libg.a(lib_a-strlen.o)
 .ARM.attributes
                0x00000635       0x2e c:/progra~1/gcc-ar~1.10/bin/../lib/gcc/arm-none-eabi/10.3.1/../../../../arm-none-eabi/lib/thumb/v7e-m/nofp\libg.a(lib_a-vfprintf.o)
 .ARM.attributes
                0x00000663       0x2e c:/progra~1/gcc-ar~1.10/bin/../lib/gcc/arm-none-eabi/10.3.1/../../../../arm-none-eabi/lib/thumb/v7e-m/nofp\libg.a(lib_a-wsetup.o)
 .ARM.attributes
                0x00000691       0x2e c:/progra~1/gcc-ar~1.10/bin/../lib/gcc/arm-none-eabi/10.3.1/../../../../arm-none-eabi/lib/thumb/v7e-m/nofp\libg.a(lib_a-__call_atexit.o)
 .ARM.attributes
                0x000006bf       0x2e c:/progra~1/gcc-ar~1.10/bin/../lib/gcc/arm-none-eabi/10.3.1/../../../../arm-none-eabi/lib/thumb/v7e-m/nofp\libg.a(lib_a-atexit.o)
 .ARM.attributes
                0x000006ed       0x2e c:/progra~1/gcc-ar~1.10/bin/../lib/gcc/arm-none-eabi/10.3.1/../../../../arm-none-eabi/lib/thumb/v7e-m/nofp\libg.a(lib_a-dtoa.o)
 .ARM.attributes
                0x0000071b       0x2e c:/progra~1/gcc-ar~1.10/bin/../lib/gcc/arm-none-eabi/10.3.1/../../../../arm-none-eabi/lib/thumb/v7e-m/nofp\libg.a(lib_a-fflush.o)
 .ARM.attributes
                0x00000749       0x2e c:/progra~1/gcc-ar~1.10/bin/../lib/gcc/arm-none-eabi/10.3.1/../../../../arm-none-eabi/lib/thumb/v7e-m/nofp\libg.a(lib_a-findfp.o)
 .ARM.attributes
                0x00000777       0x2e c:/progra~1/gcc-ar~1.10/bin/../lib/gcc/arm-none-eabi/10.3.1/../../../../arm-none-eabi/lib/thumb/v7e-m/nofp\libg.a(lib_a-fini.o)
 .ARM.attributes
                0x000007a5       0x2e c:/progra~1/gcc-ar~1.10/bin/../lib/gcc/arm-none-eabi/10.3.1/../../../../arm-none-eabi/lib/thumb/v7e-m/nofp\libg.a(lib_a-freer.o)
 .ARM.attributes
                0x000007d3       0x2e c:/progra~1/gcc-ar~1.10/bin/../lib/gcc/arm-none-eabi/10.3.1/../../../../arm-none-eabi/lib/thumb/v7e-m/nofp\libg.a(lib_a-fvwrite.o)
 .ARM.attributes
                0x00000801       0x2e c:/progra~1/gcc-ar~1.10/bin/../lib/gcc/arm-none-eabi/10.3.1/../../../../arm-none-eabi/lib/thumb/v7e-m/nofp\libg.a(lib_a-fwalk.o)
 .ARM.attributes
                0x0000082f       0x2e c:/progra~1/gcc-ar~1.10/bin/../lib/gcc/arm-none-eabi/10.3.1/../../../../arm-none-eabi/lib/thumb/v7e-m/nofp\libg.a(lib_a-localeconv.o)
 .ARM.attributes
                0x0000085d       0x2e c:/progra~1/gcc-ar~1.10/bin/../lib/gcc/arm-none-eabi/10.3.1/../../../../arm-none-eabi/lib/thumb/v7e-m/nofp\libg.a(lib_a-lock.o)
 .ARM.attributes
                0x0000088b       0x2e c:/progra~1/gcc-ar~1.10/bin/../lib/gcc/arm-none-eabi/10.3.1/../../../../arm-none-eabi/lib/thumb/v7e-m/nofp\libg.a(lib_a-makebuf.o)
 .ARM.attributes
                0x000008b9       0x2e c:/progra~1/gcc-ar~1.10/bin/../lib/gcc/arm-none-eabi/10.3.1/../../../../arm-none-eabi/lib/thumb/v7e-m/nofp\libg.a(lib_a-malloc.o)
 .ARM.attributes
                0x000008e7       0x2e c:/progra~1/gcc-ar~1.10/bin/../lib/gcc/arm-none-eabi/10.3.1/../../../../arm-none-eabi/lib/thumb/v7e-m/nofp\libg.a(lib_a-mallocr.o)
 .ARM.attributes
                0x00000915       0x1c c:/progra~1/gcc-ar~1.10/bin/../lib/gcc/arm-none-eabi/10.3.1/../../../../arm-none-eabi/lib/thumb/v7e-m/nofp\libg.a(lib_a-memchr.o)
 .ARM.attributes
                0x00000931       0x1c c:/progra~1/gcc-ar~1.10/bin/../lib/gcc/arm-none-eabi/10.3.1/../../../../arm-none-eabi/lib/thumb/v7e-m/nofp\libg.a(lib_a-memcpy.o)
 .ARM.attributes
                0x0000094d       0x2e c:/progra~1/gcc-ar~1.10/bin/../lib/gcc/arm-none-eabi/10.3.1/../../../../arm-none-eabi/lib/thumb/v7e-m/nofp\libg.a(lib_a-memmove.o)
 .ARM.attributes
                0x0000097b       0x2e c:/progra~1/gcc-ar~1.10/bin/../lib/gcc/arm-none-eabi/10.3.1/../../../../arm-none-eabi/lib/thumb/v7e-m/nofp\libg.a(lib_a-mlock.o)
 .ARM.attributes
                0x000009a9       0x2e c:/progra~1/gcc-ar~1.10/bin/../lib/gcc/arm-none-eabi/10.3.1/../../../../arm-none-eabi/lib/thumb/v7e-m/nofp\libg.a(lib_a-mprec.o)
 .ARM.attributes
                0x000009d7       0x2e c:/progra~1/gcc-ar~1.10/bin/../lib/gcc/arm-none-eabi/10.3.1/../../../../arm-none-eabi/lib/thumb/v7e-m/nofp\libg.a(lib_a-reallocr.o)
 .ARM.attributes
                0x00000a05       0x2e c:/progra~1/gcc-ar~1.10/bin/../lib/gcc/arm-none-eabi/10.3.1/../../../../arm-none-eabi/lib/thumb/v7e-m/nofp\libg.a(lib_a-s_frexp.o)
 .ARM.attributes
                0x00000a33       0x2e c:/progra~1/gcc-ar~1.10/bin/../lib/gcc/arm-none-eabi/10.3.1/../../../../arm-none-eabi/lib/thumb/v7e-m/nofp\libg.a(lib_a-sbrkr.o)
 .ARM.attributes
                0x00000a61       0x2e c:/progra~1/gcc-ar~1.10/bin/../lib/gcc/arm-none-eabi/10.3.1/../../../../arm-none-eabi/lib/thumb/v7e-m/nofp\libg.a(lib_a-stdio.o)
 .ARM.attributes
                0x00000a8f       0x2e c:/progra~1/gcc-ar~1.10/bin/../lib/gcc/arm-none-eabi/10.3.1/../../../../arm-none-eabi/lib/thumb/v7e-m/nofp\libg.a(lib_a-strncpy.o)
 .ARM.attributes
                0x00000abd       0x2e c:/progra~1/gcc-ar~1.10/bin/../lib/gcc/arm-none-eabi/10.3.1/../../../../arm-none-eabi/lib/thumb/v7e-m/nofp\libg.a(lib_a-vfiprintf.o)
 .ARM.attributes
                0x00000aeb       0x2e c:/progra~1/gcc-ar~1.10/bin/../lib/gcc/arm-none-eabi/10.3.1/../../../../arm-none-eabi/lib/thumb/v7e-m/nofp\libg.a(lib_a-writer.o)
 .ARM.attributes
                0x00000b19       0x2e c:/progra~1/gcc-ar~1.10/bin/../lib/gcc/arm-none-eabi/10.3.1/../../../../arm-none-eabi/lib/thumb/v7e-m/nofp\libg.a(lib_a-__atexit.o)
 .ARM.attributes
                0x00000b47       0x2e c:/progra~1/gcc-ar~1.10/bin/../lib/gcc/arm-none-eabi/10.3.1/../../../../arm-none-eabi/lib/thumb/v7e-m/nofp\libg.a(lib_a-assert.o)
 .ARM.attributes
                0x00000b75       0x2e c:/progra~1/gcc-ar~1.10/bin/../lib/gcc/arm-none-eabi/10.3.1/../../../../arm-none-eabi/lib/thumb/v7e-m/nofp\libg.a(lib_a-callocr.o)
 .ARM.attributes
                0x00000ba3       0x2e c:/progra~1/gcc-ar~1.10/bin/../lib/gcc/arm-none-eabi/10.3.1/../../../../arm-none-eabi/lib/thumb/v7e-m/nofp\libg.a(lib_a-closer.o)
 .ARM.attributes
                0x00000bd1       0x2e c:/progra~1/gcc-ar~1.10/bin/../lib/gcc/arm-none-eabi/10.3.1/../../../../arm-none-eabi/lib/thumb/v7e-m/nofp\libg.a(lib_a-fclose.o)
 .ARM.attributes
                0x00000bff       0x2e c:/progra~1/gcc-ar~1.10/bin/../lib/gcc/arm-none-eabi/10.3.1/../../../../arm-none-eabi/lib/thumb/v7e-m/nofp\libg.a(lib_a-fiprintf.o)
 .ARM.attributes
                0x00000c2d       0x2e c:/progra~1/gcc-ar~1.10/bin/../lib/gcc/arm-none-eabi/10.3.1/../../../../arm-none-eabi/lib/thumb/v7e-m/nofp\libg.a(lib_a-fputwc.o)
 .ARM.attributes
                0x00000c5b       0x2e c:/progra~1/gcc-ar~1.10/bin/../lib/gcc/arm-none-eabi/10.3.1/../../../../arm-none-eabi/lib/thumb/v7e-m/nofp\libg.a(lib_a-fstatr.o)
 .ARM.attributes
                0x00000c89       0x2e c:/progra~1/gcc-ar~1.10/bin/../lib/gcc/arm-none-eabi/10.3.1/../../../../arm-none-eabi/lib/thumb/v7e-m/nofp\libg.a(lib_a-isattyr.o)
 .ARM.attributes
                0x00000cb7       0x2e c:/progra~1/gcc-ar~1.10/bin/../lib/gcc/arm-none-eabi/10.3.1/../../../../arm-none-eabi/lib/thumb/v7e-m/nofp\libg.a(lib_a-locale.o)
 .ARM.attributes
                0x00000ce5       0x2e c:/progra~1/gcc-ar~1.10/bin/../lib/gcc/arm-none-eabi/10.3.1/../../../../arm-none-eabi/lib/thumb/v7e-m/nofp\libg.a(lib_a-lseekr.o)
 .ARM.attributes
                0x00000d13       0x2e c:/progra~1/gcc-ar~1.10/bin/../lib/gcc/arm-none-eabi/10.3.1/../../../../arm-none-eabi/lib/thumb/v7e-m/nofp\libg.a(lib_a-mbtowc_r.o)
 .ARM.attributes
                0x00000d41       0x2e c:/progra~1/gcc-ar~1.10/bin/../lib/gcc/arm-none-eabi/10.3.1/../../../../arm-none-eabi/lib/thumb/v7e-m/nofp\libg.a(lib_a-readr.o)
 .ARM.attributes
                0x00000d6f       0x2e c:/progra~1/gcc-ar~1.10/bin/../lib/gcc/arm-none-eabi/10.3.1/../../../../arm-none-eabi/lib/thumb/v7e-m/nofp\libg.a(lib_a-reent.o)
 .ARM.attributes
                0x00000d9d       0x2e c:/progra~1/gcc-ar~1.10/bin/../lib/gcc/arm-none-eabi/10.3.1/../../../../arm-none-eabi/lib/thumb/v7e-m/nofp\libg.a(lib_a-wbuf.o)
 .ARM.attributes
                0x00000dcb       0x2e c:/progra~1/gcc-ar~1.10/bin/../lib/gcc/arm-none-eabi/10.3.1/../../../../arm-none-eabi/lib/thumb/v7e-m/nofp\libg.a(lib_a-wcrtomb.o)
 .ARM.attributes
                0x00000df9       0x2e c:/progra~1/gcc-ar~1.10/bin/../lib/gcc/arm-none-eabi/10.3.1/../../../../arm-none-eabi/lib/thumb/v7e-m/nofp\libg.a(lib_a-wctomb_r.o)
 .ARM.attributes
                0x00000e27       0x2e c:/progra~1/gcc-ar~1.10/bin/../lib/gcc/arm-none-eabi/10.3.1/../../../../arm-none-eabi/lib/thumb/v7e-m/nofp\libg.a(lib_a-abort.o)
 .ARM.attributes
                0x00000e55       0x2e c:/progra~1/gcc-ar~1.10/bin/../lib/gcc/arm-none-eabi/10.3.1/../../../../arm-none-eabi/lib/thumb/v7e-m/nofp\libg.a(lib_a-ctype_.o)
 .ARM.attributes
                0x00000e83       0x2e c:/progra~1/gcc-ar~1.10/bin/../lib/gcc/arm-none-eabi/10.3.1/../../../../arm-none-eabi/lib/thumb/v7e-m/nofp\libg.a(lib_a-signal.o)
 .ARM.attributes
                0x00000eb1       0x2e c:/progra~1/gcc-ar~1.10/bin/../lib/gcc/arm-none-eabi/10.3.1/../../../../arm-none-eabi/lib/thumb/v7e-m/nofp\libg.a(lib_a-signalr.o)
 .ARM.attributes
                0x00000edf       0x1e c:/progra~1/gcc-ar~1.10/bin/../lib/gcc/arm-none-eabi/10.3.1/thumb/v7e-m/nofp\libgcc.a(_arm_muldivdf3.o)
 .ARM.attributes
                0x00000efd       0x1e c:/progra~1/gcc-ar~1.10/bin/../lib/gcc/arm-none-eabi/10.3.1/thumb/v7e-m/nofp\libgcc.a(_arm_cmpdf2.o)
 .ARM.attributes
                0x00000f1b       0x1e c:/progra~1/gcc-ar~1.10/bin/../lib/gcc/arm-none-eabi/10.3.1/thumb/v7e-m/nofp\libgcc.a(_arm_unorddf2.o)
 .ARM.attributes
                0x00000f39       0x1e c:/progra~1/gcc-ar~1.10/bin/../lib/gcc/arm-none-eabi/10.3.1/thumb/v7e-m/nofp\libgcc.a(_arm_fixdfsi.o)
 .ARM.attributes
                0x00000f57       0x1e c:/progra~1/gcc-ar~1.10/bin/../lib/gcc/arm-none-eabi/10.3.1/thumb/v7e-m/nofp/crtn.o
OUTPUT(yingshi_to_clion.elf elf32-littlearm)
LOAD linker stubs
LOAD c:/progra~1/gcc-ar~1.10/bin/../lib/gcc/arm-none-eabi/10.3.1/../../../../arm-none-eabi/lib/thumb/v7e-m/nofp\libc.a
LOAD c:/progra~1/gcc-ar~1.10/bin/../lib/gcc/arm-none-eabi/10.3.1/../../../../arm-none-eabi/lib/thumb/v7e-m/nofp\libm.a
LOAD c:/progra~1/gcc-ar~1.10/bin/../lib/gcc/arm-none-eabi/10.3.1/thumb/v7e-m/nofp\libgcc.a

.debug_info     0x00000000    0x14b5d
 .debug_info    0x00000000     0x1577 CMakeFiles/yingshi_to_clion.elf.dir/Core/Src/bsp_bldc.c.obj
 .debug_info    0x00001577      0xf00 CMakeFiles/yingshi_to_clion.elf.dir/Core/Src/bsp_hall.c.obj
 .debug_info    0x00002477      0x72c CMakeFiles/yingshi_to_clion.elf.dir/Core/Src/bsp_key.c.obj
 .debug_info    0x00002ba3     0x1139 CMakeFiles/yingshi_to_clion.elf.dir/Core/Src/main.c.obj
 .debug_info    0x00003cdc     0x12ff CMakeFiles/yingshi_to_clion.elf.dir/Core/Src/retarget.c.obj
 .debug_info    0x00004fdb      0x3aa CMakeFiles/yingshi_to_clion.elf.dir/Core/Src/stm32f4xx_hal_msp.c.obj
 .debug_info    0x00005385      0x76e CMakeFiles/yingshi_to_clion.elf.dir/Core/Src/stm32f4xx_it.c.obj
 .debug_info    0x00005af3      0x6ca CMakeFiles/yingshi_to_clion.elf.dir/Core/Src/syscalls.c.obj
 .debug_info    0x000061bd      0x174 CMakeFiles/yingshi_to_clion.elf.dir/Core/Src/sysmem.c.obj
 .debug_info    0x00006331      0x37d CMakeFiles/yingshi_to_clion.elf.dir/Core/Src/system_stm32f4xx.c.obj
 .debug_info    0x000066ae     0x12fe CMakeFiles/yingshi_to_clion.elf.dir/Core/Src/tim.c.obj
 .debug_info    0x000079ac      0x9cd CMakeFiles/yingshi_to_clion.elf.dir/Core/Src/usart.c.obj
 .debug_info    0x00008379       0x22 CMakeFiles/yingshi_to_clion.elf.dir/Core/Startup/startup_stm32f407igtx.s.obj
 .debug_info    0x0000839b      0x9f0 CMakeFiles/yingshi_to_clion.elf.dir/Drivers/STM32F4xx_HAL_Driver/Src/stm32f4xx_hal.c.obj
 .debug_info    0x00008d8b     0x1098 CMakeFiles/yingshi_to_clion.elf.dir/Drivers/STM32F4xx_HAL_Driver/Src/stm32f4xx_hal_cortex.c.obj
 .debug_info    0x00009e23      0x7b0 CMakeFiles/yingshi_to_clion.elf.dir/Drivers/STM32F4xx_HAL_Driver/Src/stm32f4xx_hal_gpio.c.obj
 .debug_info    0x0000a5d3      0xb03 CMakeFiles/yingshi_to_clion.elf.dir/Drivers/STM32F4xx_HAL_Driver/Src/stm32f4xx_hal_rcc.c.obj
 .debug_info    0x0000b0d6     0x3d5b CMakeFiles/yingshi_to_clion.elf.dir/Drivers/STM32F4xx_HAL_Driver/Src/stm32f4xx_hal_tim.c.obj
 .debug_info    0x0000ee31     0x1ade CMakeFiles/yingshi_to_clion.elf.dir/Drivers/STM32F4xx_HAL_Driver/Src/stm32f4xx_hal_tim_ex.c.obj
 .debug_info    0x0001090f     0x424e CMakeFiles/yingshi_to_clion.elf.dir/Drivers/STM32F4xx_HAL_Driver/Src/stm32f4xx_hal_uart.c.obj

.debug_abbrev   0x00000000     0x2689
 .debug_abbrev  0x00000000      0x25b CMakeFiles/yingshi_to_clion.elf.dir/Core/Src/bsp_bldc.c.obj
 .debug_abbrev  0x0000025b      0x24f CMakeFiles/yingshi_to_clion.elf.dir/Core/Src/bsp_hall.c.obj
 .debug_abbrev  0x000004aa      0x16c CMakeFiles/yingshi_to_clion.elf.dir/Core/Src/bsp_key.c.obj
 .debug_abbrev  0x00000616      0x280 CMakeFiles/yingshi_to_clion.elf.dir/Core/Src/main.c.obj
 .debug_abbrev  0x00000896      0x2b4 CMakeFiles/yingshi_to_clion.elf.dir/Core/Src/retarget.c.obj
 .debug_abbrev  0x00000b4a       0xa2 CMakeFiles/yingshi_to_clion.elf.dir/Core/Src/stm32f4xx_hal_msp.c.obj
 .debug_abbrev  0x00000bec      0x18c CMakeFiles/yingshi_to_clion.elf.dir/Core/Src/stm32f4xx_it.c.obj
 .debug_abbrev  0x00000d78      0x1a3 CMakeFiles/yingshi_to_clion.elf.dir/Core/Src/syscalls.c.obj
 .debug_abbrev  0x00000f1b       0xe7 CMakeFiles/yingshi_to_clion.elf.dir/Core/Src/sysmem.c.obj