Archive member included to satisfy reference by file (symbol)

c:/progra~1/gcc-ar~1.10/bin/../lib/gcc/arm-none-eabi/10.3.1/thumb/v7e-m/nofp\libgcc.a(_arm_muldf3.o)
                              CMakeFiles/PMW3901.elf.dir/Core/Src/SPL06_001.c.obj (__aeabi_dmul)
c:/progra~1/gcc-ar~1.10/bin/../lib/gcc/arm-none-eabi/10.3.1/thumb/v7e-m/nofp\libgcc.a(_arm_mulsf3.o)
                              CMakeFiles/PMW3901.elf.dir/Core/Src/SPL06_001.c.obj (__aeabi_fmul)
c:/progra~1/gcc-ar~1.10/bin/../lib/gcc/arm-none-eabi/10.3.1/thumb/v7e-m/nofp\libgcc.a(_arm_addsubdf3.o)
                              CMakeFiles/PMW3901.elf.dir/Core/Src/SPL06_001.c.obj (__aeabi_dadd)
c:/progra~1/gcc-ar~1.10/bin/../lib/gcc/arm-none-eabi/10.3.1/thumb/v7e-m/nofp\libgcc.a(_arm_truncdfsf2.o)
                              CMakeFiles/PMW3901.elf.dir/Core/Src/SPL06_001.c.obj (__aeabi_d2f)
c:/progra~1/gcc-ar~1.10/bin/../lib/gcc/arm-none-eabi/10.3.1/thumb/v7e-m/nofp\libgcc.a(_arm_addsubsf3.o)
                              CMakeFiles/PMW3901.elf.dir/Core/Src/main.c.obj (__aeabi_fsub)
c:/progra~1/gcc-ar~1.10/bin/../lib/gcc/arm-none-eabi/10.3.1/thumb/v7e-m/nofp\libgcc.a(_arm_muldivsf3.o)
                              CMakeFiles/PMW3901.elf.dir/Core/Src/SPL06_001.c.obj (__aeabi_fdiv)
c:/progra~1/gcc-ar~1.10/bin/../lib/gcc/arm-none-eabi/10.3.1/thumb/v7e-m/nofp\libgcc.a(_arm_fixsfsi.o)
                              CMakeFiles/PMW3901.elf.dir/Core/Src/main.c.obj (__aeabi_f2iz)
c:/progra~1/gcc-ar~1.10/bin/../lib/gcc/arm-none-eabi/10.3.1/thumb/v7e-m/nofp\libgcc.a(_aeabi_uldivmod.o)
                              CMakeFiles/PMW3901.elf.dir/Drivers/STM32F4xx_HAL_Driver/Src/stm32f4xx_hal_rcc.c.obj (__aeabi_uldivmod)
c:/progra~1/gcc-ar~1.10/bin/../lib/gcc/arm-none-eabi/10.3.1/thumb/v7e-m/nofp\libgcc.a(_udivmoddi4.o)
                              c:/progra~1/gcc-ar~1.10/bin/../lib/gcc/arm-none-eabi/10.3.1/thumb/v7e-m/nofp\libgcc.a(_aeabi_uldivmod.o) (__udivmoddi4)
c:/progra~1/gcc-ar~1.10/bin/../lib/gcc/arm-none-eabi/10.3.1/thumb/v7e-m/nofp\libgcc.a(_dvmd_tls.o)
                              c:/progra~1/gcc-ar~1.10/bin/../lib/gcc/arm-none-eabi/10.3.1/thumb/v7e-m/nofp\libgcc.a(_aeabi_uldivmod.o) (__aeabi_ldiv0)
c:/progra~1/gcc-ar~1.10/bin/../lib/gcc/arm-none-eabi/10.3.1/../../../../arm-none-eabi/lib/thumb/v7e-m/nofp\libg.a(lib_a-errno.o)
                              CMakeFiles/PMW3901.elf.dir/Core/Src/retarget.c.obj (__errno)
c:/progra~1/gcc-ar~1.10/bin/../lib/gcc/arm-none-eabi/10.3.1/../../../../arm-none-eabi/lib/thumb/v7e-m/nofp\libg.a(lib_a-exit.o)
                              c:/progra~1/gcc-ar~1.10/bin/../lib/gcc/arm-none-eabi/10.3.1/../../../../arm-none-eabi/lib/thumb/v7e-m/nofp/crt0.o (exit)
c:/progra~1/gcc-ar~1.10/bin/../lib/gcc/arm-none-eabi/10.3.1/../../../../arm-none-eabi/lib/thumb/v7e-m/nofp\libg.a(lib_a-impure.o)
                              c:/progra~1/gcc-ar~1.10/bin/../lib/gcc/arm-none-eabi/10.3.1/../../../../arm-none-eabi/lib/thumb/v7e-m/nofp\libg.a(lib_a-exit.o) (_global_impure_ptr)
c:/progra~1/gcc-ar~1.10/bin/../lib/gcc/arm-none-eabi/10.3.1/../../../../arm-none-eabi/lib/thumb/v7e-m/nofp\libg.a(lib_a-init.o)
                              c:/progra~1/gcc-ar~1.10/bin/../lib/gcc/arm-none-eabi/10.3.1/../../../../arm-none-eabi/lib/thumb/v7e-m/nofp/crt0.o (__libc_init_array)
c:/progra~1/gcc-ar~1.10/bin/../lib/gcc/arm-none-eabi/10.3.1/../../../../arm-none-eabi/lib/thumb/v7e-m/nofp\libg.a(lib_a-memset.o)
                              c:/progra~1/gcc-ar~1.10/bin/../lib/gcc/arm-none-eabi/10.3.1/../../../../arm-none-eabi/lib/thumb/v7e-m/nofp/crt0.o (memset)
c:/progra~1/gcc-ar~1.10/bin/../lib/gcc/arm-none-eabi/10.3.1/../../../../arm-none-eabi/lib/thumb/v7e-m/nofp\libg.a(lib_a-printf.o)
                              CMakeFiles/PMW3901.elf.dir/Core/Src/SPL06_001.c.obj (printf)
c:/progra~1/gcc-ar~1.10/bin/../lib/gcc/arm-none-eabi/10.3.1/../../../../arm-none-eabi/lib/thumb/v7e-m/nofp\libg.a(lib_a-puts.o)
                              CMakeFiles/PMW3901.elf.dir/Core/Src/main.c.obj (puts)
c:/progra~1/gcc-ar~1.10/bin/../lib/gcc/arm-none-eabi/10.3.1/../../../../arm-none-eabi/lib/thumb/v7e-m/nofp\libg.a(lib_a-setvbuf.o)
                              CMakeFiles/PMW3901.elf.dir/Core/Src/retarget.c.obj (setvbuf)
c:/progra~1/gcc-ar~1.10/bin/../lib/gcc/arm-none-eabi/10.3.1/../../../../arm-none-eabi/lib/thumb/v7e-m/nofp\libg.a(lib_a-strlen.o)
                              c:/progra~1/gcc-ar~1.10/bin/../lib/gcc/arm-none-eabi/10.3.1/../../../../arm-none-eabi/lib/thumb/v7e-m/nofp\libg.a(lib_a-puts.o) (strlen)
c:/progra~1/gcc-ar~1.10/bin/../lib/gcc/arm-none-eabi/10.3.1/../../../../arm-none-eabi/lib/thumb/v7e-m/nofp\libg.a(lib_a-vfprintf.o)
                              c:/progra~1/gcc-ar~1.10/bin/../lib/gcc/arm-none-eabi/10.3.1/../../../../arm-none-eabi/lib/thumb/v7e-m/nofp\libg.a(lib_a-printf.o) (_vfprintf_r)
c:/progra~1/gcc-ar~1.10/bin/../lib/gcc/arm-none-eabi/10.3.1/../../../../arm-none-eabi/lib/thumb/v7e-m/nofp\libg.a(lib_a-wsetup.o)
[...]
Memory Configuration

Name             Origin             Length             Attributes
CCMRAM           0x10000000         0x00010000         xrw
RAM              0x20000000         0x00020000         xrw
FLASH            0x08000000         0x00080000         xr
*default*        0x00000000         0xffffffff

Linker script and memory map

LOAD c:/progra~1/gcc-ar~1.10/bin/../lib/gcc/arm-none-eabi/10.3.1/thumb/v7e-m/nofp/crti.o
LOAD c:/progra~1/gcc-ar~1.10/bin/../lib/gcc/arm-none-eabi/10.3.1/thumb/v7e-m/nofp/crtbegin.o
LOAD c:/progra~1/gcc-ar~1.10/bin/../lib/gcc/arm-none-eabi/10.3.1/../../../../arm-none-eabi/lib/thumb/v7e-m/nofp/crt0.o
LOAD CMakeFiles/PMW3901.elf.dir/Core/Src/IIC_SOFTWARE.c.obj
LOAD CMakeFiles/PMW3901.elf.dir/Core/Src/SPL06_001.c.obj
LOAD CMakeFiles/PMW3901.elf.dir/Core/Src/gpio.c.obj
LOAD CMakeFiles/PMW3901.elf.dir/Core/Src/i2c.c.obj
LOAD CMakeFiles/PMW3901.elf.dir/Core/Src/main.c.obj
LOAD CMakeFiles/PMW3901.elf.dir/Core/Src/pmw3901.c.obj
LOAD CMakeFiles/PMW3901.elf.dir/Core/Src/retarget.c.obj
LOAD CMakeFiles/PMW3901.elf.dir/Core/Src/soft_pmw3901.c.obj
LOAD CMakeFiles/PMW3901.elf.dir/Core/Src/spi.c.obj
LOAD CMakeFiles/PMW3901.elf.dir/Core/Src/stm32f4xx_hal_msp.c.obj
LOAD CMakeFiles/PMW3901.elf.dir/Core/Src/stm32f4xx_it.c.obj
LOAD CMakeFiles/PMW3901.elf.dir/Core/Src/syscalls.c.obj
LOAD CMakeFiles/PMW3901.elf.dir/Core/Src/sysmem.c.obj
LOAD CMakeFiles/PMW3901.elf.dir/Core/Src/system_stm32f4xx.c.obj
LOAD CMakeFiles/PMW3901.elf.dir/Core/Src/usart.c.obj
LOAD CMakeFiles/PMW3901.elf.dir/Core/Src/w25qxx.c.obj
LOAD CMakeFiles/PMW3901.elf.dir/Core/Startup/startup_stm32f407vetx.s.obj
LOAD CMakeFiles/PMW3901.elf.dir/Drivers/STM32F4xx_HAL_Driver/Src/stm32f4xx_hal.c.obj
LOAD CMakeFiles/PMW3901.elf.dir/Drivers/STM32F4xx_HAL_Driver/Src/stm32f4xx_hal_cortex.c.obj
LOAD CMakeFiles/PMW3901.elf.dir/Drivers/STM32F4xx_HAL_Driver/Src/stm32f4xx_hal_dma.c.obj
LOAD CMakeFiles/PMW3901.elf.dir/Drivers/STM32F4xx_HAL_Driver/Src/stm32f4xx_hal_dma_ex.c.obj
LOAD CMakeFiles/PMW3901.elf.dir/Drivers/STM32F4xx_HAL_Driver/Src/stm32f4xx_hal_exti.c.obj
LOAD CMakeFiles/PMW3901.elf.dir/Drivers/STM32F4xx_HAL_Driver/Src/stm32f4xx_hal_flash.c.obj
LOAD CMakeFiles/PMW3901.elf.dir/Drivers/STM32F4xx_HAL_Driver/Src/stm32f4xx_hal_flash_ex.c.obj
LOAD CMakeFiles/PMW3901.elf.dir/Drivers/STM32F4xx_HAL_Driver/Src/stm32f4xx_hal_flash_ramfunc.c.obj
LOAD CMakeFiles/PMW3901.elf.dir/Drivers/STM32F4xx_HAL_Driver/Src/stm32f4xx_hal_gpio.c.obj
LOAD CMakeFiles/PMW3901.elf.dir/Drivers/STM32F4xx_HAL_Driver/Src/stm32f4xx_hal_i2c.c.obj
LOAD CMakeFiles/PMW3901.elf.dir/Drivers/STM32F4xx_HAL_Driver/Src/stm32f4xx_hal_i2c_ex.c.obj
LOAD CMakeFiles/PMW3901.elf.dir/Drivers/STM32F4xx_HAL_Driver/Src/stm32f4xx_hal_pwr.c.obj
LOAD CMakeFiles/PMW3901.elf.dir/Drivers/STM32F4xx_HAL_Driver/Src/stm32f4xx_hal_pwr_ex.c.obj
LOAD CMakeFiles/PMW3901.elf.dir/Drivers/STM32F4xx_HAL_Driver/Src/stm32f4xx_hal_rcc.c.obj
LOAD CMakeFiles/PMW3901.elf.dir/Drivers/STM32F4xx_HAL_Driver/Src/stm32f4xx_hal_rcc_ex.c.obj
LOAD CMakeFiles/PMW3901.elf.dir/Drivers/STM32F4xx_HAL_Driver/Src/stm32f4xx_hal_spi.c.obj
LOAD CMakeFiles/PMW3901.elf.dir/Drivers/STM32F4xx_HAL_Driver/Src/stm32f4xx_hal_tim.c.obj
LOAD CMakeFiles/PMW3901.elf.dir/Drivers/STM32F4xx_HAL_Driver/Src/stm32f4xx_hal_tim_ex.c.obj
LOAD CMakeFiles/PMW3901.elf.dir/Drivers/STM32F4xx_HAL_Driver/Src/stm32f4xx_hal_uart.c.obj
START GROUP
LOAD c:/progra~1/gcc-ar~1.10/bin/../lib/gcc/arm-none-eabi/10.3.1/thumb/v7e-m/nofp\libgcc.a
LOAD c:/progra~1/gcc-ar~1.10/bin/../lib/gcc/arm-none-eabi/10.3.1/../../../../arm-none-eabi/lib/thumb/v7e-m/nofp\libg.a
LOAD c:/progra~1/gcc-ar~1.10/bin/../lib/gcc/arm-none-eabi/10.3.1/../../../../arm-none-eabi/lib/thumb/v7e-m/nofp\libc.a
END GROUP
LOAD c:/progra~1/gcc-ar~1.10/bin/../lib/gcc/arm-none-eabi/10.3.1/thumb/v7e-m/nofp/crtend.o
LOAD c:/progra~1/gcc-ar~1.10/bin/../lib/gcc/arm-none-eabi/10.3.1/thumb/v7e-m/nofp/crtn.o
                0x20020000                _estack = (ORIGIN (RAM) + LENGTH (RAM))
                0x00000200                _Min_Heap_Size = 0x200
                0x00000400                _Min_Stack_Size = 0x400

.isr_vector     0x08000000      0x188
                0x08000000                . = ALIGN (0x4)
 *(.isr_vector)
 .isr_vector    0x08000000      0x188 CMakeFiles/PMW3901.elf.dir/Core/Startup/startup_stm32f407vetx.s.obj
                0x08000000                g_pfnVectors
                0x08000188                . = ALIGN (0x4)

.text           0x080001c0     0xa938
                0x080001c0                . = ALIGN (0x4)
 *(.text)
 .text          0x080001c0       0x40 c:/progra~1/gcc-ar~1.10/bin/../lib/gcc/arm-none-eabi/10.3.1/thumb/v7e-m/nofp/crtbegin.o
 .text          0x08000200      0x378 c:/progra~1/gcc-ar~1.10/bin/../lib/gcc/arm-none-eabi/10.3.1/thumb/v7e-m/nofp\libgcc.a(_arm_addsubdf3.o)
                0x08000200                __aeabi_drsub
                0x08000208                __aeabi_dsub
                0x08000208                __subdf3
                0x0800020c                __aeabi_dadd
                0x0800020c                __adddf3
                0x08000484                __floatunsidf
                0x08000484                __aeabi_ui2d
                0x080004a4                __floatsidf
                0x080004a4                __aeabi_i2d
                0x080004c8                __aeabi_f2d
                0x080004c8                __extendsfdf2
                0x0800050c                __floatundidf
                0x0800050c                __aeabi_ul2d
                0x0800051c                __floatdidf
                0x0800051c                __aeabi_l2d
 .text          0x08000578       0xa0 c:/progra~1/gcc-ar~1.10/bin/../lib/gcc/arm-none-eabi/10.3.1/thumb/v7e-m/nofp\libgcc.a(_arm_truncdfsf2.o)
                0x08000578                __truncdfsf2
                0x08000578                __aeabi_d2f
 .text          0x08000618      0x21c c:/progra~1/gcc-ar~1.10/bin/../lib/gcc/arm-none-eabi/10.3.1/thumb/v7e-m/nofp\libgcc.a(_arm_addsubsf3.o)
                0x08000618                __aeabi_frsub
                0x08000620                __subsf3
                0x08000620                __aeabi_fsub
                0x08000624                __aeabi_fadd
                0x08000624                __addsf3
                0x08000784                __aeabi_ui2f
                0x08000784                __floatunsisf
                0x0800078c                __aeabi_i2f
                0x0800078c                __floatsisf
                0x080007a8                __aeabi_ul2f
                0x080007a8                __floatundisf
                0x080007b8                __aeabi_l2f
                0x080007b8                __floatdisf
 .text          0x08000834      0x2a0 c:/progra~1/gcc-ar~1.10/bin/../lib/gcc/arm-none-eabi/10.3.1/thumb/v7e-m/nofp\libgcc.a(_arm_muldivsf3.o)
                0x08000834                __mulsf3
                0x08000834                __aeabi_fmul
                0x0800099c                __aeabi_fdiv
                0x0800099c                __divsf3
 .text          0x08000ad4       0x4c c:/progra~1/gcc-ar~1.10/bin/../lib/gcc/arm-none-eabi/10.3.1/thumb/v7e-m/nofp\libgcc.a(_arm_fixsfsi.o)
                0x08000ad4                __aeabi_f2iz
                0x08000ad4                __fixsfsi
 .text          0x08000b20       0x30 c:/progra~1/gcc-ar~1.10/bin/../lib/gcc/arm-none-eabi/10.3.1/thumb/v7e-m/nofp\libgcc.a(_aeabi_uldivmod.o)
                0x08000b20                __aeabi_uldivmod
 .text          0x08000b50      0x2d0 c:/progra~1/gcc-ar~1.10/bin/../lib/gcc/arm-none-eabi/10.3.1/thumb/v7e-m/nofp\libgcc.a(_udivmoddi4.o)
                0x08000b50                __udivmoddi4
 .text          0x08000e20        0x4 c:/progra~1/gcc-ar~1.10/bin/../lib/gcc/arm-none-eabi/10.3.1/thumb/v7e-m/nofp\libgcc.a(_dvmd_tls.o)
                0x08000e20                __aeabi_idiv0
                0x08000e20                __aeabi_ldiv0
 *fill*         0x08000e24       0x1c 
 .text          0x08000e40       0xdc c:/progra~1/gcc-ar~1.10/bin/../lib/gcc/arm-none-eabi/10.3.1/../../../../arm-none-eabi/lib/thumb/v7e-m/nofp\libg.a(lib_a-strlen.o)
                0x08000e40                strlen
 *fill*         0x08000f1c        0x4 
 .text          0x08000f20       0xa0 c:/progra~1/gcc-ar~1.10/bin/../lib/gcc/arm-none-eabi/10.3.1/../../../../arm-none-eabi/lib/thumb/v7e-m/nofp\libg.a(lib_a-memchr.o)
                0x08000f20                memchr
 .text          0x08000fc0      0x134 c:/progra~1/gcc-ar~1.10/bin/../lib/gcc/arm-none-eabi/10.3.1/../../../../arm-none-eabi/lib/thumb/v7e-m/nofp\libg.a(lib_a-memcpy.o)
                0x08000fc0                memcpy
 .text          0x080010f4      0x424 c:/progra~1/gcc-ar~1.10/bin/../lib/gcc/arm-none-eabi/10.3.1/thumb/v7e-m/nofp\libgcc.a(_arm_muldivdf3.o)
                0x080010f4                __aeabi_dmul
                0x080010f4                __muldf3
                0x08001348                __divdf3
                0x08001348                __aeabi_ddiv
 .text          0x08001518      0x110 c:/progra~1/gcc-ar~1.10/bin/../lib/gcc/arm-none-eabi/10.3.1/thumb/v7e-m/nofp\libgcc.a(_arm_cmpdf2.o)
                0x08001518                __gtdf2
                0x08001518                __gedf2
                0x08001520                __ltdf2
                0x08001520                __ledf2
                0x08001528                __nedf2
                0x08001528                __eqdf2
                0x08001528                __cmpdf2
                0x080015a4                __aeabi_cdrcmple
                0x080015b4                __aeabi_cdcmpeq
                0x080015b4                __aeabi_cdcmple
                0x080015c4                __aeabi_dcmpeq
                0x080015d8                __aeabi_dcmplt
                0x080015ec                __aeabi_dcmple
                0x08001600                __aeabi_dcmpge
                0x08001614                __aeabi_dcmpgt
 .text          0x08001628       0x2c c:/progra~1/gcc-ar~1.10/bin/../lib/gcc/arm-none-eabi/10.3.1/thumb/v7e-m/nofp\libgcc.a(_arm_unorddf2.o)
                0x08001628                __unorddf2
                0x08001628                __aeabi_dcmpun
 .text          0x08001654       0x50 c:/progra~1/gcc-ar~1.10/bin/../lib/gcc/arm-none-eabi/10.3.1/thumb/v7e-m/nofp\libgcc.a(_arm_fixdfsi.o)
                0x08001654                __aeabi_d2iz
                0x08001654                __fixdfsi
 *(.text*)
 .text.IIC_Write_1Byte
                0x080016a4       0x50 CMakeFiles/PMW3901.elf.dir/Core/Src/SPL06_001.c.obj
                0x080016a4                IIC_Write_1Byte
 .text.spl0601_read
                0x080016f4       0x30 CMakeFiles/PMW3901.elf.dir/Core/Src/SPL06_001.c.obj
                0x080016f4                spl0601_read
 .text.spl06_pressure_rate_config
                0x08001724       0x98 CMakeFiles/PMW3901.elf.dir/Core/Src/SPL06_001.c.obj
                0x08001724                spl06_pressure_rate_config
 .text.spl06_temperature_rate_config
                0x080017bc       0x9c CMakeFiles/PMW3901.elf.dir/Core/Src/SPL06_001.c.obj
                0x080017bc                spl06_temperature_rate_config
 .text.spl06_get_measure_status
                0x08001858        0xc CMakeFiles/PMW3901.elf.dir/Core/Src/SPL06_001.c.obj
                0x08001858                spl06_get_measure_status
 .text.spl06_set_measure_mode
                0x08001864        0xe CMakeFiles/PMW3901.elf.dir/Core/Src/SPL06_001.c.obj
                0x08001864                spl06_set_measure_mode
 .text.spl06_get_chip_id
                0x08001872        0xc CMakeFiles/PMW3901.elf.dir/Core/Src/SPL06_001.c.obj
                0x08001872                spl06_get_chip_id
 *fill*         0x0800187e        0x2 
 .text.spl0601_get_calib_param
                0x08001880      0x170 CMakeFiles/PMW3901.elf.dir/Core/Src/SPL06_001.c.obj
                0x08001880                spl0601_get_calib_param
 .text.spl0601_init
                0x080019f0       0x60 CMakeFiles/PMW3901.elf.dir/Core/Src/SPL06_001.c.obj
                0x080019f0                spl0601_init
 .text.spl0601_get_raw_temp
                0x08001a50       0x60 CMakeFiles/PMW3901.elf.dir/Core/Src/SPL06_001.c.obj
                0x08001a50                spl0601_get_raw_temp
 .text.spl0601_get_raw_pressure
                0x08001ab0       0x50 CMakeFiles/PMW3901.elf.dir/Core/Src/SPL06_001.c.obj
                0x08001ab0                spl0601_get_raw_pressure
 .text.spl0601_get_temperature
                0x08001b00       0x64 CMakeFiles/PMW3901.elf.dir/Core/Src/SPL06_001.c.obj
                0x08001b00                spl0601_get_temperature
 .text.spl0601_get_pressure
                0x08001b64       0xe8 CMakeFiles/PMW3901.elf.dir/Core/Src/SPL06_001.c.obj
                0x08001b64                spl0601_get_pressure
 .text.user_spl0601_get_temperature
                0x08001c4c        0xc CMakeFiles/PMW3901.elf.dir/Core/Src/SPL06_001.c.obj
                0x08001c4c                user_spl0601_get_temperature
 .text.user_spl0601_get_presure
                0x08001c58        0xc CMakeFiles/PMW3901.elf.dir/Core/Src/SPL06_001.c.obj
                0x08001c58                user_spl0601_get_presure
 .text.MX_GPIO_Init
                0x08001c64       0x8c CMakeFiles/PMW3901.elf.dir/Core/Src/gpio.c.obj
                0x08001c64                MX_GPIO_Init
 .text.MX_I2C1_Init
                0x08001cf0       0x3c CMakeFiles/PMW3901.elf.dir/Core/Src/i2c.c.obj
                0x08001cf0                MX_I2C1_Init
 .text.HAL_I2C_MspInit
                0x08001d2c       0x70 CMakeFiles/PMW3901.elf.dir/Core/Src/i2c.c.obj
                0x08001d2c                HAL_I2C_MspInit
 .text.HAL_I2C_MspDeInit
                0x08001d9c       0x38 CMakeFiles/PMW3901.elf.dir/Core/Src/i2c.c.obj
                0x08001d9c                HAL_I2C_MspDeInit
 .text.Error_Handler
                0x08001dd4        0x4 CMakeFiles/PMW3901.elf.dir/Core/Src/main.c.obj
                0x08001dd4                Error_Handler
 .text.SystemClock_Config
                0x08001dd8       0xac CMakeFiles/PMW3901.elf.dir/Core/Src/main.c.obj
                0x08001dd8                SystemClock_Config
 .text.main     0x08001e84       0xf4 CMakeFiles/PMW3901.elf.dir/Core/Src/main.c.obj
                0x08001e84                main
 .text.SPI_PMW_SendByte
                0x08001f78       0x48 CMakeFiles/PMW3901.elf.dir/Core/Src/pmw3901.c.obj
                0x08001f78                SPI_PMW_SendByte
 .text.SPI_PMW_ReadByte
                0x08001fc0       0x5c CMakeFiles/PMW3901.elf.dir/Core/Src/pmw3901.c.obj
                0x08001fc0                SPI_PMW_ReadByte
 .text.initRegisters
                0x0800201c      0x252 CMakeFiles/PMW3901.elf.dir/Core/Src/pmw3901.c.obj
                0x0800201c                initRegisters
 *fill*         0x0800226e        0x2 
 .text.PMW3901_ReadID
                0x08002270       0x28 CMakeFiles/PMW3901.elf.dir/Core/Src/pmw3901.c.obj
                0x08002270                PMW3901_ReadID
 .text.PMW3901_dIpihc
                0x08002298       0x34 CMakeFiles/PMW3901.elf.dir/Core/Src/pmw3901.c.obj
                0x08002298                PMW3901_dIpihc
 .text.PMWinit  0x080022cc       0xb0 CMakeFiles/PMW3901.elf.dir/Core/Src/pmw3901.c.obj
                0x080022cc                PMWinit
 .text.RetargetInit
                0x0800237c       0x20 CMakeFiles/PMW3901.elf.dir/Core/Src/retarget.c.obj
                0x0800237c                RetargetInit
 .text._isatty  0x0800239c       0x16 CMakeFiles/PMW3901.elf.dir/Core/Src/retarget.c.obj
                0x0800239c                _isatty
 *fill*         0x080023b2        0x2 
 .text._write   0x080023b4       0x34 CMakeFiles/PMW3901.elf.dir/Core/Src/retarget.c.obj
                0x080023b4                _write
 .text._close   0x080023e8       0x18 CMakeFiles/PMW3901.elf.dir/Core/Src/retarget.c.obj
                0x080023e8                _close
 .text._lseek   0x08002400       0x10 CMakeFiles/PMW3901.elf.dir/Core/Src/retarget.c.obj
                0x08002400                _lseek
 .text._read    0x08002410       0x30 CMakeFiles/PMW3901.elf.dir/Core/Src/retarget.c.obj
                0x08002410                _read
 .text._fstat   0x08002440       0x1a CMakeFiles/PMW3901.elf.dir/Core/Src/retarget.c.obj
                0x08002440                _fstat
 *fill*         0x0800245a        0x2 
 .text.MX_SPI1_Init
                0x0800245c       0x40 CMakeFiles/PMW3901.elf.dir/Core/Src/spi.c.obj
                0x0800245c                MX_SPI1_Init
 .text.MX_SPI2_Init
                0x0800249c       0x44 CMakeFiles/PMW3901.elf.dir/Core/Src/spi.c.obj
                0x0800249c                MX_SPI2_Init
 .text.HAL_SPI_MspInit
                0x080024e0       0xec CMakeFiles/PMW3901.elf.dir/Core/Src/spi.c.obj
                0x080024e0                HAL_SPI_MspInit
 .text.HAL_MspInit
                0x080025cc       0x38 CMakeFiles/PMW3901.elf.dir/Core/Src/stm32f4xx_hal_msp.c.obj
                0x080025cc                HAL_MspInit
 .text.NMI_Handler
                0x08002604        0x2 CMakeFiles/PMW3901.elf.dir/Core/Src/stm32f4xx_it.c.obj
                0x08002604                NMI_Handler
 .text.HardFault_Handler
                0x08002606        0x2 CMakeFiles/PMW3901.elf.dir/Core/Src/stm32f4xx_it.c.obj
                0x08002606                HardFault_Handler
 .text.MemManage_Handler
                0x08002608        0x2 CMakeFiles/PMW3901.elf.dir/Core/Src/stm32f4xx_it.c.obj
                0x08002608                MemManage_Handler
 .text.BusFault_Handler
                0x0800260a        0x2 CMakeFiles/PMW3901.elf.dir/Core/Src/stm32f4xx_it.c.obj
                0x0800260a                BusFault_Handler
 .text.UsageFault_Handler
                0x0800260c        0x2 CMakeFiles/PMW3901.elf.dir/Core/Src/stm32f4xx_it.c.obj
                0x0800260c                UsageFault_Handler
 .text.SVC_Handler
                0x0800260e        0x2 CMakeFiles/PMW3901.elf.dir/Core/Src/stm32f4xx_it.c.obj
                0x0800260e                SVC_Handler
 .text.DebugMon_Handler
                0x08002610        0x2 CMakeFiles/PMW3901.elf.dir/Core/Src/stm32f4xx_it.c.obj
                0x08002610                DebugMon_Handler
 .text.PendSV_Handler
                0x08002612        0x2 CMakeFiles/PMW3901.elf.dir/Core/Src/stm32f4xx_it.c.obj
                0x08002612                PendSV_Handler
 .text.SysTick_Handler
                0x08002614        0x8 CMakeFiles/PMW3901.elf.dir/Core/Src/stm32f4xx_it.c.obj
                0x08002614                SysTick_Handler
 .text._getpid  0x0800261c        0x4 CMakeFiles/PMW3901.elf.dir/Core/Src/syscalls.c.obj
                0x0800261c                _getpid
 .text._kill    0x08002620       0x10 CMakeFiles/PMW3901.elf.dir/Core/Src/syscalls.c.obj
                0x08002620                _kill
 .text._exit    0x08002630        0xc CMakeFiles/PMW3901.elf.dir/Core/Src/syscalls.c.obj
                0x08002630                _exit
 .text._sbrk    0x0800263c       0x48 CMakeFiles/PMW3901.elf.dir/Core/Src/sysmem.c.obj
                0x0800263c                _sbrk
 .text.SystemInit
                0x08002684        0x2 CMakeFiles/PMW3901.elf.dir/Core/Src/system_stm32f4xx.c.obj
                0x08002684                SystemInit
 *fill*         0x08002686        0x2 
 .text.MX_USART1_UART_Init
                0x08002688       0x34 CMakeFiles/PMW3901.elf.dir/Core/Src/usart.c.obj
                0x08002688                MX_USART1_UART_Init
 .text.HAL_UART_MspInit
                0x080026bc       0x74 CMakeFiles/PMW3901.elf.dir/Core/Src/usart.c.obj
                0x080026bc                HAL_UART_MspInit
 .text.sFLASH_SendByte
                0x08002730       0x34 CMakeFiles/PMW3901.elf.dir/Core/Src/w25qxx.c.obj
                0x08002730                sFLASH_SendByte
 .text.sFLASH_ReadID
                0x08002764       0x4c CMakeFiles/PMW3901.elf.dir/Core/Src/w25qxx.c.obj
                0x08002764                sFLASH_ReadID
 .text.Reset_Handler
                0x080027b0       0x50 CMakeFiles/PMW3901.elf.dir/Core/Startup/startup_stm32f407vetx.s.obj
                0x080027b0                Reset_Handler
 .text.Default_Handler
                0x08002800        0x2 CMakeFiles/PMW3901.elf.dir/Core/Startup/startup_stm32f407vetx.s.obj
                0x08002800                RTC_Alarm_IRQHandler
                0x08002800                HASH_RNG_IRQHandler
                0x08002800                EXTI2_IRQHandler
                0x08002800                TIM8_CC_IRQHandler
                0x08002800                TIM1_CC_IRQHandler
                0x08002800                DMA2_Stream5_IRQHandler
                0x08002800                DMA1_Stream5_IRQHandler
                0x08002800                PVD_IRQHandler
                0x08002800                SDIO_IRQHandler
                0x08002800                TAMP_STAMP_IRQHandler
                0x08002800                CAN2_RX1_IRQHandler
                0x08002800                EXTI3_IRQHandler
                0x08002800                TIM8_TRG_COM_TIM14_IRQHandler
                0x08002800                TIM1_UP_TIM10_IRQHandler
                0x08002800                TIM8_UP_TIM13_IRQHandler
                0x08002800                I2C3_ER_IRQHandler
                0x08002800                EXTI0_IRQHandler
                0x08002800                I2C2_EV_IRQHandler
                0x08002800                DMA1_Stream2_IRQHandler
                0x08002800                CAN1_RX0_IRQHandler
                0x08002800                FPU_IRQHandler
                0x08002800                OTG_HS_WKUP_IRQHandler
                0x08002800                CAN2_SCE_IRQHandler
                0x08002800                DMA2_Stream2_IRQHandler
                0x08002800                SPI1_IRQHandler
                0x08002800                TIM6_DAC_IRQHandler
                0x08002800                TIM1_BRK_TIM9_IRQHandler
                0x08002800                DCMI_IRQHandler
                0x08002800                CAN2_RX0_IRQHandler
                0x08002800                DMA2_Stream3_IRQHandler
                0x08002800                USART6_IRQHandler
                0x08002800                USART3_IRQHandler
                0x08002800                CAN1_RX1_IRQHandler
                0x08002800                UART5_IRQHandler
                0x08002800                DMA2_Stream0_IRQHandler
                0x08002800                TIM4_IRQHandler
                0x08002800                I2C1_EV_IRQHandler
                0x08002800                DMA1_Stream6_IRQHandler
                0x08002800                DMA1_Stream1_IRQHandler
                0x08002800                UART4_IRQHandler
                0x08002800                TIM3_IRQHandler
                0x08002800                RCC_IRQHandler
                0x08002800                TIM8_BRK_TIM12_IRQHandler
                0x08002800                Default_Handler
                0x08002800                EXTI15_10_IRQHandler
                0x08002800                ADC_IRQHandler
                0x08002800                DMA1_Stream7_IRQHandler
                0x08002800                TIM7_IRQHandler
                0x08002800                CAN2_TX_IRQHandler
                0x08002800                TIM5_IRQHandler
                0x08002800                DMA2_Stream7_IRQHandler
                0x08002800                I2C3_EV_IRQHandler
                0x08002800                EXTI9_5_IRQHandler
                0x08002800                RTC_WKUP_IRQHandler
                0x08002800                ETH_WKUP_IRQHandler
                0x08002800                SPI2_IRQHandler
                0x08002800                OTG_HS_EP1_IN_IRQHandler
                0x08002800                DMA1_Stream0_IRQHandler
                0x08002800                CAN1_TX_IRQHandler
                0x08002800                EXTI4_IRQHandler
                0x08002800                FSMC_IRQHandler
                0x08002800                ETH_IRQHandler
                0x08002800                OTG_HS_EP1_OUT_IRQHandler
                0x08002800                WWDG_IRQHandler
                0x08002800                TIM2_IRQHandler
                0x08002800                OTG_FS_WKUP_IRQHandler
                0x08002800                TIM1_TRG_COM_TIM11_IRQHandler
                0x08002800                OTG_HS_IRQHandler
                0x08002800                EXTI1_IRQHandler
                0x08002800                USART2_IRQHandler
                0x08002800                I2C2_ER_IRQHandler
                0x08002800                DMA2_Stream1_IRQHandler
                0x08002800                CAN1_SCE_IRQHandler
                0x08002800                FLASH_IRQHandler
                0x08002800                DMA2_Stream4_IRQHandler
                0x08002800                USART1_IRQHandler
                0x08002800                OTG_FS_IRQHandler
                0x08002800                SPI3_IRQHandler
                0x08002800                DMA1_Stream4_IRQHandler
                0x08002800                I2C1_ER_IRQHandler
                0x08002800                DMA2_Stream6_IRQHandler
                0x08002800                DMA1_Stream3_IRQHandler
 *fill*         0x08002802        0x2 
 .text.HAL_InitTick
                0x08002804       0x4c CMakeFiles/PMW3901.elf.dir/Drivers/STM32F4xx_HAL_Driver/Src/stm32f4xx_hal.c.obj
                0x08002804                HAL_InitTick
 .text.HAL_Init
                0x08002850       0x34 CMakeFiles/PMW3901.elf.dir/Drivers/STM32F4xx_HAL_Driver/Src/stm32f4xx_hal.c.obj
                0x08002850                HAL_Init
 .text.HAL_IncTick
                0x08002884       0x18 CMakeFiles/PMW3901.elf.dir/Drivers/STM32F4xx_HAL_Driver/Src/stm32f4xx_hal.c.obj
                0x08002884                HAL_IncTick
 .text.HAL_GetTick
                0x0800289c        0xc CMakeFiles/PMW3901.elf.dir/Drivers/STM32F4xx_HAL_Driver/Src/stm32f4xx_hal.c.obj
                0x0800289c                HAL_GetTick
 .text.HAL_Delay
                0x080028a8       0x28 CMakeFiles/PMW3901.elf.dir/Drivers/STM32F4xx_HAL_Driver/Src/stm32f4xx_hal.c.obj
                0x080028a8                HAL_Delay
 .text.HAL_NVIC_SetPriorityGrouping
                0x080028d0       0x24 CMakeFiles/PMW3901.elf.dir/Drivers/STM32F4xx_HAL_Driver/Src/stm32f4xx_hal_cortex.c.obj
                0x080028d0                HAL_NVIC_SetPriorityGrouping
 .text.HAL_NVIC_SetPriority
                0x080028f4       0x70 CMakeFiles/PMW3901.elf.dir/Drivers/STM32F4xx_HAL_Driver/Src/stm32f4xx_hal_cortex.c.obj
                0x080028f4                HAL_NVIC_SetPriority
 .text.HAL_SYSTICK_Config
                0x08002964       0x28 CMakeFiles/PMW3901.elf.dir/Drivers/STM32F4xx_HAL_Driver/Src/stm32f4xx_hal_cortex.c.obj
                0x08002964                HAL_SYSTICK_Config
 .text.HAL_GPIO_Init
                0x0800298c      0x1e4 CMakeFiles/PMW3901.elf.dir/Drivers/STM32F4xx_HAL_Driver/Src/stm32f4xx_hal_gpio.c.obj
                0x0800298c                HAL_GPIO_Init
 .text.HAL_GPIO_DeInit
                0x08002b70      0x134 CMakeFiles/PMW3901.elf.dir/Drivers/STM32F4xx_HAL_Driver/Src/stm32f4xx_hal_gpio.c.obj
                0x08002b70                HAL_GPIO_DeInit
 .text.HAL_GPIO_WritePin
                0x08002ca4        0xc CMakeFiles/PMW3901.elf.dir/Drivers/STM32F4xx_HAL_Driver/Src/stm32f4xx_hal_gpio.c.obj
                0x08002ca4                HAL_GPIO_WritePin
 .text.I2C_IsAcknowledgeFailed
                0x08002cb0       0x32 CMakeFiles/PMW3901.elf.dir/Drivers/STM32F4xx_HAL_Driver/Src/stm32f4xx_hal_i2c.c.obj
 .text.I2C_WaitOnFlagUntilTimeout
                0x08002ce2       0x7c CMakeFiles/PMW3901.elf.dir/Drivers/STM32F4xx_HAL_Driver/Src/stm32f4xx_hal_i2c.c.obj
 .text.I2C_WaitOnMasterAddressFlagUntilTimeout
                0x08002d5e       0xaa CMakeFiles/PMW3901.elf.dir/Drivers/STM32F4xx_HAL_Driver/Src/stm32f4xx_hal_i2c.c.obj
 .text.I2C_WaitOnTXEFlagUntilTimeout
                0x08002e08       0x54 CMakeFiles/PMW3901.elf.dir/Drivers/STM32F4xx_HAL_Driver/Src/stm32f4xx_hal_i2c.c.obj
 .text.I2C_RequestMemoryWrite
                0x08002e5c       0xd8 CMakeFiles/PMW3901.elf.dir/Drivers/STM32F4xx_HAL_Driver/Src/stm32f4xx_hal_i2c.c.obj
 .text.I2C_RequestMemoryRead
                0x08002f34      0x154 CMakeFiles/PMW3901.elf.dir/Drivers/STM32F4xx_HAL_Driver/Src/stm32f4xx_hal_i2c.c.obj
 .text.I2C_WaitOnBTFFlagUntilTimeout
                0x08003088       0x54 CMakeFiles/PMW3901.elf.dir/Drivers/STM32F4xx_HAL_Driver/Src/stm32f4xx_hal_i2c.c.obj
 .text.I2C_WaitOnRXNEFlagUntilTimeout
                0x080030dc       0x6a CMakeFiles/PMW3901.elf.dir/Drivers/STM32F4xx_HAL_Driver/Src/stm32f4xx_hal_i2c.c.obj
 *fill*         0x08003146        0x2 
 .text.HAL_I2C_Init
                0x08003148      0x1bc CMakeFiles/PMW3901.elf.dir/Drivers/STM32F4xx_HAL_Driver/Src/stm32f4xx_hal_i2c.c.obj
                0x08003148                HAL_I2C_Init
 .text.HAL_I2C_DeInit
                0x08003304       0x32 CMakeFiles/PMW3901.elf.dir/Drivers/STM32F4xx_HAL_Driver/Src/stm32f4xx_hal_i2c.c.obj
                0x08003304                HAL_I2C_DeInit
 *fill*         0x08003336        0x2 
 .text.HAL_I2C_Mem_Write
                0x08003338      0x164 CMakeFiles/PMW3901.elf.dir/Drivers/STM32F4xx_HAL_Driver/Src/stm32f4xx_hal_i2c.c.obj
                0x08003338                HAL_I2C_Mem_Write
 .text.HAL_I2C_Mem_Read
                0x0800349c      0x2e4 CMakeFiles/PMW3901.elf.dir/Drivers/STM32F4xx_HAL_Driver/Src/stm32f4xx_hal_i2c.c.obj
                0x0800349c                HAL_I2C_Mem_Read
 .text.HAL_I2C_IsDeviceReady
                0x08003780      0x194 CMakeFiles/PMW3901.elf.dir/Drivers/STM32F4xx_HAL_Driver/Src/stm32f4xx_hal_i2c.c.obj
                0x08003780                HAL_I2C_IsDeviceReady
 .text.HAL_RCC_OscConfig
                0x08003914      0x3f8 CMakeFiles/PMW3901.elf.dir/Drivers/STM32F4xx_HAL_Driver/Src/stm32f4xx_hal_rcc.c.obj
                0x08003914                HAL_RCC_OscConfig
 .text.HAL_RCC_GetSysClockFreq
                0x08003d0c       0xd4 CMakeFiles/PMW3901.elf.dir/Drivers/STM32F4xx_HAL_Driver/Src/stm32f4xx_hal_rcc.c.obj
                0x08003d0c                HAL_RCC_GetSysClockFreq
 .text.HAL_RCC_ClockConfig
                0x08003de0      0x160 CMakeFiles/PMW3901.elf.dir/Drivers/STM32F4xx_HAL_Driver/Src/stm32f4xx_hal_rcc.c.obj
                0x08003de0                HAL_RCC_ClockConfig
 .text.HAL_RCC_GetHCLKFreq
                0x08003f40        0xc CMakeFiles/PMW3901.elf.dir/Drivers/STM32F4xx_HAL_Driver/Src/stm32f4xx_hal_rcc.c.obj
                0x08003f40                HAL_RCC_GetHCLKFreq
 .text.HAL_RCC_GetPCLK1Freq
                0x08003f4c       0x20 CMakeFiles/PMW3901.elf.dir/Drivers/STM32F4xx_HAL_Driver/Src/stm32f4xx_hal_rcc.c.obj
                0x08003f4c                HAL_RCC_GetPCLK1Freq
 .text.HAL_RCC_GetPCLK2Freq
                0x08003f6c       0x20 CMakeFiles/PMW3901.elf.dir/Drivers/STM32F4xx_HAL_Driver/Src/stm32f4xx_hal_rcc.c.obj
                0x08003f6c                HAL_RCC_GetPCLK2Freq
 .text.SPI_WaitFlagStateUntilTimeout
                0x08003f8c       0xd4 CMakeFiles/PMW3901.elf.dir/Drivers/STM32F4xx_HAL_Driver/Src/stm32f4xx_hal_spi.c.obj
 .text.SPI_EndRxTxTransaction
                0x08004060       0x68 CMakeFiles/PMW3901.elf.dir/Drivers/STM32F4xx_HAL_Driver/Src/stm32f4xx_hal_spi.c.obj
 .text.HAL_SPI_Init
                0x080040c8       0xbe CMakeFiles/PMW3901.elf.dir/Drivers/STM32F4xx_HAL_Driver/Src/stm32f4xx_hal_spi.c.obj
                0x080040c8                HAL_SPI_Init
 .text.HAL_SPI_Transmit
                0x08004186      0x1b8 CMakeFiles/PMW3901.elf.dir/Drivers/STM32F4xx_HAL_Driver/Src/stm32f4xx_hal_spi.c.obj
                0x08004186                HAL_SPI_Transmit
 .text.HAL_SPI_TransmitReceive
                0x0800433e      0x238 CMakeFiles/PMW3901.elf.dir/Drivers/STM32F4xx_HAL_Driver/Src/stm32f4xx_hal_spi.c.obj
                0x0800433e                HAL_SPI_TransmitReceive
 *fill*         0x08004576        0x2 
 .text.UART_SetConfig
                0x08004578      0x110 CMakeFiles/PMW3901.elf.dir/Drivers/STM32F4xx_HAL_Driver/Src/stm32f4xx_hal_uart.c.obj
 .text.UART_WaitOnFlagUntilTimeout
                0x08004688       0x88 CMakeFiles/PMW3901.elf.dir/Drivers/STM32F4xx_HAL_Driver/Src/stm32f4xx_hal_uart.c.obj
 .text.HAL_UART_Init
                0x08004710       0x5e CMakeFiles/PMW3901.elf.dir/Drivers/STM32F4xx_HAL_Driver/Src/stm32f4xx_hal_uart.c.obj
                0x08004710                HAL_UART_Init
 .text.HAL_UART_Transmit
                0x0800476e       0xd8 CMakeFiles/PMW3901.elf.dir/Drivers/STM32F4xx_HAL_Driver/Src/stm32f4xx_hal_uart.c.obj
                0x0800476e                HAL_UART_Transmit
 .text.HAL_UART_Receive
                0x08004846       0xe4 CMakeFiles/PMW3901.elf.dir/Drivers/STM32F4xx_HAL_Driver/Src/stm32f4xx_hal_uart.c.obj
                0x08004846                HAL_UART_Receive
 *fill*         0x0800492a        0x2 
 .text.__errno  0x0800492c        0xc c:/progra~1/gcc-ar~1.10/bin/../lib/gcc/arm-none-eabi/10.3.1/../../../../arm-none-eabi/lib/thumb/v7e-m/nofp\libg.a(lib_a-errno.o)
                0x0800492c                __errno
 .text.__libc_init_array
                0x08004938       0x48 c:/progra~1/gcc-ar~1.10/bin/../lib/gcc/arm-none-eabi/10.3.1/../../../../arm-none-eabi/lib/thumb/v7e-m/nofp\libg.a(lib_a-init.o)
                0x08004938                __libc_init_array
 .text.memset   0x08004980       0xa4 c:/progra~1/gcc-ar~1.10/bin/../lib/gcc/arm-none-eabi/10.3.1/../../../../arm-none-eabi/lib/thumb/v7e-m/nofp\libg.a(lib_a-memset.o)
                0x08004980                memset
 .text.printf   0x08004a24       0x28 c:/progra~1/gcc-ar~1.10/bin/../lib/gcc/arm-none-eabi/10.3.1/../../../../arm-none-eabi/lib/thumb/v7e-m/nofp\libg.a(lib_a-printf.o)
                0x08004a24                printf
 .text._puts_r  0x08004a4c       0x9c c:/progra~1/gcc-ar~1.10/bin/../lib/gcc/arm-none-eabi/10.3.1/../../../../arm-none-eabi/lib/thumb/v7e-m/nofp\libg.a(lib_a-puts.o)
                0x08004a4c                _puts_r
 .text.puts     0x08004ae8       0x10 c:/progra~1/gcc-ar~1.10/bin/../lib/gcc/arm-none-eabi/10.3.1/../../../../arm-none-eabi/lib/thumb/v7e-m/nofp\libg.a(lib_a-puts.o)
                0x08004ae8                puts
 .text.setvbuf  0x08004af8      0x1b0 c:/progra~1/gcc-ar~1.10/bin/../lib/gcc/arm-none-eabi/10.3.1/../../../../arm-none-eabi/lib/thumb/v7e-m/nofp\libg.a(lib_a-setvbuf.o)
                0x08004af8                setvbuf
 .text._vfprintf_r
                0x08004ca8     0x1ad4 c:/progra~1/gcc-ar~1.10/bin/../lib/gcc/arm-none-eabi/10.3.1/../../../../arm-none-eabi/lib/thumb/v7e-m/nofp\libg.a(lib_a-vfprintf.o)
                0x08004ca8                _vfprintf_r
 .text.__sbprintf
                0x0800677c       0x80 c:/progra~1/gcc-ar~1.10/bin/../lib/gcc/arm-none-eabi/10.3.1/../../../../arm-none-eabi/lib/thumb/v7e-m/nofp\libg.a(lib_a-vfprintf.o)
 .text.__swsetup_r
                0x080067fc       0xd4 c:/progra~1/gcc-ar~1.10/bin/../lib/gcc/arm-none-eabi/10.3.1/../../../../arm-none-eabi/lib/thumb/v7e-m/nofp\libg.a(lib_a-wsetup.o)
                0x080067fc                __swsetup_r
 .text.startup.register_fini
                0x080068d0       0x14 c:/progra~1/gcc-ar~1.10/bin/../lib/gcc/arm-none-eabi/10.3.1/../../../../arm-none-eabi/lib/thumb/v7e-m/nofp\libg.a(lib_a-__call_atexit.o)
 .text.atexit   0x080068e4        0xc c:/progra~1/gcc-ar~1.10/bin/../lib/gcc/arm-none-eabi/10.3.1/../../../../arm-none-eabi/lib/thumb/v7e-m/nofp\libg.a(lib_a-atexit.o)
                0x080068e4                atexit
 .text.quorem   0x080068f0      0x124 c:/progra~1/gcc-ar~1.10/bin/../lib/gcc/arm-none-eabi/10.3.1/../../../../arm-none-eabi/lib/thumb/v7e-m/nofp\libg.a(lib_a-dtoa.o)
 *fill*         0x08006a14        0x4 
 .text._dtoa_r  0x08006a18      0xec4 c:/progra~1/gcc-ar~1.10/bin/../lib/gcc/arm-none-eabi/10.3.1/../../../../arm-none-eabi/lib/thumb/v7e-m/nofp\libg.a(lib_a-dtoa.o)
                0x08006a18                _dtoa_r
 .text.__sflush_r
                0x080078dc      0x120 c:/progra~1/gcc-ar~1.10/bin/../lib/gcc/arm-none-eabi/10.3.1/../../../../arm-none-eabi/lib/thumb/v7e-m/nofp\libg.a(lib_a-fflush.o)
                0x080078dc                __sflush_r
 .text._fflush_r
                0x080079fc       0x5c c:/progra~1/gcc-ar~1.10/bin/../lib/gcc/arm-none-eabi/10.3.1/../../../../arm-none-eabi/lib/thumb/v7e-m/nofp\libg.a(lib_a-fflush.o)
                0x080079fc                _fflush_r
 .text._cleanup_r
                0x08007a58        0xc c:/progra~1/gcc-ar~1.10/bin/../lib/gcc/arm-none-eabi/10.3.1/../../../../arm-none-eabi/lib/thumb/v7e-m/nofp\libg.a(lib_a-findfp.o)
                0x08007a58                _cleanup_r
 .text.__sinit  0x08007a64      0x10c c:/progra~1/gcc-ar~1.10/bin/../lib/gcc/arm-none-eabi/10.3.1/../../../../arm-none-eabi/lib/thumb/v7e-m/nofp\libg.a(lib_a-findfp.o)
                0x08007a64                __sinit
 .text.__sfp_lock_acquire
                0x08007b70        0xc c:/progra~1/gcc-ar~1.10/bin/../lib/gcc/arm-none-eabi/10.3.1/../../../../arm-none-eabi/lib/thumb/v7e-m/nofp\libg.a(lib_a-findfp.o)
                0x08007b70                __sfp_lock_acquire
 .text.__sfp_lock_release
                0x08007b7c        0xc c:/progra~1/gcc-ar~1.10/bin/../lib/gcc/arm-none-eabi/10.3.1/../../../../arm-none-eabi/lib/thumb/v7e-m/nofp\libg.a(lib_a-findfp.o)
                0x08007b7c                __sfp_lock_release
 .text.__libc_fini_array
                0x08007b88       0x2c c:/progra~1/gcc-ar~1.10/bin/../lib/gcc/arm-none-eabi/10.3.1/../../../../arm-none-eabi/lib/thumb/v7e-m/nofp\libg.a(lib_a-fini.o)
                0x08007b88                __libc_fini_array
 .text._malloc_trim_r
                0x08007bb4       0xa0 c:/progra~1/gcc-ar~1.10/bin/../lib/gcc/arm-none-eabi/10.3.1/../../../../arm-none-eabi/lib/thumb/v7e-m/nofp\libg.a(lib_a-freer.o)
                0x08007bb4                _malloc_trim_r
 .text._free_r  0x08007c54      0x20c c:/progra~1/gcc-ar~1.10/bin/../lib/gcc/arm-none-eabi/10.3.1/../../../../arm-none-eabi/lib/thumb/v7e-m/nofp\libg.a(lib_a-freer.o)
                0x08007c54                _free_r
 .text.__sfvwrite_r
                0x08007e60      0x2e8 c:/progra~1/gcc-ar~1.10/bin/../lib/gcc/arm-none-eabi/10.3.1/../../../../arm-none-eabi/lib/thumb/v7e-m/nofp\libg.a(lib_a-fvwrite.o)
                0x08007e60                __sfvwrite_r
 .text._fwalk_reent
                0x08008148       0x48 c:/progra~1/gcc-ar~1.10/bin/../lib/gcc/arm-none-eabi/10.3.1/../../../../arm-none-eabi/lib/thumb/v7e-m/nofp\libg.a(lib_a-fwalk.o)
                0x08008148                _fwalk_reent
 .text._localeconv_r
                0x08008190        0x8 c:/progra~1/gcc-ar~1.10/bin/../lib/gcc/arm-none-eabi/10.3.1/../../../../arm-none-eabi/lib/thumb/v7e-m/nofp\libg.a(lib_a-localeconv.o)
                0x08008190                _localeconv_r
 .text.__retarget_lock_init_recursive
                0x08008198        0x4 c:/progra~1/gcc-ar~1.10/bin/../lib/gcc/arm-none-eabi/10.3.1/../../../../arm-none-eabi/lib/thumb/v7e-m/nofp\libg.a(lib_a-lock.o)
                0x08008198                __retarget_lock_init_recursive
 .text.__retarget_lock_close_recursive
                0x0800819c        0x4 c:/progra~1/gcc-ar~1.10/bin/../lib/gcc/arm-none-eabi/10.3.1/../../../../arm-none-eabi/lib/thumb/v7e-m/nofp\libg.a(lib_a-lock.o)
                0x0800819c                __retarget_lock_close_recursive
 .text.__retarget_lock_acquire_recursive
                0x080081a0        0x4 c:/progra~1/gcc-ar~1.10/bin/../lib/gcc/arm-none-eabi/10.3.1/../../../../arm-none-eabi/lib/thumb/v7e-m/nofp\libg.a(lib_a-lock.o)
                0x080081a0                __retarget_lock_acquire_recursive
 .text.__retarget_lock_release_recursive
                0x080081a4        0x4 c:/progra~1/gcc-ar~1.10/bin/../lib/gcc/arm-none-eabi/10.3.1/../../../../arm-none-eabi/lib/thumb/v7e-m/nofp\libg.a(lib_a-lock.o)
                0x080081a4                __retarget_lock_release_recursive
 .text.__smakebuf_r
                0x080081a8       0xe0 c:/progra~1/gcc-ar~1.10/bin/../lib/gcc/arm-none-eabi/10.3.1/../../../../arm-none-eabi/lib/thumb/v7e-m/nofp\libg.a(lib_a-makebuf.o)
                0x080081a8                __smakebuf_r
 .text.__swhatbuf_r
                0x08008288       0x60 c:/progra~1/gcc-ar~1.10/bin/../lib/gcc/arm-none-eabi/10.3.1/../../../../arm-none-eabi/lib/thumb/v7e-m/nofp\libg.a(lib_a-makebuf.o)
                0x08008288                __swhatbuf_r
 .text.malloc   0x080082e8       0x10 c:/progra~1/gcc-ar~1.10/bin/../lib/gcc/arm-none-eabi/10.3.1/../../../../arm-none-eabi/lib/thumb/v7e-m/nofp\libg.a(lib_a-malloc.o)
                0x080082e8                malloc
 .text._malloc_r
                0x080082f8      0x560 c:/progra~1/gcc-ar~1.10/bin/../lib/gcc/arm-none-eabi/10.3.1/../../../../arm-none-eabi/lib/thumb/v7e-m/nofp\libg.a(lib_a-mallocr.o)
                0x080082f8                _malloc_r
 .text.memmove  0x08008858       0xf8 c:/progra~1/gcc-ar~1.10/bin/../lib/gcc/arm-none-eabi/10.3.1/../../../../arm-none-eabi/lib/thumb/v7e-m/nofp\libg.a(lib_a-memmove.o)
                0x08008858                memmove
 .text.__malloc_lock
                0x08008950        0xc c:/progra~1/gcc-ar~1.10/bin/../lib/gcc/arm-none-eabi/10.3.1/../../../../arm-none-eabi/lib/thumb/v7e-m/nofp\libg.a(lib_a-mlock.o)
                0x08008950                __malloc_lock
 .text.__malloc_unlock
                0x0800895c        0xc c:/progra~1/gcc-ar~1.10/bin/../lib/gcc/arm-none-eabi/10.3.1/../../../../arm-none-eabi/lib/thumb/v7e-m/nofp\libg.a(lib_a-mlock.o)
                0x0800895c                __malloc_unlock
 .text._Balloc  0x08008968       0x4c c:/progra~1/gcc-ar~1.10/bin/../lib/gcc/arm-none-eabi/10.3.1/../../../../arm-none-eabi/lib/thumb/v7e-m/nofp\libg.a(lib_a-mprec.o)
                0x08008968                _Balloc
 .text._Bfree   0x080089b4       0x14 c:/progra~1/gcc-ar~1.10/bin/../lib/gcc/arm-none-eabi/10.3.1/../../../../arm-none-eabi/lib/thumb/v7e-m/nofp\libg.a(lib_a-mprec.o)
                0x080089b4                _Bfree
 .text.__multadd
                0x080089c8       0xa0 c:/progra~1/gcc-ar~1.10/bin/../lib/gcc/arm-none-eabi/10.3.1/../../../../arm-none-eabi/lib/thumb/v7e-m/nofp\libg.a(lib_a-mprec.o)
                0x080089c8                __multadd
 .text.__hi0bits
                0x08008a68       0x40 c:/progra~1/gcc-ar~1.10/bin/../lib/gcc/arm-none-eabi/10.3.1/../../../../arm-none-eabi/lib/thumb/v7e-m/nofp\libg.a(lib_a-mprec.o)
                0x08008a68                __hi0bits
 .text.__lo0bits
                0x08008aa8       0x5c c:/progra~1/gcc-ar~1.10/bin/../lib/gcc/arm-none-eabi/10.3.1/../../../../arm-none-eabi/lib/thumb/v7e-m/nofp\libg.a(lib_a-mprec.o)
                0x08008aa8                __lo0bits
 .text.__i2b    0x08008b04       0x5c c:/progra~1/gcc-ar~1.10/bin/../lib/gcc/arm-none-eabi/10.3.1/../../../../arm-none-eabi/lib/thumb/v7e-m/nofp\libg.a(lib_a-mprec.o)
                0x08008b04                __i2b
 .text.__multiply
                0x08008b60      0x15c c:/progra~1/gcc-ar~1.10/bin/../lib/gcc/arm-none-eabi/10.3.1/../../../../arm-none-eabi/lib/thumb/v7e-m/nofp\libg.a(lib_a-mprec.o)
                0x08008b60                __multiply
 .text.__pow5mult
                0x08008cbc       0xc0 c:/progra~1/gcc-ar~1.10/bin/../lib/gcc/arm-none-eabi/10.3.1/../../../../arm-none-eabi/lib/thumb/v7e-m/nofp\libg.a(lib_a-mprec.o)
                0x08008cbc                __pow5mult
 .text.__lshift
                0x08008d7c       0xf0 c:/progra~1/gcc-ar~1.10/bin/../lib/gcc/arm-none-eabi/10.3.1/../../../../arm-none-eabi/lib/thumb/v7e-m/nofp\libg.a(lib_a-mprec.o)
                0x08008d7c                __lshift
 .text.__mcmp   0x08008e6c       0x40 c:/progra~1/gcc-ar~1.10/bin/../lib/gcc/arm-none-eabi/10.3.1/../../../../arm-none-eabi/lib/thumb/v7e-m/nofp\libg.a(lib_a-mprec.o)
                0x08008e6c                __mcmp
 .text.__mdiff  0x08008eac      0x14c c:/progra~1/gcc-ar~1.10/bin/../lib/gcc/arm-none-eabi/10.3.1/../../../../arm-none-eabi/lib/thumb/v7e-m/nofp\libg.a(lib_a-mprec.o)
                0x08008eac                __mdiff
 .text.__d2b    0x08008ff8       0xc4 c:/progra~1/gcc-ar~1.10/bin/../lib/gcc/arm-none-eabi/10.3.1/../../../../arm-none-eabi/lib/thumb/v7e-m/nofp\libg.a(lib_a-mprec.o)
                0x08008ff8                __d2b
 .text._realloc_r
                0x080090bc      0x3d8 c:/progra~1/gcc-ar~1.10/bin/../lib/gcc/arm-none-eabi/10.3.1/../../../../arm-none-eabi/lib/thumb/v7e-m/nofp\libg.a(lib_a-reallocr.o)
                0x080090bc                _realloc_r
 .text.frexp    0x08009494       0x70 c:/progra~1/gcc-ar~1.10/bin/../lib/gcc/arm-none-eabi/10.3.1/../../../../arm-none-eabi/lib/thumb/v7e-m/nofp\libg.a(lib_a-s_frexp.o)
                0x08009494                frexp
 .text._sbrk_r  0x08009504       0x24 c:/progra~1/gcc-ar~1.10/bin/../lib/gcc/arm-none-eabi/10.3.1/../../../../arm-none-eabi/lib/thumb/v7e-m/nofp\libg.a(lib_a-sbrkr.o)
                0x08009504                _sbrk_r
 .text.__sread  0x08009528       0x24 c:/progra~1/gcc-ar~1.10/bin/../lib/gcc/arm-none-eabi/10.3.1/../../../../arm-none-eabi/lib/thumb/v7e-m/nofp\libg.a(lib_a-stdio.o)
                0x08009528                __sread
 .text.__swrite
                0x0800954c       0x40 c:/progra~1/gcc-ar~1.10/bin/../lib/gcc/arm-none-eabi/10.3.1/../../../../arm-none-eabi/lib/thumb/v7e-m/nofp\libg.a(lib_a-stdio.o)
                0x0800954c                __swrite
 .text.__sseek  0x0800958c       0x20 c:/progra~1/gcc-ar~1.10/bin/../lib/gcc/arm-none-eabi/10.3.1/../../../../arm-none-eabi/lib/thumb/v7e-m/nofp\libg.a(lib_a-stdio.o)
                0x0800958c                __sseek
 .text.__sclose
                0x080095ac        0x8 c:/progra~1/gcc-ar~1.10/bin/../lib/gcc/arm-none-eabi/10.3.1/../../../../arm-none-eabi/lib/thumb/v7e-m/nofp\libg.a(lib_a-stdio.o)
                0x080095ac                __sclose
 .text.strncpy  0x080095b4       0x64 c:/progra~1/gcc-ar~1.10/bin/../lib/gcc/arm-none-eabi/10.3.1/../../../../arm-none-eabi/lib/thumb/v7e-m/nofp\libg.a(lib_a-strncpy.o)
                0x080095b4                strncpy
 .text.__sprint_r.part.0
                0x08009618       0x78 c:/progra~1/gcc-ar~1.10/bin/../lib/gcc/arm-none-eabi/10.3.1/../../../../arm-none-eabi/lib/thumb/v7e-m/nofp\libg.a(lib_a-vfiprintf.o)
 .text.__sprint_r
                0x08009690       0x14 c:/progra~1/gcc-ar~1.10/bin/../lib/gcc/arm-none-eabi/10.3.1/../../../../arm-none-eabi/lib/thumb/v7e-m/nofp\libg.a(lib_a-vfiprintf.o)
                0x08009690                __sprint_r
 .text._vfiprintf_r
                0x080096a4      0xda0 c:/progra~1/gcc-ar~1.10/bin/../lib/gcc/arm-none-eabi/10.3.1/../../../../arm-none-eabi/lib/thumb/v7e-m/nofp\libg.a(lib_a-vfiprintf.o)
                0x080096a4                _vfiprintf_r
 .text.__sbprintf
                0x0800a444       0x80 c:/progra~1/gcc-ar~1.10/bin/../lib/gcc/arm-none-eabi/10.3.1/../../../../arm-none-eabi/lib/thumb/v7e-m/nofp\libg.a(lib_a-vfiprintf.o)
 .text._write_r
                0x0800a4c4       0x2c c:/progra~1/gcc-ar~1.10/bin/../lib/gcc/arm-none-eabi/10.3.1/../../../../arm-none-eabi/lib/thumb/v7e-m/nofp\libg.a(lib_a-writer.o)
                0x0800a4c4                _write_r
 .text.__register_exitproc
                0x0800a4f0       0x8c c:/progra~1/gcc-ar~1.10/bin/../lib/gcc/arm-none-eabi/10.3.1/../../../../arm-none-eabi/lib/thumb/v7e-m/nofp\libg.a(lib_a-__atexit.o)
                0x0800a4f0                __register_exitproc
 .text.__assert_func
                0x0800a57c       0x40 c:/progra~1/gcc-ar~1.10/bin/../lib/gcc/arm-none-eabi/10.3.1/../../../../arm-none-eabi/lib/thumb/v7e-m/nofp\libg.a(lib_a-assert.o)
                0x0800a57c                __assert_func
 .text._calloc_r
                0x0800a5bc       0x78 c:/progra~1/gcc-ar~1.10/bin/../lib/gcc/arm-none-eabi/10.3.1/../../../../arm-none-eabi/lib/thumb/v7e-m/nofp\libg.a(lib_a-callocr.o)
                0x0800a5bc                _calloc_r
 .text._close_r
                0x0800a634       0x24 c:/progra~1/gcc-ar~1.10/bin/../lib/gcc/arm-none-eabi/10.3.1/../../../../arm-none-eabi/lib/thumb/v7e-m/nofp\libg.a(lib_a-closer.o)
                0x0800a634                _close_r
 .text._fclose_r
                0x0800a658       0xcc c:/progra~1/gcc-ar~1.10/bin/../lib/gcc/arm-none-eabi/10.3.1/../../../../arm-none-eabi/lib/thumb/v7e-m/nofp\libg.a(lib_a-fclose.o)
                0x0800a658                _fclose_r
 .text.fiprintf
                0x0800a724       0x28 c:/progra~1/gcc-ar~1.10/bin/../lib/gcc/arm-none-eabi/10.3.1/../../../../arm-none-eabi/lib/thumb/v7e-m/nofp\libg.a(lib_a-fiprintf.o)
                0x0800a724                fiprintf
 .text.__fputwc
                0x0800a74c       0xa8 c:/progra~1/gcc-ar~1.10/bin/../lib/gcc/arm-none-eabi/10.3.1/../../../../arm-none-eabi/lib/thumb/v7e-m/nofp\libg.a(lib_a-fputwc.o)
                0x0800a74c                __fputwc
 .text._fputwc_r
                0x0800a7f4       0x68 c:/progra~1/gcc-ar~1.10/bin/../lib/gcc/arm-none-eabi/10.3.1/../../../../arm-none-eabi/lib/thumb/v7e-m/nofp\libg.a(lib_a-fputwc.o)
                0x0800a7f4                _fputwc_r
 .text._fstat_r
                0x0800a85c       0x2c c:/progra~1/gcc-ar~1.10/bin/../lib/gcc/arm-none-eabi/10.3.1/../../../../arm-none-eabi/lib/thumb/v7e-m/nofp\libg.a(lib_a-fstatr.o)
                0x0800a85c                _fstat_r
 .text._isatty_r
                0x0800a888       0x24 c:/progra~1/gcc-ar~1.10/bin/../lib/gcc/arm-none-eabi/10.3.1/../../../../arm-none-eabi/lib/thumb/v7e-m/nofp\libg.a(lib_a-isattyr.o)
                0x0800a888                _isatty_r
 .text.__locale_mb_cur_max
                0x0800a8ac        0xc c:/progra~1/gcc-ar~1.10/bin/../lib/gcc/arm-none-eabi/10.3.1/../../../../arm-none-eabi/lib/thumb/v7e-m/nofp\libg.a(lib_a-locale.o)
                0x0800a8ac                __locale_mb_cur_max
 .text._lseek_r
                0x0800a8b8       0x2c c:/progra~1/gcc-ar~1.10/bin/../lib/gcc/arm-none-eabi/10.3.1/../../../../arm-none-eabi/lib/thumb/v7e-m/nofp\libg.a(lib_a-lseekr.o)
                0x0800a8b8                _lseek_r
 .text.__ascii_mbtowc
                0x0800a8e4       0x2c c:/progra~1/gcc-ar~1.10/bin/../lib/gcc/arm-none-eabi/10.3.1/../../../../arm-none-eabi/lib/thumb/v7e-m/nofp\libg.a(lib_a-mbtowc_r.o)
                0x0800a8e4                __ascii_mbtowc
 .text._read_r  0x0800a910       0x2c c:/progra~1/gcc-ar~1.10/bin/../lib/gcc/arm-none-eabi/10.3.1/../../../../arm-none-eabi/lib/thumb/v7e-m/nofp\libg.a(lib_a-readr.o)
                0x0800a910                _read_r
 .text.__swbuf_r
                0x0800a93c       0xb0 c:/progra~1/gcc-ar~1.10/bin/../lib/gcc/arm-none-eabi/10.3.1/../../../../arm-none-eabi/lib/thumb/v7e-m/nofp\libg.a(lib_a-wbuf.o)
                0x0800a93c                __swbuf_r
 .text._wcrtomb_r
                0x0800a9ec       0x3c c:/progra~1/gcc-ar~1.10/bin/../lib/gcc/arm-none-eabi/10.3.1/../../../../arm-none-eabi/lib/thumb/v7e-m/nofp\libg.a(lib_a-wcrtomb.o)
                0x0800a9ec                _wcrtomb_r
 .text.__ascii_wctomb
                0x0800aa28       0x1c c:/progra~1/gcc-ar~1.10/bin/../lib/gcc/arm-none-eabi/10.3.1/../../../../arm-none-eabi/lib/thumb/v7e-m/nofp\libg.a(lib_a-wctomb_r.o)
                0x0800aa28                __ascii_wctomb
 .text.abort    0x0800aa44       0x10 c:/progra~1/gcc-ar~1.10/bin/../lib/gcc/arm-none-eabi/10.3.1/../../../../arm-none-eabi/lib/thumb/v7e-m/nofp\libg.a(lib_a-abort.o)
                0x0800aa44                abort
 .text.raise    0x0800aa54       0x5c c:/progra~1/gcc-ar~1.10/bin/../lib/gcc/arm-none-eabi/10.3.1/../../../../arm-none-eabi/lib/thumb/v7e-m/nofp\libg.a(lib_a-signal.o)
                0x0800aa54                raise
 .text._kill_r  0x0800aab0       0x2c c:/progra~1/gcc-ar~1.10/bin/../lib/gcc/arm-none-eabi/10.3.1/../../../../arm-none-eabi/lib/thumb/v7e-m/nofp\libg.a(lib_a-signalr.o)
                0x0800aab0                _kill_r
 .text._getpid_r
                0x0800aadc        0x4 c:/progra~1/gcc-ar~1.10/bin/../lib/gcc/arm-none-eabi/10.3.1/../../../../arm-none-eabi/lib/thumb/v7e-m/nofp\libg.a(lib_a-signalr.o)
                0x0800aadc                _getpid_r
 *(.glue_7)
 .glue_7        0x0800aae0        0x0 linker stubs
 *(.glue_7t)
 .glue_7t       0x0800aae0        0x0 linker stubs
 *(.eh_frame)
 .eh_frame      0x0800aae0        0x0 c:/progra~1/gcc-ar~1.10/bin/../lib/gcc/arm-none-eabi/10.3.1/thumb/v7e-m/nofp/crtbegin.o
 *(.init)
 .init          0x0800aae0        0x4 c:/progra~1/gcc-ar~1.10/bin/../lib/gcc/arm-none-eabi/10.3.1/thumb/v7e-m/nofp/crti.o
                0x0800aae0                _init
 .init          0x0800aae4        0x8 c:/progra~1/gcc-ar~1.10/bin/../lib/gcc/arm-none-eabi/10.3.1/thumb/v7e-m/nofp/crtn.o
 *(.fini)
 .fini          0x0800aaec        0x4 c:/progra~1/gcc-ar~1.10/bin/../lib/gcc/arm-none-eabi/10.3.1/thumb/v7e-m/nofp/crti.o
                0x0800aaec                _fini
 .fini          0x0800aaf0        0x8 c:/progra~1/gcc-ar~1.10/bin/../lib/gcc/arm-none-eabi/10.3.1/thumb/v7e-m/nofp/crtn.o
                0x0800aaf8                . = ALIGN (0x4)
                0x0800aaf8                _etext = .

.vfp11_veneer   0x0800aaf8        0x0
 .vfp11_veneer  0x0800aaf8        0x0 linker stubs

.v4_bx          0x0800aaf8        0x0
 .v4_bx         0x0800aaf8        0x0 linker stubs

.iplt           0x0800aaf8        0x0
 .iplt          0x0800aaf8        0x0 c:/progra~1/gcc-ar~1.10/bin/../lib/gcc/arm-none-eabi/10.3.1/thumb/v7e-m/nofp/crtbegin.o

.rodata         0x0800aaf8      0x510
                0x0800aaf8                . = ALIGN (0x4)
 *(.rodata)
 .rodata        0x0800aaf8        0x3 CMakeFiles/PMW3901.elf.dir/Core/Src/SPL06_001.c.obj
 *(.rodata*)
 *fill*         0x0800aafb        0x1 
 .rodata.spl0601_init.str1.4
                0x0800aafc       0x13 CMakeFiles/PMW3901.elf.dir/Core/Src/SPL06_001.c.obj
 *fill*         0x0800ab0f        0x1 
 .rodata.main.str1.4
                0x0800ab10       0xb5 CMakeFiles/PMW3901.elf.dir/Core/Src/main.c.obj
                                 0xbe (size before relaxing)
 .rodata.PMW3901_ReadID.str1.4
                0x0800abc5       0xb5 CMakeFiles/PMW3901.elf.dir/Core/Src/pmw3901.c.obj
                                  0x7 (size before relaxing)
 *fill*         0x0800abc5        0x3 
 .rodata.PMWinit.str1.4
                0x0800abc8       0x24 CMakeFiles/PMW3901.elf.dir/Core/Src/pmw3901.c.obj
 .rodata.AHBPrescTable
                0x0800abec       0x10 CMakeFiles/PMW3901.elf.dir/Core/Src/system_stm32f4xx.c.obj
                0x0800abec                AHBPrescTable
 .rodata.APBPrescTable
                0x0800abfc        0x8 CMakeFiles/PMW3901.elf.dir/Core/Src/system_stm32f4xx.c.obj
                0x0800abfc                APBPrescTable
 .rodata._global_impure_ptr
                0x0800ac04        0x4 c:/progra~1/gcc-ar~1.10/bin/../lib/gcc/arm-none-eabi/10.3.1/../../../../arm-none-eabi/lib/thumb/v7e-m/nofp\libg.a(lib_a-impure.o)
                0x0800ac04                _global_impure_ptr
 .rodata._puts_r.str1.4
                0x0800ac08        0x2 c:/progra~1/gcc-ar~1.10/bin/../lib/gcc/arm-none-eabi/10.3.1/../../../../arm-none-eabi/lib/thumb/v7e-m/nofp\libg.a(lib_a-puts.o)
 *fill*         0x0800ac0a        0x2 
 .rodata._vfprintf_r.str1.4
                0x0800ac0c       0x42 c:/progra~1/gcc-ar~1.10/bin/../lib/gcc/arm-none-eabi/10.3.1/../../../../arm-none-eabi/lib/thumb/v7e-m/nofp\libg.a(lib_a-vfprintf.o)
 *fill*         0x0800ac4e        0x2 
 .rodata.blanks.1
                0x0800ac50       0x10 c:/progra~1/gcc-ar~1.10/bin/../lib/gcc/arm-none-eabi/10.3.1/../../../../arm-none-eabi/lib/thumb/v7e-m/nofp\libg.a(lib_a-vfprintf.o)
 .rodata.zeroes.0
                0x0800ac60       0x10 c:/progra~1/gcc-ar~1.10/bin/../lib/gcc/arm-none-eabi/10.3.1/../../../../arm-none-eabi/lib/thumb/v7e-m/nofp\libg.a(lib_a-vfprintf.o)
 .rodata._dtoa_r.str1.4
                0x0800ac70       0xa2 c:/progra~1/gcc-ar~1.10/bin/../lib/gcc/arm-none-eabi/10.3.1/../../../../arm-none-eabi/lib/thumb/v7e-m/nofp\libg.a(lib_a-dtoa.o)
                                 0xa6 (size before relaxing)
 *fill*         0x0800ad12        0x2 
 .rodata.__multadd.str1.4
                0x0800ad14       0x7f c:/progra~1/gcc-ar~1.10/bin/../lib/gcc/arm-none-eabi/10.3.1/../../../../arm-none-eabi/lib/thumb/v7e-m/nofp\libg.a(lib_a-mprec.o)
                                 0x93 (size before relaxing)
 *fill*         0x0800ad93        0x5 
 .rodata.__mprec_bigtens
                0x0800ad98       0x28 c:/progra~1/gcc-ar~1.10/bin/../lib/gcc/arm-none-eabi/10.3.1/../../../../arm-none-eabi/lib/thumb/v7e-m/nofp\libg.a(lib_a-mprec.o)
                0x0800ad98                __mprec_bigtens
 .rodata.__mprec_tens
                0x0800adc0       0xc8 c:/progra~1/gcc-ar~1.10/bin/../lib/gcc/arm-none-eabi/10.3.1/../../../../arm-none-eabi/lib/thumb/v7e-m/nofp\libg.a(lib_a-mprec.o)
                0x0800adc0                __mprec_tens
 .rodata.p05.0  0x0800ae88        0xc c:/progra~1/gcc-ar~1.10/bin/../lib/gcc/arm-none-eabi/10.3.1/../../../../arm-none-eabi/lib/thumb/v7e-m/nofp\libg.a(lib_a-mprec.o)
 .rodata._vfiprintf_r.str1.4
                0x0800ae94       0x2f c:/progra~1/gcc-ar~1.10/bin/../lib/gcc/arm-none-eabi/10.3.1/../../../../arm-none-eabi/lib/thumb/v7e-m/nofp\libg.a(lib_a-vfiprintf.o)
 .rodata.blanks.1
                0x0800ae94       0x10 c:/progra~1/gcc-ar~1.10/bin/../lib/gcc/arm-none-eabi/10.3.1/../../../../arm-none-eabi/lib/thumb/v7e-m/nofp\libg.a(lib_a-vfiprintf.o)
 .rodata.zeroes.0
                0x0800aea4       0x10 c:/progra~1/gcc-ar~1.10/bin/../lib/gcc/arm-none-eabi/10.3.1/../../../../arm-none-eabi/lib/thumb/v7e-m/nofp\libg.a(lib_a-vfiprintf.o)
 .rodata.__assert_func.str1.4
                0x0800aeb4       0x3f c:/progra~1/gcc-ar~1.10/bin/../lib/gcc/arm-none-eabi/10.3.1/../../../../arm-none-eabi/lib/thumb/v7e-m/nofp\libg.a(lib_a-assert.o)
                                 0x43 (size before relaxing)
 *fill*         0x0800aef3        0x1 
 .rodata._setlocale_r.str1.4
                0x0800aef4        0xa c:/progra~1/gcc-ar~1.10/bin/../lib/gcc/arm-none-eabi/10.3.1/../../../../arm-none-eabi/lib/thumb/v7e-m/nofp\libg.a(lib_a-locale.o)
                                  0xd (size before relaxing)
 *fill*         0x0800aefe        0x2 
 .rodata.str1.4
                0x0800af00        0x2 c:/progra~1/gcc-ar~1.10/bin/../lib/gcc/arm-none-eabi/10.3.1/../../../../arm-none-eabi/lib/thumb/v7e-m/nofp\libg.a(lib_a-locale.o)
 *fill*         0x0800af02        0x2 
 .rodata._ctype_
                0x0800af04      0x101 c:/progra~1/gcc-ar~1.10/bin/../lib/gcc/arm-none-eabi/10.3.1/../../../../arm-none-eabi/lib/thumb/v7e-m/nofp\libg.a(lib_a-ctype_.o)
                0x0800af04                _ctype_
                0x0800b008                . = ALIGN (0x4)
 *fill*         0x0800b005        0x3 

.ARM.extab      0x0800b008        0x0
                0x0800b008                . = ALIGN (0x4)
 *(.ARM.extab* .gnu.linkonce.armextab.*)
                0x0800b008                . = ALIGN (0x4)

.ARM            0x0800b008        0x8
                0x0800b008                . = ALIGN (0x4)
                0x0800b008                __exidx_start = .
 *(.ARM.exidx*)
 .ARM.exidx     0x0800b008        0x8 c:/progra~1/gcc-ar~1.10/bin/../lib/gcc/arm-none-eabi/10.3.1/thumb/v7e-m/nofp\libgcc.a(_udivmoddi4.o)
                0x0800b010                __exidx_end = .
                0x0800b010                . = ALIGN (0x4)

.rel.dyn        0x0800b010        0x0
 .rel.iplt      0x0800b010        0x0 c:/progra~1/gcc-ar~1.10/bin/../lib/gcc/arm-none-eabi/10.3.1/thumb/v7e-m/nofp/crtbegin.o

.preinit_array  0x0800b010        0x0
                0x0800b010                . = ALIGN (0x4)
                0x0800b010                PROVIDE (__preinit_array_start = .)
 *(.preinit_array*)
                0x0800b010                PROVIDE (__preinit_array_end = .)
                0x0800b010                . = ALIGN (0x4)

.init_array     0x0800b010        0x8
                0x0800b010                . = ALIGN (0x4)
                0x0800b010                PROVIDE (__init_array_start = .)
 *(SORT_BY_NAME(.init_array.*))
 .init_array.00000
                0x0800b010        0x4 c:/progra~1/gcc-ar~1.10/bin/../lib/gcc/arm-none-eabi/10.3.1/../../../../arm-none-eabi/lib/thumb/v7e-m/nofp\libg.a(lib_a-__call_atexit.o)
 *(.init_array*)
 .init_array    0x0800b014        0x4 c:/progra~1/gcc-ar~1.10/bin/../lib/gcc/arm-none-eabi/10.3.1/thumb/v7e-m/nofp/crtbegin.o
                0x0800b018                PROVIDE (__init_array_end = .)
                0x0800b018                . = ALIGN (0x4)

.fini_array     0x0800b018        0x4
                0x0800b018                . = ALIGN (0x4)
                0x0800b018                PROVIDE (__fini_array_start = .)
 *(SORT_BY_NAME(.fini_array.*))
 *(.fini_array*)
 .fini_array    0x0800b018        0x4 c:/progra~1/gcc-ar~1.10/bin/../lib/gcc/arm-none-eabi/10.3.1/thumb/v7e-m/nofp/crtbegin.o
                0x0800b01c                PROVIDE (__fini_array_end = .)
                0x0800b01c                . = ALIGN (0x4)
                0x0800b01c                _sidata = LOADADDR (.data)

.data           0x20000000      0x9b8 load address 0x0800b01c
                0x20000000                . = ALIGN (0x4)
                0x20000000                _sdata = .
 *(.data)
 *(.data*)
 .data.SystemCoreClock
                0x20000000        0x4 CMakeFiles/PMW3901.elf.dir/Core/Src/system_stm32f4xx.c.obj
                0x20000000                SystemCoreClock
 .data.uwTickFreq
                0x20000004        0x1 CMakeFiles/PMW3901.elf.dir/Drivers/STM32F4xx_HAL_Driver/Src/stm32f4xx_hal.c.obj
                0x20000004                uwTickFreq
 *fill*         0x20000005        0x3 
 .data.uwTickPrio
                0x20000008        0x4 CMakeFiles/PMW3901.elf.dir/Drivers/STM32F4xx_HAL_Driver/Src/stm32f4xx_hal.c.obj
                0x20000008                uwTickPrio
 .data._impure_ptr
                0x2000000c        0x4 c:/progra~1/gcc-ar~1.10/bin/../lib/gcc/arm-none-eabi/10.3.1/../../../../arm-none-eabi/lib/thumb/v7e-m/nofp\libg.a(lib_a-impure.o)
                0x2000000c                _impure_ptr
 .data.impure_data
                0x20000010      0x428 c:/progra~1/gcc-ar~1.10/bin/../lib/gcc/arm-none-eabi/10.3.1/../../../../arm-none-eabi/lib/thumb/v7e-m/nofp\libg.a(lib_a-impure.o)
 .data.__atexit_recursive_mutex
                0x20000438        0x4 c:/progra~1/gcc-ar~1.10/bin/../lib/gcc/arm-none-eabi/10.3.1/../../../../arm-none-eabi/lib/thumb/v7e-m/nofp\libg.a(lib_a-__call_atexit.o)
                0x20000438                __atexit_recursive_mutex
 .data.__malloc_av_
                0x2000043c      0x408 c:/progra~1/gcc-ar~1.10/bin/../lib/gcc/arm-none-eabi/10.3.1/../../../../arm-none-eabi/lib/thumb/v7e-m/nofp\libg.a(lib_a-mallocr.o)
                0x2000043c                __malloc_av_
 .data.__malloc_sbrk_base
                0x20000844        0x4 c:/progra~1/gcc-ar~1.10/bin/../lib/gcc/arm-none-eabi/10.3.1/../../../../arm-none-eabi/lib/thumb/v7e-m/nofp\libg.a(lib_a-mallocr.o)
                0x20000844                __malloc_sbrk_base
 .data.__malloc_trim_threshold
                0x20000848        0x4 c:/progra~1/gcc-ar~1.10/bin/../lib/gcc/arm-none-eabi/10.3.1/../../../../arm-none-eabi/lib/thumb/v7e-m/nofp\libg.a(lib_a-mallocr.o)
                0x20000848                __malloc_trim_threshold
 .data.__global_locale
                0x2000084c      0x16c c:/progra~1/gcc-ar~1.10/bin/../lib/gcc/arm-none-eabi/10.3.1/../../../../arm-none-eabi/lib/thumb/v7e-m/nofp\libg.a(lib_a-locale.o)
                0x2000084c                __global_locale
 *(.RamFunc)
 *(.RamFunc*)
                0x200009b8                . = ALIGN (0x4)
                0x200009b8                _edata = .
                0x0800b9d4                _siccmram = LOADADDR (.ccmram)

.igot.plt       0x200009b8        0x0 load address 0x0800b9d4
 .igot.plt      0x200009b8        0x0 c:/progra~1/gcc-ar~1.10/bin/../lib/gcc/arm-none-eabi/10.3.1/thumb/v7e-m/nofp/crtbegin.o

.ccmram         0x10000000        0x0 load address 0x0800b9d4
                0x10000000                . = ALIGN (0x4)
                0x10000000                _sccmram = .
 *(.ccmram)
 *(.ccmram*)
                0x10000000                . = ALIGN (0x4)
                0x10000000                _eccmram = .
                0x10000000                . = ALIGN (0x4)

.bss            0x200009b8      0x1f4
                0x200009b8                _sbss = .
                0x200009b8                __bss_start__ = _sbss
 *(.bss)
 .bss           0x200009b8       0x1c c:/progra~1/gcc-ar~1.10/bin/../lib/gcc/arm-none-eabi/10.3.1/thumb/v7e-m/nofp/crtbegin.o
 *(.bss*)
 .bss.spl06     0x200009d4       0x14 CMakeFiles/PMW3901.elf.dir/Core/Src/SPL06_001.c.obj
                0x200009d4                spl06
 .bss.spl06_calib_param
                0x200009e8       0x18 CMakeFiles/PMW3901.elf.dir/Core/Src/SPL06_001.c.obj
 .bss.hi2c1     0x20000a00       0x54 CMakeFiles/PMW3901.elf.dir/Core/Src/i2c.c.obj
                0x20000a00                hi2c1
 .bss.baro_height
                0x20000a54        0x4 CMakeFiles/PMW3901.elf.dir/Core/Src/main.c.obj
                0x20000a54                baro_height
 .bss.presure   0x20000a58        0x4 CMakeFiles/PMW3901.elf.dir/Core/Src/main.c.obj
                0x20000a58                presure
 .bss.temperature
                0x20000a5c        0x4 CMakeFiles/PMW3901.elf.dir/Core/Src/main.c.obj
                0x20000a5c                temperature
 .bss.chipId    0x20000a60        0x2 CMakeFiles/PMW3901.elf.dir/Core/Src/pmw3901.c.obj
                0x20000a60                chipId
 .bss.dIpihc    0x20000a62        0x2 CMakeFiles/PMW3901.elf.dir/Core/Src/pmw3901.c.obj
                0x20000a62                dIpihc
 .bss.gHuart    0x20000a64        0x4 CMakeFiles/PMW3901.elf.dir/Core/Src/retarget.c.obj
                0x20000a64                gHuart
 .bss.hspi1     0x20000a68       0x58 CMakeFiles/PMW3901.elf.dir/Core/Src/spi.c.obj
                0x20000a68                hspi1
 .bss.hspi2     0x20000ac0       0x58 CMakeFiles/PMW3901.elf.dir/Core/Src/spi.c.obj
                0x20000ac0                hspi2
 .bss.__sbrk_heap_end
                0x20000b18        0x4 CMakeFiles/PMW3901.elf.dir/Core/Src/sysmem.c.obj
 .bss.huart1    0x20000b1c       0x44 CMakeFiles/PMW3901.elf.dir/Core/Src/usart.c.obj
                0x20000b1c                huart1
 .bss.uwTick    0x20000b60        0x4 CMakeFiles/PMW3901.elf.dir/Drivers/STM32F4xx_HAL_Driver/Src/stm32f4xx_hal.c.obj
                0x20000b60                uwTick
 .bss.__lock___atexit_recursive_mutex
                0x20000b64        0x1 c:/progra~1/gcc-ar~1.10/bin/../lib/gcc/arm-none-eabi/10.3.1/../../../../arm-none-eabi/lib/thumb/v7e-m/nofp\libg.a(lib_a-lock.o)
                0x20000b64                __lock___atexit_recursive_mutex
 *fill*         0x20000b65        0x3 
 .bss.__lock___malloc_recursive_mutex
                0x20000b68        0x1 c:/progra~1/gcc-ar~1.10/bin/../lib/gcc/arm-none-eabi/10.3.1/../../../../arm-none-eabi/lib/thumb/v7e-m/nofp\libg.a(lib_a-lock.o)
                0x20000b68                __lock___malloc_recursive_mutex
 *fill*         0x20000b69        0x3 
 .bss.__lock___sfp_recursive_mutex
                0x20000b6c        0x1 c:/progra~1/gcc-ar~1.10/bin/../lib/gcc/arm-none-eabi/10.3.1/../../../../arm-none-eabi/lib/thumb/v7e-m/nofp\libg.a(lib_a-lock.o)
                0x20000b6c                __lock___sfp_recursive_mutex
 *fill*         0x20000b6d        0x3 
 .bss.__lock___sinit_recursive_mutex
                0x20000b70        0x1 c:/progra~1/gcc-ar~1.10/bin/../lib/gcc/arm-none-eabi/10.3.1/../../../../arm-none-eabi/lib/thumb/v7e-m/nofp\libg.a(lib_a-lock.o)
                0x20000b70                __lock___sinit_recursive_mutex
 *fill*         0x20000b71        0x3 
 .bss.__malloc_current_mallinfo
                0x20000b74       0x28 c:/progra~1/gcc-ar~1.10/bin/../lib/gcc/arm-none-eabi/10.3.1/../../../../arm-none-eabi/lib/thumb/v7e-m/nofp\libg.a(lib_a-mallocr.o)
                0x20000b74                __malloc_current_mallinfo
 .bss.__malloc_max_sbrked_mem
                0x20000b9c        0x4 c:/progra~1/gcc-ar~1.10/bin/../lib/gcc/arm-none-eabi/10.3.1/../../../../arm-none-eabi/lib/thumb/v7e-m/nofp\libg.a(lib_a-mallocr.o)
                0x20000b9c                __malloc_max_sbrked_mem
 .bss.__malloc_max_total_mem
                0x20000ba0        0x4 c:/progra~1/gcc-ar~1.10/bin/../lib/gcc/arm-none-eabi/10.3.1/../../../../arm-none-eabi/lib/thumb/v7e-m/nofp\libg.a(lib_a-mallocr.o)
                0x20000ba0                __malloc_max_total_mem
 .bss.__malloc_top_pad
                0x20000ba4        0x4 c:/progra~1/gcc-ar~1.10/bin/../lib/gcc/arm-none-eabi/10.3.1/../../../../arm-none-eabi/lib/thumb/v7e-m/nofp\libg.a(lib_a-mallocr.o)
                0x20000ba4                __malloc_top_pad
 .bss.errno     0x20000ba8        0x4 c:/progra~1/gcc-ar~1.10/bin/../lib/gcc/arm-none-eabi/10.3.1/../../../../arm-none-eabi/lib/thumb/v7e-m/nofp\libg.a(lib_a-reent.o)
                0x20000ba8                errno
 *(COMMON)
                0x20000bac                . = ALIGN (0x4)
                0x20000bac                _ebss = .
                0x20000bac                __bss_end__ = _ebss

._user_heap_stack
                0x20000bac      0x604
                0x20000bb0                . = ALIGN (0x8)
 *fill*         0x20000bac        0x4 
                [!provide]                PROVIDE (end = .)
                0x20000bb0                PROVIDE (_end = .)
                0x20000db0                . = (. + _Min_Heap_Size)
 *fill*         0x20000bb0      0x200 
                0x200011b0                . = (. + _Min_Stack_Size)
 *fill*         0x20000db0      0x400 
                0x200011b0                . = ALIGN (0x8)

/DISCARD/
 libc.a(*)
 libm.a(*)
 libgcc.a(*)

.ARM.attributes
                0x00000000       0x2a
 *(.ARM.attributes)
 .ARM.attributes
                0x00000000       0x1e c:/progra~1/gcc-ar~1.10/bin/../lib/gcc/arm-none-eabi/10.3.1/thumb/v7e-m/nofp/crti.o
 .ARM.attributes
                0x0000001e       0x2e c:/progra~1/gcc-ar~1.10/bin/../lib/gcc/arm-none-eabi/10.3.1/thumb/v7e-m/nofp/crtbegin.o
 .ARM.attributes
                0x0000004c       0x2e CMakeFiles/PMW3901.elf.dir/Core/Src/SPL06_001.c.obj
 .ARM.attributes
                0x0000007a       0x2e CMakeFiles/PMW3901.elf.dir/Core/Src/gpio.c.obj
 .ARM.attributes
                0x000000a8       0x2e CMakeFiles/PMW3901.elf.dir/Core/Src/i2c.c.obj
 .ARM.attributes
                0x000000d6       0x2e CMakeFiles/PMW3901.elf.dir/Core/Src/main.c.obj
 .ARM.attributes
                0x00000104       0x2e CMakeFiles/PMW3901.elf.dir/Core/Src/pmw3901.c.obj
 .ARM.attributes
                0x00000132       0x2e CMakeFiles/PMW3901.elf.dir/Core/Src/retarget.c.obj
 .ARM.attributes
                0x00000160       0x2e CMakeFiles/PMW3901.elf.dir/Core/Src/spi.c.obj
 .ARM.attributes
                0x0000018e       0x2e CMakeFiles/PMW3901.elf.dir/Core/Src/stm32f4xx_hal_msp.c.obj
 .ARM.attributes
                0x000001bc       0x2e CMakeFiles/PMW3901.elf.dir/Core/Src/stm32f4xx_it.c.obj
 .ARM.attributes
                0x000001ea       0x2e CMakeFiles/PMW3901.elf.dir/Core/Src/syscalls.c.obj
 .ARM.attributes
                0x00000218       0x2e CMakeFiles/PMW3901.elf.dir/Core/Src/sysmem.c.obj
 .ARM.attributes
                0x00000246       0x2e CMakeFiles/PMW3901.elf.dir/Core/Src/system_stm32f4xx.c.obj
 .ARM.attributes
                0x00000274       0x2e CMakeFiles/PMW3901.elf.dir/Core/Src/usart.c.obj
 .ARM.attributes
                0x000002a2       0x2e CMakeFiles/PMW3901.elf.dir/Core/Src/w25qxx.c.obj
 .ARM.attributes
                0x000002d0       0x21 CMakeFiles/PMW3901.elf.dir/Core/Startup/startup_stm32f407vetx.s.obj
 .ARM.attributes
                0x000002f1       0x2e CMakeFiles/PMW3901.elf.dir/Drivers/STM32F4xx_HAL_Driver/Src/stm32f4xx_hal.c.obj
 .ARM.attributes
                0x0000031f       0x2e CMakeFiles/PMW3901.elf.dir/Drivers/STM32F4xx_HAL_Driver/Src/stm32f4xx_hal_cortex.c.obj
 .ARM.attributes
                0x0000034d       0x2e CMakeFiles/PMW3901.elf.dir/Drivers/STM32F4xx_HAL_Driver/Src/stm32f4xx_hal_gpio.c.obj
 .ARM.attributes
                0x0000037b       0x2e CMakeFiles/PMW3901.elf.dir/Drivers/STM32F4xx_HAL_Driver/Src/stm32f4xx_hal_i2c.c.obj
 .ARM.attributes
                0x000003a9       0x2e CMakeFiles/PMW3901.elf.dir/Drivers/STM32F4xx_HAL_Driver/Src/stm32f4xx_hal_rcc.c.obj
 .ARM.attributes
                0x000003d7       0x2e CMakeFiles/PMW3901.elf.dir/Drivers/STM32F4xx_HAL_Driver/Src/stm32f4xx_hal_spi.c.obj
 .ARM.attributes
                0x00000405       0x2e CMakeFiles/PMW3901.elf.dir/Drivers/STM32F4xx_HAL_Driver/Src/stm32f4xx_hal_uart.c.obj
 .ARM.attributes
                0x00000433       0x1e c:/progra~1/gcc-ar~1.10/bin/../lib/gcc/arm-none-eabi/10.3.1/thumb/v7e-m/nofp\libgcc.a(_arm_addsubdf3.o)
 .ARM.attributes
                0x00000451       0x1e c:/progra~1/gcc-ar~1.10/bin/../lib/gcc/arm-none-eabi/10.3.1/thumb/v7e-m/nofp\libgcc.a(_arm_truncdfsf2.o)
 .ARM.attributes
                0x0000046f       0x1e c:/progra~1/gcc-ar~1.10/bin/../lib/gcc/arm-none-eabi/10.3.1/thumb/v7e-m/nofp\libgcc.a(_arm_addsubsf3.o)
 .ARM.attributes
                0x0000048d       0x1e c:/progra~1/gcc-ar~1.10/bin/../lib/gcc/arm-none-eabi/10.3.1/thumb/v7e-m/nofp\libgcc.a(_arm_muldivsf3.o)
 .ARM.attributes
                0x000004ab       0x1e c:/progra~1/gcc-ar~1.10/bin/../lib/gcc/arm-none-eabi/10.3.1/thumb/v7e-m/nofp\libgcc.a(_arm_fixsfsi.o)
 .ARM.attributes
                0x000004c9       0x1e c:/progra~1/gcc-ar~1.10/bin/../lib/gcc/arm-none-eabi/10.3.1/thumb/v7e-m/nofp\libgcc.a(_aeabi_uldivmod.o)
 .ARM.attributes
                0x000004e7       0x2e c:/progra~1/gcc-ar~1.10/bin/../lib/gcc/arm-none-eabi/10.3.1/thumb/v7e-m/nofp\libgcc.a(_udivmoddi4.o)
 .ARM.attributes
                0x00000515       0x1e c:/progra~1/gcc-ar~1.10/bin/../lib/gcc/arm-none-eabi/10.3.1/thumb/v7e-m/nofp\libgcc.a(_dvmd_tls.o)
 .ARM.attributes
                0x00000533       0x2e c:/progra~1/gcc-ar~1.10/bin/../lib/gcc/arm-none-eabi/10.3.1/../../../../arm-none-eabi/lib/thumb/v7e-m/nofp\libg.a(lib_a-errno.o)
 .ARM.attributes
                0x00000561       0x2e c:/progra~1/gcc-ar~1.10/bin/../lib/gcc/arm-none-eabi/10.3.1/../../../../arm-none-eabi/lib/thumb/v7e-m/nofp\libg.a(lib_a-impure.o)
 .ARM.attributes
                0x0000058f       0x2e c:/progra~1/gcc-ar~1.10/bin/../lib/gcc/arm-none-eabi/10.3.1/../../../../arm-none-eabi/lib/thumb/v7e-m/nofp\libg.a(lib_a-init.o)
 .ARM.attributes
                0x000005bd       0x2e c:/progra~1/gcc-ar~1.10/bin/../lib/gcc/arm-none-eabi/10.3.1/../../../../arm-none-eabi/lib/thumb/v7e-m/nofp\libg.a(lib_a-memset.o)
 .ARM.attributes
                0x000005eb       0x2e c:/progra~1/gcc-ar~1.10/bin/../lib/gcc/arm-none-eabi/10.3.1/../../../../arm-none-eabi/lib/thumb/v7e-m/nofp\libg.a(lib_a-printf.o)
 .ARM.attributes
                0x00000619       0x2e c:/progra~1/gcc-ar~1.10/bin/../lib/gcc/arm-none-eabi/10.3.1/../../../../arm-none-eabi/lib/thumb/v7e-m/nofp\libg.a(lib_a-puts.o)
 .ARM.attributes
                0x00000647       0x2e c:/progra~1/gcc-ar~1.10/bin/../lib/gcc/arm-none-eabi/10.3.1/../../../../arm-none-eabi/lib/thumb/v7e-m/nofp\libg.a(lib_a-setvbuf.o)
 .ARM.attributes
                0x00000675       0x1c c:/progra~1/gcc-ar~1.10/bin/../lib/gcc/arm-none-eabi/10.3.1/../../../../arm-none-eabi/lib/thumb/v7e-m/nofp\libg.a(lib_a-strlen.o)
 .ARM.attributes
                0x00000691       0x2e c:/progra~1/gcc-ar~1.10/bin/../lib/gcc/arm-none-eabi/10.3.1/../../../../arm-none-eabi/lib/thumb/v7e-m/nofp\libg.a(lib_a-vfprintf.o)
 .ARM.attributes
                0x000006bf       0x2e c:/progra~1/gcc-ar~1.10/bin/../lib/gcc/arm-none-eabi/10.3.1/../../../../arm-none-eabi/lib/thumb/v7e-m/nofp\libg.a(lib_a-wsetup.o)
 .ARM.attributes
                0x000006ed       0x2e c:/progra~1/gcc-ar~1.10/bin/../lib/gcc/arm-none-eabi/10.3.1/../../../../arm-none-eabi/lib/thumb/v7e-m/nofp\libg.a(lib_a-__call_atexit.o)
 .ARM.attributes
                0x0000071b       0x2e c:/progra~1/gcc-ar~1.10/bin/../lib/gcc/arm-none-eabi/10.3.1/../../../../arm-none-eabi/lib/thumb/v7e-m/nofp\libg.a(lib_a-atexit.o)
 .ARM.attributes
                0x00000749       0x2e c:/progra~1/gcc-ar~1.10/bin/../lib/gcc/arm-none-eabi/10.3.1/../../../../arm-none-eabi/lib/thumb/v7e-m/nofp\libg.a(lib_a-dtoa.o)
 .ARM.attributes
                0x00000777       0x2e c:/progra~1/gcc-ar~1.10/bin/../lib/gcc/arm-none-eabi/10.3.1/../../../../arm-none-eabi/lib/thumb/v7e-m/nofp\libg.a(lib_a-fflush.o)
 .ARM.attributes
                0x000007a5       0x2e c:/progra~1/gcc-ar~1.10/bin/../lib/gcc/arm-none-eabi/10.3.1/../../../../arm-none-eabi/lib/thumb/v7e-m/nofp\libg.a(lib_a-findfp.o)
 .ARM.attributes
                0x000007d3       0x2e c:/progra~1/gcc-ar~1.10/bin/../lib/gcc/arm-none-eabi/10.3.1/../../../../arm-none-eabi/lib/thumb/v7e-m/nofp\libg.a(lib_a-fini.o)
 .ARM.attributes
                0x00000801       0x2e c:/progra~1/gcc-ar~1.10/bin/../lib/gcc/arm-none-eabi/10.3.1/../../../../arm-none-eabi/lib/thumb/v7e-m/nofp\libg.a(lib_a-freer.o)
 .ARM.attributes
                0x0000082f       0x2e c:/progra~1/gcc-ar~1.10/bin/../lib/gcc/arm-none-eabi/10.3.1/../../../../arm-none-eabi/lib/thumb/v7e-m/nofp\libg.a(lib_a-fvwrite.o)
 .ARM.attributes
                0x0000085d       0x2e c:/progra~1/gcc-ar~1.10/bin/../lib/gcc/arm-none-eabi/10.3.1/../../../../arm-none-eabi/lib/thumb/v7e-m/nofp\libg.a(lib_a-fwalk.o)
 .ARM.attributes
                0x0000088b       0x2e c:/progra~1/gcc-ar~1.10/bin/../lib/gcc/arm-none-eabi/10.3.1/../../../../arm-none-eabi/lib/thumb/v7e-m/nofp\libg.a(lib_a-localeconv.o)
 .ARM.attributes
                0x000008b9       0x2e c:/progra~1/gcc-ar~1.10/bin/../lib/gcc/arm-none-eabi/10.3.1/../../../../arm-none-eabi/lib/thumb/v7e-m/nofp\libg.a(lib_a-lock.o)
 .ARM.attributes
                0x000008e7       0x2e c:/progra~1/gcc-ar~1.10/bin/../lib/gcc/arm-none-eabi/10.3.1/../../../../arm-none-eabi/lib/thumb/v7e-m/nofp\libg.a(lib_a-makebuf.o)
 .ARM.attributes
                0x00000915       0x2e c:/progra~1/gcc-ar~1.10/bin/../lib/gcc/arm-none-eabi/10.3.1/../../../../arm-none-eabi/lib/thumb/v7e-m/nofp\libg.a(lib_a-malloc.o)
 .ARM.attributes
                0x00000943       0x2e c:/progra~1/gcc-ar~1.10/bin/../lib/gcc/arm-none-eabi/10.3.1/../../../../arm-none-eabi/lib/thumb/v7e-m/nofp\libg.a(lib_a-mallocr.o)
 .ARM.attributes
                0x00000971       0x1c c:/progra~1/gcc-ar~1.10/bin/../lib/gcc/arm-none-eabi/10.3.1/../../../../arm-none-eabi/lib/thumb/v7e-m/nofp\libg.a(lib_a-memchr.o)
 .ARM.attributes
                0x0000098d       0x1c c:/progra~1/gcc-ar~1.10/bin/../lib/gcc/arm-none-eabi/10.3.1/../../../../arm-none-eabi/lib/thumb/v7e-m/nofp\libg.a(lib_a-memcpy.o)
 .ARM.attributes
                0x000009a9       0x2e c:/progra~1/gcc-ar~1.10/bin/../lib/gcc/arm-none-eabi/10.3.1/../../../../arm-none-eabi/lib/thumb/v7e-m/nofp\libg.a(lib_a-memmove.o)
 .ARM.attributes
                0x000009d7       0x2e c:/progra~1/gcc-ar~1.10/bin/../lib/gcc/arm-none-eabi/10.3.1/../../../../arm-none-eabi/lib/thumb/v7e-m/nofp\libg.a(lib_a-mlock.o)
 .ARM.attributes
                0x00000a05       0x2e c:/progra~1/gcc-ar~1.10/bin/../lib/gcc/arm-none-eabi/10.3.1/../../../../arm-none-eabi/lib/thumb/v7e-m/nofp\libg.a(lib_a-mprec.o)
 .ARM.attributes
                0x00000a33       0x2e c:/progra~1/gcc-ar~1.10/bin/../lib/gcc/arm-none-eabi/10.3.1/../../../../arm-none-eabi/lib/thumb/v7e-m/nofp\libg.a(lib_a-reallocr.o)
 .ARM.attributes
                0x00000a61       0x2e c:/progra~1/gcc-ar~1.10/bin/../lib/gcc/arm-none-eabi/10.3.1/../../../../arm-none-eabi/lib/thumb/v7e-m/nofp\libg.a(lib_a-s_frexp.o)
 .ARM.attributes
                0x00000a8f       0x2e c:/progra~1/gcc-ar~1.10/bin/../lib/gcc/arm-none-eabi/10.3.1/../../../../arm-none-eabi/lib/thumb/v7e-m/nofp\libg.a(lib_a-sbrkr.o)
 .ARM.attributes
                0x00000abd       0x2e c:/progra~1/gcc-ar~1.10/bin/../lib/gcc/arm-none-eabi/10.3.1/../../../../arm-none-eabi/lib/thumb/v7e-m/nofp\libg.a(lib_a-stdio.o)
 .ARM.attributes
                0x00000aeb       0x2e c:/progra~1/gcc-ar~1.10/bin/../lib/gcc/arm-none-eabi/10.3.1/../../../../arm-none-eabi/lib/thumb/v7e-m/nofp\libg.a(lib_a-strncpy.o)
 .ARM.attributes
                0x00000b19       0x2e c:/progra~1/gcc-ar~1.10/bin/../lib/gcc/arm-none-eabi/10.3.1/../../../../arm-none-eabi/lib/thumb/v7e-m/nofp\libg.a(lib_a-vfiprintf.o)
 .ARM.attributes
                0x00000b47       0x2e c:/progra~1/gcc-ar~1.10/bin/../lib/gcc/arm-none-eabi/10.3.1/../../../../arm-none-eabi/lib/thumb/v7e-m/nofp\libg.a(lib_a-writer.o)
 .ARM.attributes
                0x00000b75       0x2e c:/progra~1/gcc-ar~1.10/bin/../lib/gcc/arm-none-eabi/10.3.1/../../../../arm-none-eabi/lib/thumb/v7e-m/nofp\libg.a(lib_a-__atexit.o)
 .ARM.attributes
                0x00000ba3       0x2e c:/progra~1/gcc-ar~1.10/bin/../lib/gcc/arm-none-eabi/10.3.1/../../../../arm-none-eabi/lib/thumb/v7e-m/nofp\libg.a(lib_a-assert.o)
 .ARM.attributes
                0x00000bd1       0x2e c:/progra~1/gcc-ar~1.10/bin/../lib/gcc/arm-none-eabi/10.3.1/../../../../arm-none-eabi/lib/thumb/v7e-m/nofp\libg.a(lib_a-callocr.o)
 .ARM.attributes
                0x00000bff       0x2e c:/progra~1/gcc-ar~1.10/bin/../lib/gcc/arm-none-eabi/10.3.1/../../../../arm-none-eabi/lib/thumb/v7e-m/nofp\libg.a(lib_a-closer.o)
 .ARM.attributes
                0x00000c2d       0x2e c:/progra~1/gcc-ar~1.10/bin/../lib/gcc/arm-none-eabi/10.3.1/../../../../arm-none-eabi/lib/thumb/v7e-m/nofp\libg.a(lib_a-fclose.o)
 .ARM.attributes
                0x00000c5b       0x2e c:/progra~1/gcc-ar~1.10/bin/../lib/gcc/arm-none-eabi/10.3.1/../../../../arm-none-eabi/lib/thumb/v7e-m/nofp\libg.a(lib_a-fiprintf.o)
 .ARM.attributes
                0x00000c89       0x2e c:/progra~1/gcc-ar~1.10/bin/../lib/gcc/arm-none-eabi/10.3.1/../../../../arm-none-eabi/lib/thumb/v7e-m/nofp\libg.a(lib_a-fputwc.o)
 .ARM.attributes
                0x00000cb7       0x2e c:/progra~1/gcc-ar~1.10/bin/../lib/gcc/arm-none-eabi/10.3.1/../../../../arm-none-eabi/lib/thumb/v7e-m/nofp\libg.a(lib_a-fstatr.o)
 .ARM.attributes
                0x00000ce5       0x2e c:/progra~1/gcc-ar~1.10/bin/../lib/gcc/arm-none-eabi/10.3.1/../../../../arm-none-eabi/lib/thumb/v7e-m/nofp\libg.a(lib_a-isattyr.o)
 .ARM.attributes
                0x00000d13       0x2e c:/progra~1/gcc-ar~1.10/bin/../lib/gcc/arm-none-eabi/10.3.1/../../../../arm-none-eabi/lib/thumb/v7e-m/nofp\libg.a(lib_a-locale.o)
 .ARM.attributes
                0x00000d41       0x2e c:/progra~1/gcc-ar~1.10/bin/../lib/gcc/arm-none-eabi/10.3.1/../../../../arm-none-eabi/lib/thumb/v7e-m/nofp\libg.a(lib_a-lseekr.o)
 .ARM.attributes
                0x00000d6f       0x2e c:/progra~1/gcc-ar~1.10/bin/../lib/gcc/arm-none-eabi/10.3.1/../../../../arm-none-eabi/lib/thumb/v7e-m/nofp\libg.a(lib_a-mbtowc_r.o)
 .ARM.attributes
                0x00000d9d       0x2e c:/progra~1/gcc-ar~1.10/bin/../lib/gcc/arm-none-eabi/10.3.1/../../../../arm-none-eabi/lib/thumb/v7e-m/nofp\libg.a(lib_a-readr.o)
 .ARM.attributes
                0x00000dcb       0x2e c:/progra~1/gcc-ar~1.10/bin/../lib/gcc/arm-none-eabi/10.3.1/../../../../arm-none-eabi/lib/thumb/v7e-m/nofp\libg.a(lib_a-reent.o)
 .ARM.attributes
                0x00000df9       0x2e c:/progra~1/gcc-ar~1.10/bin/../lib/gcc/arm-none-eabi/10.3.1/../../../../arm-none-eabi/lib/thumb/v7e-m/nofp\libg.a(lib_a-wbuf.o)
 .ARM.attributes
                0x00000e27       0x2e c:/progra~1/gcc-ar~1.10/bin/../lib/gcc/arm-none-eabi/10.3.1/../../../../arm-none-eabi/lib/thumb/v7e-m/nofp\libg.a(lib_a-wcrtomb.o)
 .ARM.attributes
                0x00000e55       0x2e c:/progra~1/gcc-ar~1.10/bin/../lib/gcc/arm-none-eabi/10.3.1/../../../../arm-none-eabi/lib/thumb/v7e-m/nofp\libg.a(lib_a-wctomb_r.o)
 .ARM.attributes
                0x00000e83       0x2e c:/progra~1/gcc-ar~1.10/bin/../lib/gcc/arm-none-eabi/10.3.1/../../../../arm-none-eabi/lib/thumb/v7e-m/nofp\libg.a(lib_a-abort.o)
 .ARM.attributes
                0x00000eb1       0x2e c:/progra~1/gcc-ar~1.10/bin/../lib/gcc/arm-none-eabi/10.3.1/../../../../arm-none-eabi/lib/thumb/v7e-m/nofp\libg.a(lib_a-ctype_.o)
 .ARM.attributes
                0x00000edf       0x2e c:/progra~1/gcc-ar~1.10/bin/../lib/gcc/arm-none-eabi/10.3.1/../../../../arm-none-eabi/lib/thumb/v7e-m/nofp\libg.a(lib_a-signal.o)
 .ARM.attributes
                0x00000f0d       0x2e c:/progra~1/gcc-ar~1.10/bin/../lib/gcc/arm-none-eabi/10.3.1/../../../../arm-none-eabi/lib/thumb/v7e-m/nofp\libg.a(lib_a-signalr.o)
 .ARM.attributes
                0x00000f3b       0x1e c:/progra~1/gcc-ar~1.10/bin/../lib/gcc/arm-none-eabi/10.3.1/thumb/v7e-m/nofp\libgcc.a(_arm_muldivdf3.o)
 .ARM.attributes
                0x00000f59       0x1e c:/progra~1/gcc-ar~1.10/bin/../lib/gcc/arm-none-eabi/10.3.1/thumb/v7e-m/nofp\libgcc.a(_arm_cmpdf2.o)
 .ARM.attributes
                0x00000f77       0x1e c:/progra~1/gcc-ar~1.10/bin/../lib/gcc/arm-none-eabi/10.3.1/thumb/v7e-m/nofp\libgcc.a(_arm_unorddf2.o)
 .ARM.attributes
                0x00000f95       0x1e c:/progra~1/gcc-ar~1.10/bin/../lib/gcc/arm-none-eabi/10.3.1/thumb/v7e-m/nofp\libgcc.a(_arm_fixdfsi.o)
 .ARM.attributes
                0x00000fb3       0x1e c:/progra~1/gcc-ar~1.10/bin/../lib/gcc/arm-none-eabi/10.3.1/thumb/v7e-m/nofp/crtn.o
OUTPUT(PMW3901.elf elf32-littlearm)
LOAD linker stubs
LOAD c:/progra~1/gcc-ar~1.10/bin/../lib/gcc/arm-none-eabi/10.3.1/../../../../arm-none-eabi/lib/thumb/v7e-m/nofp\libc.a
LOAD c:/progra~1/gcc-ar~1.10/bin/../lib/gcc/arm-none-eabi/10.3.1/../../../../arm-none-eabi/lib/thumb/v7e-m/nofp\libm.a
LOAD c:/progra~1/gcc-ar~1.10/bin/../lib/gcc/arm-none-eabi/10.3.1/thumb/v7e-m/nofp\libgcc.a

.debug_info     0x00000000    0x15114
 .debug_info    0x00000000     0x1413 CMakeFiles/PMW3901.elf.dir/Core/Src/SPL06_001.c.obj
 .debug_info    0x00001413      0x477 CMakeFiles/PMW3901.elf.dir/Core/Src/gpio.c.obj
 .debug_info    0x0000188a      0xa52 CMakeFiles/PMW3901.elf.dir/Core/Src/i2c.c.obj
 .debug_info    0x000022dc      0xd62 CMakeFiles/PMW3901.elf.dir/Core/Src/main.c.obj
 .debug_info    0x0000303e     0x14d6 CMakeFiles/PMW3901.elf.dir/Core/Src/pmw3901.c.obj
 .debug_info    0x00004514     0x12ff CMakeFiles/PMW3901.elf.dir/Core/Src/retarget.c.obj
 .debug_info    0x00005813      0xb34 CMakeFiles/PMW3901.elf.dir/Core/Src/spi.c.obj
 .debug_info    0x00006347      0x2a4 CMakeFiles/PMW3901.elf.dir/Core/Src/stm32f4xx_hal_msp.c.obj
 .debug_info    0x000065eb      0x12f CMakeFiles/PMW3901.elf.dir/Core/Src/stm32f4xx_it.c.obj
 .debug_info    0x0000671a      0x6ca CMakeFiles/PMW3901.elf.dir/Core/Src/syscalls.c.obj
 .debug_info    0x00006de4      0x174 CMakeFiles/PMW3901.elf.dir/Core/Src/sysmem.c.obj
 .debug_info    0x00006f58      0x37d CMakeFiles/PMW3901.elf.dir/Core/Src/system_stm32f4xx.c.obj
 .debug_info    0x000072d5      0x9ce CMakeFiles/PMW3901.elf.dir/Core/Src/usart.c.obj
 .debug_info    0x00007ca3      0xcec CMakeFiles/PMW3901.elf.dir/Core/Src/w25qxx.c.obj
 .debug_info    0x0000898f       0x22 CMakeFiles/PMW3901.elf.dir/Core/Startup/startup_stm32f407vetx.s.obj
 .debug_info    0x000089b1      0x9f0 CMakeFiles/PMW3901.elf.dir/Drivers/STM32F4xx_HAL_Driver/Src/stm32f4xx_hal.c.obj
 .debug_info    0x000093a1     0x1098 CMakeFiles/PMW3901.elf.dir/Drivers/STM32F4xx_HAL_Driver/Src/stm32f4xx_hal_cortex.c.obj
 .debug_info    0x0000a439      0x7b0 CMakeFiles/PMW3901.elf.dir/Drivers/STM32F4xx_HAL_Driver/Src/stm32f4xx_hal_gpio.c.obj
 .debug_info    0x0000abe9     0x3944 CMakeFiles/PMW3901.elf.dir/Drivers/STM32F4xx_HAL_Driver/Src/stm32f4xx_hal_i2c.c.obj
 .debug_info    0x0000e52d      0xb03 CMakeFiles/PMW3901.elf.dir/Drivers/STM32F4xx_HAL_Driver/Src/stm32f4xx_hal_rcc.c.obj
 .debug_info    0x0000f030     0x1e96 CMakeFiles/PMW3901.elf.dir/Drivers/STM32F4xx_HAL_Driver/Src/stm32f4xx_hal_spi.c.obj
 .debug_info    0x00010ec6     0x424e CMakeFiles/PMW3901.elf.dir/Drivers/STM32F4xx_HAL_Driver/Src/stm32f4xx_hal_uart.c.obj

.debug_abbrev   0x00000000     0x2991
 .debug_abbrev  0x00000000      0x2b1 CMakeFiles/PMW3901.elf.dir/Core/Src/SPL06_001.c.obj
 .debug_abbrev  0x000002b1      0x14e CMakeFiles/PMW3901.elf.dir/Core/Src/gpio.c.obj
 .debug_abbrev  0x000003ff      0x1d3 CMakeFiles/PMW3901.elf.dir/Core/Src/i2c.c.obj
 .debug_abbrev  0x000005d2      0x268 CMakeFiles/PMW3901.elf.dir/Core/Src/main.c.obj
 .debug_abbrev  0x0000083a      0x254 CMakeFiles/PMW3901.elf.dir/Core/Src/pmw3901.c.obj
 .debug_abbrev  0x00000a8e      0x2b4 CMakeFiles/PMW3901.elf.dir/Core/Src/retarget.c.obj
 .debug_abbrev  0x00000d42      0x1d3 CMakeFiles/PMW3901.elf.dir/Core/Src/spi.c.obj
 .debug_abbrev  0x00000f15       0xd1 CMakeFiles/PMW3901.elf.dir/Core/Src/stm32f4xx_hal_msp.c.obj
 .debug_abbrev  0x00000fe6       0x7e CMakeFiles/PMW3901.elf.dir/Core/Src/stm32f4xx_it.c.obj
 .debug_abbrev  0x00001064      0x1a3 CMakeFiles/PMW3901.elf.dir/Core/Src/syscalls.c.obj
 .debug_abbrev  0x00001207       0xe7 CMakeFiles/PMW3901.elf.dir/Core/Src/sysmem.c.obj
 .debug_abbrev  0x000012ee      0x119 CMakeFiles/PMW3901.elf.dir/Core/Src/system_stm32f4xx.c.obj
 .debug_abbrev  0x00001407      0x1da CMakeFiles/PMW3901.elf.dir/Core/Src/usart.c.obj
 .debug_abbrev  0x000015e1      0x1eb CMakeFiles/PMW3901.elf.dir/Core/Src/w25qxx.c.obj
 .debug_abbrev  0x000017cc       0x12 CMakeFiles/PMW3901.elf.dir/Core/Startup/startup_stm32f407vetx.s.obj
 .debug_abbrev  0x000017de      0x206 CMakeFiles/PMW3901.elf.dir/Drivers/STM32F4xx_HAL_Driver/Src/stm32f4xx_hal.c.obj
 .debug_abbrev  0x000019e4      0x36a CMakeFiles/PMW3901.elf.dir/Drivers/STM32F4xx_HAL_Driver/Src/stm32f4xx_hal_cortex.c.obj
 .debug_abbrev  0x00001d4e      0x1ef CMakeFiles/PMW3901.elf.dir/Drivers/STM32F4xx_HAL_Driver/Src/stm32f4xx_hal_gpio.c.obj
 .debug_abbrev  0x00001f3d      0x27f CMakeFiles/PMW3901.elf.dir/Drivers/STM32F4xx_HAL_Driver/Src/stm32f4xx_hal_i2c.c.obj
 .debug_abbrev  0x000021bc      0x28a CMakeFiles/PMW3901.elf.dir/Drivers/STM32F4xx_HAL_Driver/Src/stm32f4xx_hal_rcc.c.obj
 .debug_abbrev  0x00002446      0x24e CMakeFiles/PMW3901.elf.dir/Drivers/STM32F4xx_HAL_Driver/Src/stm32f4xx_hal_spi.c.obj
 .debug_abbrev  0x00002694      0x2fd CMakeFiles/PMW3901.elf.dir/Drivers/STM32F4xx_HAL_Driver/Src/stm32f4xx_hal_uart.c.obj

.debug_loc      0x00000000     0xd24e
 .debug_loc     0x00000000      0x5e7 CMakeFiles/PMW3901.elf.dir/Core/Src/SPL06_001.c.obj
 .debug_loc     0x000005e7       0x67 CMakeFiles/PMW3901.elf.dir/Core/Src/i2c.c.obj
 .debug_loc     0x0000064e       0x23 CMakeFiles/PMW3901.elf.dir/Core/Src/main.c.obj
 .debug_loc     0x00000671      0x18f CMakeFiles/PMW3901.elf.dir/Core/Src/pmw3901.c.obj
 .debug_loc     0x00000800      0x389 CMakeFiles/PMW3901.elf.dir/Core/Src/retarget.c.obj
 .debug_loc     0x00000b89       0xbe CMakeFiles/PMW3901.elf.dir/Core/Src/spi.c.obj
 .debug_loc     0x00000c47      0x331 CMakeFiles/PMW3901.elf.dir/Core/Src/syscalls.c.obj
 .debug_loc     0x00000f78       0x64 CMakeFiles/PMW3901.elf.dir/Core/Src/sysmem.c.obj
 .debug_loc     0x00000fdc      0x158 CMakeFiles/PMW3901.elf.dir/Core/Src/system_stm32f4xx.c.obj
 .debug_loc     0x00001134       0x84 CMakeFiles/PMW3901.elf.dir/Core/Src/usart.c.obj
 .debug_loc     0x000011b8      0x417 CMakeFiles/PMW3901.elf.dir/Core/Src/w25qxx.c.obj
 .debug_loc     0x000015cf      0x141 CMakeFiles/PMW3901.elf.dir/Drivers/STM32F4xx_HAL_Driver/Src/stm32f4xx_hal.c.obj
 .debug_loc     0x00001710      0x744 CMakeFiles/PMW3901.elf.dir/Drivers/STM32F4xx_HAL_Driver/Src/stm32f4xx_hal_cortex.c.obj
 .debug_loc     0x00001e54      0x520 CMakeFiles/PMW3901.elf.dir/Drivers/STM32F4xx_HAL_Driver/Src/stm32f4xx_hal_gpio.c.obj
 .debug_loc     0x00002374     0x41b6 CMakeFiles/PMW3901.elf.dir/Drivers/STM32F4xx_HAL_Driver/Src/stm32f4xx_hal_i2c.c.obj
 .debug_loc     0x0000652a      0x58c CMakeFiles/PMW3901.elf.dir/Drivers/STM32F4xx_HAL_Driver/Src/stm32f4xx_hal_rcc.c.obj
 .debug_loc     0x00006ab6     0x1ded CMakeFiles/PMW3901.elf.dir/Drivers/STM32F4xx_HAL_Driver/Src/stm32f4xx_hal_spi.c.obj
 .debug_loc     0x000088a3     0x49ab CMakeFiles/PMW3901.elf.dir/Drivers/STM32F4xx_HAL_Driver/Src/stm32f4xx_hal_uart.c.obj

.debug_aranges  0x00000000      0xd28
 .debug_aranges
                0x00000000       0xe0 CMakeFiles/PMW3901.elf.dir/Core/Src/SPL06_001.c.obj
 .debug_aranges
                0x000000e0       0x20 CMakeFiles/PMW3901.elf.dir/Core/Src/gpio.c.obj
 .debug_aranges
                0x00000100       0x30 CMakeFiles/PMW3901.elf.dir/Core/Src/i2c.c.obj
 .debug_aranges
                0x00000130       0x30 CMakeFiles/PMW3901.elf.dir/Core/Src/main.c.obj
 .debug_aranges
                0x00000160       0x58 CMakeFiles/PMW3901.elf.dir/Core/Src/pmw3901.c.obj
 .debug_aranges
                0x000001b8       0x50 CMakeFiles/PMW3901.elf.dir/Core/Src/retarget.c.obj
 .debug_aranges
                0x00000208       0x38 CMakeFiles/PMW3901.elf.dir/Core/Src/spi.c.obj
 .debug_aranges
                0x00000240       0x20 CMakeFiles/PMW3901.elf.dir/Core/Src/stm32f4xx_hal_msp.c.obj
 .debug_aranges
                0x00000260       0x60 CMakeFiles/PMW3901.elf.dir/Core/Src/stm32f4xx_it.c.obj
 .debug_aranges
                0x000002c0       0x88 CMakeFiles/PMW3901.elf.dir/Core/Src/syscalls.c.obj
 .debug_aranges
                0x00000348       0x20 CMakeFiles/PMW3901.elf.dir/Core/Src/sysmem.c.obj
 .debug_aranges
                0x00000368       0x28 CMakeFiles/PMW3901.elf.dir/Core/Src/system_stm32f4xx.c.obj
 .debug_aranges
                0x00000390       0x30 CMakeFiles/PMW3901.elf.dir/Core/Src/usart.c.obj
 .debug_aranges
                0x000003c0       0x58 CMakeFiles/PMW3901.elf.dir/Core/Src/w25qxx.c.obj
 .debug_aranges
                0x00000418       0x28 CMakeFiles/PMW3901.elf.dir/Core/Startup/startup_stm32f407vetx.s.obj
 .debug_aranges
                0x00000440       0xf0 CMakeFiles/PMW3901.elf.dir/Drivers/STM32F4xx_HAL_Driver/Src/stm32f4xx_hal.c.obj
 .debug_aranges
                0x00000530       0xa8 CMakeFiles/PMW3901.elf.dir/Drivers/STM32F4xx_HAL_Driver/Src/stm32f4xx_hal_cortex.c.obj
 .debug_aranges
                0x000005d8       0x58 CMakeFiles/PMW3901.elf.dir/Drivers/STM32F4xx_HAL_Driver/Src/stm32f4xx_hal_gpio.c.obj
 .debug_aranges
                0x00000630      0x2a0 CMakeFiles/PMW3901.elf.dir/Drivers/STM32F4xx_HAL_Driver/Src/stm32f4xx_hal_i2c.c.obj
 .debug_aranges