Archive member included to satisfy reference by file (symbol)

c:/progra~1/gcc-ar~1.10/bin/../lib/gcc/arm-none-eabi/10.3.1/thumb/v7e-m/nofp\libgcc.a(_arm_mulsf3.o)
                              CMakeFiles/hall_speed.elf.dir/Core/Src/bsp_bldc.c.obj (__aeabi_fmul)
c:/progra~1/gcc-ar~1.10/bin/../lib/gcc/arm-none-eabi/10.3.1/thumb/v7e-m/nofp\libgcc.a(_arm_addsubdf3.o)
                              CMakeFiles/hall_speed.elf.dir/Core/Src/main.c.obj (__aeabi_f2d)
c:/progra~1/gcc-ar~1.10/bin/../lib/gcc/arm-none-eabi/10.3.1/thumb/v7e-m/nofp\libgcc.a(_arm_addsubsf3.o)
                              CMakeFiles/hall_speed.elf.dir/Core/Src/main.c.obj (__aeabi_ui2f)
c:/progra~1/gcc-ar~1.10/bin/../lib/gcc/arm-none-eabi/10.3.1/thumb/v7e-m/nofp\libgcc.a(_arm_muldivsf3.o)
                              CMakeFiles/hall_speed.elf.dir/Core/Src/main.c.obj (__aeabi_fdiv)
c:/progra~1/gcc-ar~1.10/bin/../lib/gcc/arm-none-eabi/10.3.1/thumb/v7e-m/nofp\libgcc.a(_arm_cmpsf2.o)
                              CMakeFiles/hall_speed.elf.dir/Core/Src/bsp_bldc.c.obj (__aeabi_fcmplt)
c:/progra~1/gcc-ar~1.10/bin/../lib/gcc/arm-none-eabi/10.3.1/thumb/v7e-m/nofp\libgcc.a(_arm_fixunssfsi.o)
                              CMakeFiles/hall_speed.elf.dir/Core/Src/bsp_bldc.c.obj (__aeabi_f2uiz)
c:/progra~1/gcc-ar~1.10/bin/../lib/gcc/arm-none-eabi/10.3.1/thumb/v7e-m/nofp\libgcc.a(_aeabi_uldivmod.o)
                              CMakeFiles/hall_speed.elf.dir/Drivers/STM32F4xx_HAL_Driver/Src/stm32f4xx_hal_rcc.c.obj (__aeabi_uldivmod)
c:/progra~1/gcc-ar~1.10/bin/../lib/gcc/arm-none-eabi/10.3.1/thumb/v7e-m/nofp\libgcc.a(_udivmoddi4.o)
                              c:/progra~1/gcc-ar~1.10/bin/../lib/gcc/arm-none-eabi/10.3.1/thumb/v7e-m/nofp\libgcc.a(_aeabi_uldivmod.o) (__udivmoddi4)
c:/progra~1/gcc-ar~1.10/bin/../lib/gcc/arm-none-eabi/10.3.1/thumb/v7e-m/nofp\libgcc.a(_dvmd_tls.o)
                              c:/progra~1/gcc-ar~1.10/bin/../lib/gcc/arm-none-eabi/10.3.1/thumb/v7e-m/nofp\libgcc.a(_aeabi_uldivmod.o) (__aeabi_ldiv0)
c:/progra~1/gcc-ar~1.10/bin/../lib/gcc/arm-none-eabi/10.3.1/../../../../arm-none-eabi/lib/thumb/v7e-m/nofp\libg.a(lib_a-errno.o)
                              CMakeFiles/hall_speed.elf.dir/Core/Src/retarget.c.obj (__errno)
c:/progra~1/gcc-ar~1.10/bin/../lib/gcc/arm-none-eabi/10.3.1/../../../../arm-none-eabi/lib/thumb/v7e-m/nofp\libg.a(lib_a-exit.o)
                              c:/progra~1/gcc-ar~1.10/bin/../lib/gcc/arm-none-eabi/10.3.1/../../../../arm-none-eabi/lib/thumb/v7e-m/nofp/crt0.o (exit)
c:/progra~1/gcc-ar~1.10/bin/../lib/gcc/arm-none-eabi/10.3.1/../../../../arm-none-eabi/lib/thumb/v7e-m/nofp\libg.a(lib_a-impure.o)
                              c:/progra~1/gcc-ar~1.10/bin/../lib/gcc/arm-none-eabi/10.3.1/../../../../arm-none-eabi/lib/thumb/v7e-m/nofp\libg.a(lib_a-exit.o) (_global_impure_ptr)
c:/progra~1/gcc-ar~1.10/bin/../lib/gcc/arm-none-eabi/10.3.1/../../../../arm-none-eabi/lib/thumb/v7e-m/nofp\libg.a(lib_a-init.o)
                              c:/progra~1/gcc-ar~1.10/bin/../lib/gcc/arm-none-eabi/10.3.1/../../../../arm-none-eabi/lib/thumb/v7e-m/nofp/crt0.o (__libc_init_array)
c:/progra~1/gcc-ar~1.10/bin/../lib/gcc/arm-none-eabi/10.3.1/../../../../arm-none-eabi/lib/thumb/v7e-m/nofp\libg.a(lib_a-memset.o)
                              c:/progra~1/gcc-ar~1.10/bin/../lib/gcc/arm-none-eabi/10.3.1/../../../../arm-none-eabi/lib/thumb/v7e-m/nofp/crt0.o (memset)
c:/progra~1/gcc-ar~1.10/bin/../lib/gcc/arm-none-eabi/10.3.1/../../../../arm-none-eabi/lib/thumb/v7e-m/nofp\libg.a(lib_a-printf.o)
                              CMakeFiles/hall_speed.elf.dir/Core/Src/main.c.obj (printf)
c:/progra~1/gcc-ar~1.10/bin/../lib/gcc/arm-none-eabi/10.3.1/../../../../arm-none-eabi/lib/thumb/v7e-m/nofp\libg.a(lib_a-puts.o)
                              CMakeFiles/hall_speed.elf.dir/Core/Src/main.c.obj (puts)
c:/progra~1/gcc-ar~1.10/bin/../lib/gcc/arm-none-eabi/10.3.1/../../../../arm-none-eabi/lib/thumb/v7e-m/nofp\libg.a(lib_a-setvbuf.o)
                              CMakeFiles/hall_speed.elf.dir/Core/Src/retarget.c.obj (setvbuf)
c:/progra~1/gcc-ar~1.10/bin/../lib/gcc/arm-none-eabi/10.3.1/../../../../arm-none-eabi/lib/thumb/v7e-m/nofp\libg.a(lib_a-strlen.o)
                              c:/progra~1/gcc-ar~1.10/bin/../lib/gcc/arm-none-eabi/10.3.1/../../../../arm-none-eabi/lib/thumb/v7e-m/nofp\libg.a(lib_a-puts.o) (strlen)
c:/progra~1/gcc-ar~1.10/bin/../lib/gcc/arm-none-eabi/10.3.1/../../../../arm-none-eabi/lib/thumb/v7e-m/nofp\libg.a(lib_a-vfprintf.o)
                              c:/progra~1/gcc-ar~1.10/bin/../lib/gcc/arm-none-eabi/10.3.1/../../../../arm-none-eabi/lib/thumb/v7e-m/nofp\libg.a(lib_a-printf.o) (_vfprintf_r)
c:/progra~1/gcc-ar~1.10/bin/../lib/gcc/arm-none-eabi/10.3.1/../../../../arm-none-eabi/lib/thumb/v7e-m/nofp\libg.a(lib_a-wsetup.o)
                              c:/progra~1/gcc-ar~1.10/bin/../lib/gcc/arm-none-eabi/10.3.1/../../../../arm-none-eabi/lib/thumb/v7e-m/nofp\libg.a(lib_a-vfprintf.o) (__swsetup_r)
[...]
Memory Configuration

Name             Origin             Length             Attributes
CCMRAM           0x10000000         0x00010000         xrw
RAM              0x20000000         0x00020000         xrw
FLASH            0x08000000         0x00100000         xr
*default*        0x00000000         0xffffffff

Linker script and memory map

LOAD c:/progra~1/gcc-ar~1.10/bin/../lib/gcc/arm-none-eabi/10.3.1/thumb/v7e-m/nofp/crti.o
LOAD c:/progra~1/gcc-ar~1.10/bin/../lib/gcc/arm-none-eabi/10.3.1/thumb/v7e-m/nofp/crtbegin.o
LOAD c:/progra~1/gcc-ar~1.10/bin/../lib/gcc/arm-none-eabi/10.3.1/../../../../arm-none-eabi/lib/thumb/v7e-m/nofp/crt0.o
LOAD CMakeFiles/hall_speed.elf.dir/Core/Src/bsp_bldc.c.obj
LOAD CMakeFiles/hall_speed.elf.dir/Core/Src/bsp_hall.c.obj
LOAD CMakeFiles/hall_speed.elf.dir/Core/Src/gpio.c.obj
LOAD CMakeFiles/hall_speed.elf.dir/Core/Src/main.c.obj
LOAD CMakeFiles/hall_speed.elf.dir/Core/Src/retarget.c.obj
LOAD CMakeFiles/hall_speed.elf.dir/Core/Src/stm32f4xx_hal_msp.c.obj
LOAD CMakeFiles/hall_speed.elf.dir/Core/Src/stm32f4xx_it.c.obj
LOAD CMakeFiles/hall_speed.elf.dir/Core/Src/syscalls.c.obj
LOAD CMakeFiles/hall_speed.elf.dir/Core/Src/sysmem.c.obj
LOAD CMakeFiles/hall_speed.elf.dir/Core/Src/system_stm32f4xx.c.obj
LOAD CMakeFiles/hall_speed.elf.dir/Core/Src/tim.c.obj
LOAD CMakeFiles/hall_speed.elf.dir/Core/Src/usart.c.obj
LOAD CMakeFiles/hall_speed.elf.dir/Core/Startup/startup_stm32f407igtx.s.obj
LOAD CMakeFiles/hall_speed.elf.dir/Drivers/STM32F4xx_HAL_Driver/Src/stm32f4xx_hal.c.obj
LOAD CMakeFiles/hall_speed.elf.dir/Drivers/STM32F4xx_HAL_Driver/Src/stm32f4xx_hal_cortex.c.obj
LOAD CMakeFiles/hall_speed.elf.dir/Drivers/STM32F4xx_HAL_Driver/Src/stm32f4xx_hal_dma.c.obj
LOAD CMakeFiles/hall_speed.elf.dir/Drivers/STM32F4xx_HAL_Driver/Src/stm32f4xx_hal_dma_ex.c.obj
LOAD CMakeFiles/hall_speed.elf.dir/Drivers/STM32F4xx_HAL_Driver/Src/stm32f4xx_hal_exti.c.obj
LOAD CMakeFiles/hall_speed.elf.dir/Drivers/STM32F4xx_HAL_Driver/Src/stm32f4xx_hal_flash.c.obj
LOAD CMakeFiles/hall_speed.elf.dir/Drivers/STM32F4xx_HAL_Driver/Src/stm32f4xx_hal_flash_ex.c.obj
LOAD CMakeFiles/hall_speed.elf.dir/Drivers/STM32F4xx_HAL_Driver/Src/stm32f4xx_hal_flash_ramfunc.c.obj
LOAD CMakeFiles/hall_speed.elf.dir/Drivers/STM32F4xx_HAL_Driver/Src/stm32f4xx_hal_gpio.c.obj
LOAD CMakeFiles/hall_speed.elf.dir/Drivers/STM32F4xx_HAL_Driver/Src/stm32f4xx_hal_pwr.c.obj
LOAD CMakeFiles/hall_speed.elf.dir/Drivers/STM32F4xx_HAL_Driver/Src/stm32f4xx_hal_pwr_ex.c.obj
LOAD CMakeFiles/hall_speed.elf.dir/Drivers/STM32F4xx_HAL_Driver/Src/stm32f4xx_hal_rcc.c.obj
LOAD CMakeFiles/hall_speed.elf.dir/Drivers/STM32F4xx_HAL_Driver/Src/stm32f4xx_hal_rcc_ex.c.obj
LOAD CMakeFiles/hall_speed.elf.dir/Drivers/STM32F4xx_HAL_Driver/Src/stm32f4xx_hal_tim.c.obj
LOAD CMakeFiles/hall_speed.elf.dir/Drivers/STM32F4xx_HAL_Driver/Src/stm32f4xx_hal_tim_ex.c.obj
LOAD CMakeFiles/hall_speed.elf.dir/Drivers/STM32F4xx_HAL_Driver/Src/stm32f4xx_hal_uart.c.obj
START GROUP
LOAD c:/progra~1/gcc-ar~1.10/bin/../lib/gcc/arm-none-eabi/10.3.1/thumb/v7e-m/nofp\libgcc.a
LOAD c:/progra~1/gcc-ar~1.10/bin/../lib/gcc/arm-none-eabi/10.3.1/../../../../arm-none-eabi/lib/thumb/v7e-m/nofp\libg.a
LOAD c:/progra~1/gcc-ar~1.10/bin/../lib/gcc/arm-none-eabi/10.3.1/../../../../arm-none-eabi/lib/thumb/v7e-m/nofp\libc.a
END GROUP
LOAD c:/progra~1/gcc-ar~1.10/bin/../lib/gcc/arm-none-eabi/10.3.1/thumb/v7e-m/nofp/crtend.o
LOAD c:/progra~1/gcc-ar~1.10/bin/../lib/gcc/arm-none-eabi/10.3.1/thumb/v7e-m/nofp/crtn.o
                0x20020000                _estack = (ORIGIN (RAM) + LENGTH (RAM))
                0x00000200                _Min_Heap_Size = 0x200
                0x00000400                _Min_Stack_Size = 0x400

.isr_vector     0x08000000      0x188
                0x08000000                . = ALIGN (0x4)
 *(.isr_vector)
 .isr_vector    0x08000000      0x188 CMakeFiles/hall_speed.elf.dir/Core/Startup/startup_stm32f407igtx.s.obj
                0x08000000                g_pfnVectors
                0x08000188                . = ALIGN (0x4)

.text           0x080001c0     0x9400
                0x080001c0                . = ALIGN (0x4)
 *(.text)
 .text          0x080001c0       0x40 c:/progra~1/gcc-ar~1.10/bin/../lib/gcc/arm-none-eabi/10.3.1/thumb/v7e-m/nofp/crtbegin.o
 .text          0x08000200      0x378 c:/progra~1/gcc-ar~1.10/bin/../lib/gcc/arm-none-eabi/10.3.1/thumb/v7e-m/nofp\libgcc.a(_arm_addsubdf3.o)
                0x08000200                __aeabi_drsub
                0x08000208                __aeabi_dsub
                0x08000208                __subdf3
                0x0800020c                __aeabi_dadd
                0x0800020c                __adddf3
                0x08000484                __floatunsidf
                0x08000484                __aeabi_ui2d
                0x080004a4                __floatsidf
                0x080004a4                __aeabi_i2d
                0x080004c8                __aeabi_f2d
                0x080004c8                __extendsfdf2
                0x0800050c                __floatundidf
                0x0800050c                __aeabi_ul2d
                0x0800051c                __floatdidf
                0x0800051c                __aeabi_l2d
 .text          0x08000578      0x21c c:/progra~1/gcc-ar~1.10/bin/../lib/gcc/arm-none-eabi/10.3.1/thumb/v7e-m/nofp\libgcc.a(_arm_addsubsf3.o)
                0x08000578                __aeabi_frsub
                0x08000580                __subsf3
                0x08000580                __aeabi_fsub
                0x08000584                __aeabi_fadd
                0x08000584                __addsf3
                0x080006e4                __aeabi_ui2f
                0x080006e4                __floatunsisf
                0x080006ec                __aeabi_i2f
                0x080006ec                __floatsisf
                0x08000708                __aeabi_ul2f
                0x08000708                __floatundisf
                0x08000718                __aeabi_l2f
                0x08000718                __floatdisf
 .text          0x08000794      0x2a0 c:/progra~1/gcc-ar~1.10/bin/../lib/gcc/arm-none-eabi/10.3.1/thumb/v7e-m/nofp\libgcc.a(_arm_muldivsf3.o)
                0x08000794                __mulsf3
                0x08000794                __aeabi_fmul
                0x080008fc                __aeabi_fdiv
                0x080008fc                __divsf3
 .text          0x08000a34       0x40 c:/progra~1/gcc-ar~1.10/bin/../lib/gcc/arm-none-eabi/10.3.1/thumb/v7e-m/nofp\libgcc.a(_arm_fixunssfsi.o)
                0x08000a34                __fixunssfsi
                0x08000a34                __aeabi_f2uiz
 .text          0x08000a74       0x30 c:/progra~1/gcc-ar~1.10/bin/../lib/gcc/arm-none-eabi/10.3.1/thumb/v7e-m/nofp\libgcc.a(_aeabi_uldivmod.o)
                0x08000a74                __aeabi_uldivmod
 .text          0x08000aa4      0x2d0 c:/progra~1/gcc-ar~1.10/bin/../lib/gcc/arm-none-eabi/10.3.1/thumb/v7e-m/nofp\libgcc.a(_udivmoddi4.o)
                0x08000aa4                __udivmoddi4
 .text          0x08000d74        0x4 c:/progra~1/gcc-ar~1.10/bin/../lib/gcc/arm-none-eabi/10.3.1/thumb/v7e-m/nofp\libgcc.a(_dvmd_tls.o)
                0x08000d74                __aeabi_idiv0
                0x08000d74                __aeabi_ldiv0
 *fill*         0x08000d78        0x8 
 .text          0x08000d80       0xdc c:/progra~1/gcc-ar~1.10/bin/../lib/gcc/arm-none-eabi/10.3.1/../../../../arm-none-eabi/lib/thumb/v7e-m/nofp\libg.a(lib_a-strlen.o)
                0x08000d80                strlen
 *fill*         0x08000e5c        0x4 
 .text          0x08000e60       0xa0 c:/progra~1/gcc-ar~1.10/bin/../lib/gcc/arm-none-eabi/10.3.1/../../../../arm-none-eabi/lib/thumb/v7e-m/nofp\libg.a(lib_a-memchr.o)
                0x08000e60                memchr
 .text          0x08000f00      0x134 c:/progra~1/gcc-ar~1.10/bin/../lib/gcc/arm-none-eabi/10.3.1/../../../../arm-none-eabi/lib/thumb/v7e-m/nofp\libg.a(lib_a-memcpy.o)
                0x08000f00                memcpy
 .text          0x08001034      0x424 c:/progra~1/gcc-ar~1.10/bin/../lib/gcc/arm-none-eabi/10.3.1/thumb/v7e-m/nofp\libgcc.a(_arm_muldivdf3.o)
                0x08001034                __aeabi_dmul
                0x08001034                __muldf3
                0x08001288                __divdf3
                0x08001288                __aeabi_ddiv
 .text          0x08001458      0x110 c:/progra~1/gcc-ar~1.10/bin/../lib/gcc/arm-none-eabi/10.3.1/thumb/v7e-m/nofp\libgcc.a(_arm_cmpdf2.o)
                0x08001458                __gtdf2
                0x08001458                __gedf2
                0x08001460                __ltdf2
                0x08001460                __ledf2
                0x08001468                __nedf2
                0x08001468                __eqdf2
                0x08001468                __cmpdf2
                0x080014e4                __aeabi_cdrcmple
                0x080014f4                __aeabi_cdcmpeq
                0x080014f4                __aeabi_cdcmple
                0x08001504                __aeabi_dcmpeq
                0x08001518                __aeabi_dcmplt
                0x0800152c                __aeabi_dcmple
                0x08001540                __aeabi_dcmpge
                0x08001554                __aeabi_dcmpgt
 .text          0x08001568       0x2c c:/progra~1/gcc-ar~1.10/bin/../lib/gcc/arm-none-eabi/10.3.1/thumb/v7e-m/nofp\libgcc.a(_arm_unorddf2.o)
                0x08001568                __unorddf2
                0x08001568                __aeabi_dcmpun
 .text          0x08001594       0x50 c:/progra~1/gcc-ar~1.10/bin/../lib/gcc/arm-none-eabi/10.3.1/thumb/v7e-m/nofp\libgcc.a(_arm_fixdfsi.o)
                0x08001594                __aeabi_d2iz
                0x08001594                __fixdfsi
 *(.text*)
 .text.BLDCMotor_PhaseCtrl
                0x080015e4      0x204 CMakeFiles/hall_speed.elf.dir/Core/Src/bsp_bldc.c.obj
                0x080015e4                BLDCMotor_PhaseCtrl
 .text.HALL_GetPhase
                0x080017e8       0x30 CMakeFiles/hall_speed.elf.dir/Core/Src/bsp_hall.c.obj
                0x080017e8                HALL_GetPhase
 .text.HAL_TIM_IC_CaptureCallback
                0x08001818       0x58 CMakeFiles/hall_speed.elf.dir/Core/Src/bsp_hall.c.obj
                0x08001818                HAL_TIM_IC_CaptureCallback
 .text.MX_GPIO_Init
                0x08001870       0x38 CMakeFiles/hall_speed.elf.dir/Core/Src/gpio.c.obj
                0x08001870                MX_GPIO_Init
 .text.SystemClock_Config
                0x080018a8       0xc4 CMakeFiles/hall_speed.elf.dir/Core/Src/main.c.obj
                0x080018a8                SystemClock_Config
 .text.main     0x0800196c      0x10c CMakeFiles/hall_speed.elf.dir/Core/Src/main.c.obj
                0x0800196c                main
 .text.HAL_SYSTICK_Callback
                0x08001a78       0x24 CMakeFiles/hall_speed.elf.dir/Core/Src/main.c.obj
                0x08001a78                HAL_SYSTICK_Callback
 .text.Error_Handler
                0x08001a9c        0x4 CMakeFiles/hall_speed.elf.dir/Core/Src/main.c.obj
                0x08001a9c                Error_Handler
 .text.RetargetInit
                0x08001aa0       0x20 CMakeFiles/hall_speed.elf.dir/Core/Src/retarget.c.obj
                0x08001aa0                RetargetInit
 .text._isatty  0x08001ac0       0x16 CMakeFiles/hall_speed.elf.dir/Core/Src/retarget.c.obj
                0x08001ac0                _isatty
 *fill*         0x08001ad6        0x2 
 .text._write   0x08001ad8       0x34 CMakeFiles/hall_speed.elf.dir/Core/Src/retarget.c.obj
                0x08001ad8                _write
 .text._close   0x08001b0c       0x18 CMakeFiles/hall_speed.elf.dir/Core/Src/retarget.c.obj
                0x08001b0c                _close
 .text._lseek   0x08001b24       0x10 CMakeFiles/hall_speed.elf.dir/Core/Src/retarget.c.obj
                0x08001b24                _lseek
 .text._read    0x08001b34       0x30 CMakeFiles/hall_speed.elf.dir/Core/Src/retarget.c.obj
                0x08001b34                _read
 .text._fstat   0x08001b64       0x1a CMakeFiles/hall_speed.elf.dir/Core/Src/retarget.c.obj
                0x08001b64                _fstat
 *fill*         0x08001b7e        0x2 
 .text.HAL_MspInit
                0x08001b80       0x38 CMakeFiles/hall_speed.elf.dir/Core/Src/stm32f4xx_hal_msp.c.obj
                0x08001b80                HAL_MspInit
 .text.NMI_Handler
                0x08001bb8        0x2 CMakeFiles/hall_speed.elf.dir/Core/Src/stm32f4xx_it.c.obj
                0x08001bb8                NMI_Handler
 .text.HardFault_Handler
                0x08001bba        0x2 CMakeFiles/hall_speed.elf.dir/Core/Src/stm32f4xx_it.c.obj
                0x08001bba                HardFault_Handler
 .text.MemManage_Handler
                0x08001bbc        0x2 CMakeFiles/hall_speed.elf.dir/Core/Src/stm32f4xx_it.c.obj
                0x08001bbc                MemManage_Handler
 .text.BusFault_Handler
                0x08001bbe        0x2 CMakeFiles/hall_speed.elf.dir/Core/Src/stm32f4xx_it.c.obj
                0x08001bbe                BusFault_Handler
 .text.UsageFault_Handler
                0x08001bc0        0x2 CMakeFiles/hall_speed.elf.dir/Core/Src/stm32f4xx_it.c.obj
                0x08001bc0                UsageFault_Handler
 .text.SVC_Handler
                0x08001bc2        0x2 CMakeFiles/hall_speed.elf.dir/Core/Src/stm32f4xx_it.c.obj
                0x08001bc2                SVC_Handler
 .text.DebugMon_Handler
                0x08001bc4        0x2 CMakeFiles/hall_speed.elf.dir/Core/Src/stm32f4xx_it.c.obj
                0x08001bc4                DebugMon_Handler
 .text.PendSV_Handler
                0x08001bc6        0x2 CMakeFiles/hall_speed.elf.dir/Core/Src/stm32f4xx_it.c.obj
                0x08001bc6                PendSV_Handler
 .text.SysTick_Handler
                0x08001bc8        0xc CMakeFiles/hall_speed.elf.dir/Core/Src/stm32f4xx_it.c.obj
                0x08001bc8                SysTick_Handler
 .text.TIM5_IRQHandler
                0x08001bd4       0x10 CMakeFiles/hall_speed.elf.dir/Core/Src/stm32f4xx_it.c.obj
                0x08001bd4                TIM5_IRQHandler
 .text._getpid  0x08001be4        0x4 CMakeFiles/hall_speed.elf.dir/Core/Src/syscalls.c.obj
                0x08001be4                _getpid
 .text._kill    0x08001be8       0x10 CMakeFiles/hall_speed.elf.dir/Core/Src/syscalls.c.obj
                0x08001be8                _kill
 .text._exit    0x08001bf8        0xc CMakeFiles/hall_speed.elf.dir/Core/Src/syscalls.c.obj
                0x08001bf8                _exit
 .text._sbrk    0x08001c04       0x48 CMakeFiles/hall_speed.elf.dir/Core/Src/sysmem.c.obj
                0x08001c04                _sbrk
 .text.SystemInit
                0x08001c4c        0x2 CMakeFiles/hall_speed.elf.dir/Core/Src/system_stm32f4xx.c.obj
                0x08001c4c                SystemInit
 *fill*         0x08001c4e        0x2 
 .text.MX_TIM5_Init
                0x08001c50       0x5c CMakeFiles/hall_speed.elf.dir/Core/Src/tim.c.obj
                0x08001c50                MX_TIM5_Init
 .text.HAL_TIMEx_HallSensor_MspInit
                0x08001cac       0xa4 CMakeFiles/hall_speed.elf.dir/Core/Src/tim.c.obj
                0x08001cac                HAL_TIMEx_HallSensor_MspInit
 .text.MX_USART1_UART_Init
                0x08001d50       0x34 CMakeFiles/hall_speed.elf.dir/Core/Src/usart.c.obj
                0x08001d50                MX_USART1_UART_Init
 .text.HAL_UART_MspInit
                0x08001d84       0x74 CMakeFiles/hall_speed.elf.dir/Core/Src/usart.c.obj
                0x08001d84                HAL_UART_MspInit
 .text.Reset_Handler
                0x08001df8       0x50 CMakeFiles/hall_speed.elf.dir/Core/Startup/startup_stm32f407igtx.s.obj
                0x08001df8                Reset_Handler
 .text.Default_Handler
                0x08001e48        0x2 CMakeFiles/hall_speed.elf.dir/Core/Startup/startup_stm32f407igtx.s.obj
                0x08001e48                RTC_Alarm_IRQHandler
                0x08001e48                HASH_RNG_IRQHandler
                0x08001e48                EXTI2_IRQHandler
                0x08001e48                TIM8_CC_IRQHandler
                0x08001e48                TIM1_CC_IRQHandler
                0x08001e48                DMA2_Stream5_IRQHandler
                0x08001e48                DMA1_Stream5_IRQHandler
                0x08001e48                PVD_IRQHandler
                0x08001e48                SDIO_IRQHandler
                0x08001e48                TAMP_STAMP_IRQHandler
                0x08001e48                CAN2_RX1_IRQHandler
                0x08001e48                EXTI3_IRQHandler
                0x08001e48                TIM8_TRG_COM_TIM14_IRQHandler
                0x08001e48                TIM1_UP_TIM10_IRQHandler
                0x08001e48                TIM8_UP_TIM13_IRQHandler
                0x08001e48                I2C3_ER_IRQHandler
                0x08001e48                EXTI0_IRQHandler
                0x08001e48                I2C2_EV_IRQHandler
                0x08001e48                DMA1_Stream2_IRQHandler
                0x08001e48                CAN1_RX0_IRQHandler
                0x08001e48                FPU_IRQHandler
                0x08001e48                OTG_HS_WKUP_IRQHandler
                0x08001e48                CAN2_SCE_IRQHandler
                0x08001e48                DMA2_Stream2_IRQHandler
                0x08001e48                SPI1_IRQHandler
                0x08001e48                TIM6_DAC_IRQHandler
                0x08001e48                TIM1_BRK_TIM9_IRQHandler
                0x08001e48                DCMI_IRQHandler
                0x08001e48                CAN2_RX0_IRQHandler
                0x08001e48                DMA2_Stream3_IRQHandler
                0x08001e48                USART6_IRQHandler
                0x08001e48                USART3_IRQHandler
                0x08001e48                CAN1_RX1_IRQHandler
                0x08001e48                UART5_IRQHandler
                0x08001e48                DMA2_Stream0_IRQHandler
                0x08001e48                TIM4_IRQHandler
                0x08001e48                I2C1_EV_IRQHandler
                0x08001e48                DMA1_Stream6_IRQHandler
                0x08001e48                DMA1_Stream1_IRQHandler
                0x08001e48                UART4_IRQHandler
                0x08001e48                TIM3_IRQHandler
                0x08001e48                RCC_IRQHandler
                0x08001e48                TIM8_BRK_TIM12_IRQHandler
                0x08001e48                Default_Handler
                0x08001e48                EXTI15_10_IRQHandler
                0x08001e48                ADC_IRQHandler
                0x08001e48                DMA1_Stream7_IRQHandler
                0x08001e48                TIM7_IRQHandler
                0x08001e48                CAN2_TX_IRQHandler
                0x08001e48                DMA2_Stream7_IRQHandler
                0x08001e48                I2C3_EV_IRQHandler
                0x08001e48                EXTI9_5_IRQHandler
                0x08001e48                RTC_WKUP_IRQHandler
                0x08001e48                ETH_WKUP_IRQHandler
                0x08001e48                SPI2_IRQHandler
                0x08001e48                OTG_HS_EP1_IN_IRQHandler
                0x08001e48                DMA1_Stream0_IRQHandler
                0x08001e48                CAN1_TX_IRQHandler
                0x08001e48                EXTI4_IRQHandler
                0x08001e48                FSMC_IRQHandler
                0x08001e48                ETH_IRQHandler
                0x08001e48                OTG_HS_EP1_OUT_IRQHandler
                0x08001e48                WWDG_IRQHandler
                0x08001e48                TIM2_IRQHandler
                0x08001e48                OTG_FS_WKUP_IRQHandler
                0x08001e48                TIM1_TRG_COM_TIM11_IRQHandler
                0x08001e48                OTG_HS_IRQHandler
                0x08001e48                EXTI1_IRQHandler
                0x08001e48                USART2_IRQHandler
                0x08001e48                I2C2_ER_IRQHandler
                0x08001e48                DMA2_Stream1_IRQHandler
                0x08001e48                CAN1_SCE_IRQHandler
                0x08001e48                FLASH_IRQHandler
                0x08001e48                DMA2_Stream4_IRQHandler
                0x08001e48                USART1_IRQHandler
                0x08001e48                OTG_FS_IRQHandler
                0x08001e48                SPI3_IRQHandler
                0x08001e48                DMA1_Stream4_IRQHandler
                0x08001e48                I2C1_ER_IRQHandler
                0x08001e48                DMA2_Stream6_IRQHandler
                0x08001e48                DMA1_Stream3_IRQHandler
 *fill*         0x08001e4a        0x2 
 .text.HAL_InitTick
                0x08001e4c       0x4c CMakeFiles/hall_speed.elf.dir/Drivers/STM32F4xx_HAL_Driver/Src/stm32f4xx_hal.c.obj
                0x08001e4c                HAL_InitTick
 .text.HAL_Init
                0x08001e98       0x34 CMakeFiles/hall_speed.elf.dir/Drivers/STM32F4xx_HAL_Driver/Src/stm32f4xx_hal.c.obj
                0x08001e98                HAL_Init
 .text.HAL_IncTick
                0x08001ecc       0x18 CMakeFiles/hall_speed.elf.dir/Drivers/STM32F4xx_HAL_Driver/Src/stm32f4xx_hal.c.obj
                0x08001ecc                HAL_IncTick
 .text.HAL_GetTick
                0x08001ee4        0xc CMakeFiles/hall_speed.elf.dir/Drivers/STM32F4xx_HAL_Driver/Src/stm32f4xx_hal.c.obj
                0x08001ee4                HAL_GetTick
 .text.HAL_NVIC_SetPriorityGrouping
                0x08001ef0       0x24 CMakeFiles/hall_speed.elf.dir/Drivers/STM32F4xx_HAL_Driver/Src/stm32f4xx_hal_cortex.c.obj
                0x08001ef0                HAL_NVIC_SetPriorityGrouping
 .text.HAL_NVIC_SetPriority
                0x08001f14       0x70 CMakeFiles/hall_speed.elf.dir/Drivers/STM32F4xx_HAL_Driver/Src/stm32f4xx_hal_cortex.c.obj
                0x08001f14                HAL_NVIC_SetPriority
 .text.HAL_NVIC_EnableIRQ
                0x08001f84       0x1c CMakeFiles/hall_speed.elf.dir/Drivers/STM32F4xx_HAL_Driver/Src/stm32f4xx_hal_cortex.c.obj
                0x08001f84                HAL_NVIC_EnableIRQ
 .text.HAL_SYSTICK_Config
                0x08001fa0       0x28 CMakeFiles/hall_speed.elf.dir/Drivers/STM32F4xx_HAL_Driver/Src/stm32f4xx_hal_cortex.c.obj
                0x08001fa0                HAL_SYSTICK_Config
 .text.HAL_SYSTICK_CLKSourceConfig
                0x08001fc8       0x20 CMakeFiles/hall_speed.elf.dir/Drivers/STM32F4xx_HAL_Driver/Src/stm32f4xx_hal_cortex.c.obj
                0x08001fc8                HAL_SYSTICK_CLKSourceConfig
 .text.HAL_SYSTICK_IRQHandler
                0x08001fe8        0x8 CMakeFiles/hall_speed.elf.dir/Drivers/STM32F4xx_HAL_Driver/Src/stm32f4xx_hal_cortex.c.obj
                0x08001fe8                HAL_SYSTICK_IRQHandler
 .text.HAL_GPIO_Init
                0x08001ff0      0x1e4 CMakeFiles/hall_speed.elf.dir/Drivers/STM32F4xx_HAL_Driver/Src/stm32f4xx_hal_gpio.c.obj
                0x08001ff0                HAL_GPIO_Init
 .text.HAL_GPIO_ReadPin
                0x080021d4        0xe CMakeFiles/hall_speed.elf.dir/Drivers/STM32F4xx_HAL_Driver/Src/stm32f4xx_hal_gpio.c.obj
                0x080021d4                HAL_GPIO_ReadPin
 *fill*         0x080021e2        0x2 
 .text.HAL_RCC_OscConfig
                0x080021e4      0x3f8 CMakeFiles/hall_speed.elf.dir/Drivers/STM32F4xx_HAL_Driver/Src/stm32f4xx_hal_rcc.c.obj
                0x080021e4                HAL_RCC_OscConfig
 .text.HAL_RCC_EnableCSS
                0x080025dc        0xc CMakeFiles/hall_speed.elf.dir/Drivers/STM32F4xx_HAL_Driver/Src/stm32f4xx_hal_rcc.c.obj
                0x080025dc                HAL_RCC_EnableCSS
 .text.HAL_RCC_GetSysClockFreq
                0x080025e8       0xd4 CMakeFiles/hall_speed.elf.dir/Drivers/STM32F4xx_HAL_Driver/Src/stm32f4xx_hal_rcc.c.obj
                0x080025e8                HAL_RCC_GetSysClockFreq
 .text.HAL_RCC_ClockConfig
                0x080026bc      0x160 CMakeFiles/hall_speed.elf.dir/Drivers/STM32F4xx_HAL_Driver/Src/stm32f4xx_hal_rcc.c.obj
                0x080026bc                HAL_RCC_ClockConfig
 .text.HAL_RCC_GetHCLKFreq
                0x0800281c        0xc CMakeFiles/hall_speed.elf.dir/Drivers/STM32F4xx_HAL_Driver/Src/stm32f4xx_hal_rcc.c.obj
                0x0800281c                HAL_RCC_GetHCLKFreq
 .text.HAL_RCC_GetPCLK1Freq
                0x08002828       0x20 CMakeFiles/hall_speed.elf.dir/Drivers/STM32F4xx_HAL_Driver/Src/stm32f4xx_hal_rcc.c.obj
                0x08002828                HAL_RCC_GetPCLK1Freq
 .text.HAL_RCC_GetPCLK2Freq
                0x08002848       0x20 CMakeFiles/hall_speed.elf.dir/Drivers/STM32F4xx_HAL_Driver/Src/stm32f4xx_hal_rcc.c.obj
                0x08002848                HAL_RCC_GetPCLK2Freq
 .text.HAL_TIM_PeriodElapsedCallback
                0x08002868        0x2 CMakeFiles/hall_speed.elf.dir/Drivers/STM32F4xx_HAL_Driver/Src/stm32f4xx_hal_tim.c.obj
                0x08002868                HAL_TIM_PeriodElapsedCallback
 .text.HAL_TIM_OC_DelayElapsedCallback
                0x0800286a        0x2 CMakeFiles/hall_speed.elf.dir/Drivers/STM32F4xx_HAL_Driver/Src/stm32f4xx_hal_tim.c.obj
                0x0800286a                HAL_TIM_OC_DelayElapsedCallback
 .text.HAL_TIM_PWM_PulseFinishedCallback
                0x0800286c        0x2 CMakeFiles/hall_speed.elf.dir/Drivers/STM32F4xx_HAL_Driver/Src/stm32f4xx_hal_tim.c.obj
                0x0800286c                HAL_TIM_PWM_PulseFinishedCallback
 .text.HAL_TIM_TriggerCallback
                0x0800286e        0x2 CMakeFiles/hall_speed.elf.dir/Drivers/STM32F4xx_HAL_Driver/Src/stm32f4xx_hal_tim.c.obj
                0x0800286e                HAL_TIM_TriggerCallback
 .text.HAL_TIM_IRQHandler
                0x08002870      0x17a CMakeFiles/hall_speed.elf.dir/Drivers/STM32F4xx_HAL_Driver/Src/stm32f4xx_hal_tim.c.obj
                0x08002870                HAL_TIM_IRQHandler
 *fill*         0x080029ea        0x2 
 .text.TIM_Base_SetConfig
                0x080029ec       0xc8 CMakeFiles/hall_speed.elf.dir/Drivers/STM32F4xx_HAL_Driver/Src/stm32f4xx_hal_tim.c.obj
                0x080029ec                TIM_Base_SetConfig
 .text.TIM_OC2_SetConfig
                0x08002ab4       0x70 CMakeFiles/hall_speed.elf.dir/Drivers/STM32F4xx_HAL_Driver/Src/stm32f4xx_hal_tim.c.obj
                0x08002ab4                TIM_OC2_SetConfig
 .text.TIM_TI1_SetConfig
                0x08002b24       0x7c CMakeFiles/hall_speed.elf.dir/Drivers/STM32F4xx_HAL_Driver/Src/stm32f4xx_hal_tim.c.obj
                0x08002b24                TIM_TI1_SetConfig
 .text.TIM_CCxChannelCmd
                0x08002ba0       0x1e CMakeFiles/hall_speed.elf.dir/Drivers/STM32F4xx_HAL_Driver/Src/stm32f4xx_hal_tim.c.obj
                0x08002ba0                TIM_CCxChannelCmd
 *fill*         0x08002bbe        0x2 
 .text.HAL_TIM_PWM_Start
                0x08002bc0      0x104 CMakeFiles/hall_speed.elf.dir/Drivers/STM32F4xx_HAL_Driver/Src/stm32f4xx_hal_tim.c.obj
                0x08002bc0                HAL_TIM_PWM_Start
 .text.HAL_TIM_PWM_Stop
                0x08002cc4       0x8c CMakeFiles/hall_speed.elf.dir/Drivers/STM32F4xx_HAL_Driver/Src/stm32f4xx_hal_tim.c.obj
                0x08002cc4                HAL_TIM_PWM_Stop
 .text.TIM_CCxNChannelCmd
                0x08002d50       0x1e CMakeFiles/hall_speed.elf.dir/Drivers/STM32F4xx_HAL_Driver/Src/stm32f4xx_hal_tim_ex.c.obj
 .text.HAL_TIMEx_HallSensor_Init
                0x08002d6e       0xd4 CMakeFiles/hall_speed.elf.dir/Drivers/STM32F4xx_HAL_Driver/Src/stm32f4xx_hal_tim_ex.c.obj
                0x08002d6e                HAL_TIMEx_HallSensor_Init
 *fill*         0x08002e42        0x2 
 .text.HAL_TIMEx_PWMN_Start
                0x08002e44       0xf8 CMakeFiles/hall_speed.elf.dir/Drivers/STM32F4xx_HAL_Driver/Src/stm32f4xx_hal_tim_ex.c.obj
                0x08002e44                HAL_TIMEx_PWMN_Start
 .text.HAL_TIMEx_PWMN_Stop
                0x08002f3c       0x76 CMakeFiles/hall_speed.elf.dir/Drivers/STM32F4xx_HAL_Driver/Src/stm32f4xx_hal_tim_ex.c.obj
                0x08002f3c                HAL_TIMEx_PWMN_Stop
 *fill*         0x08002fb2        0x2 
 .text.HAL_TIMEx_MasterConfigSynchronization
                0x08002fb4       0x8c CMakeFiles/hall_speed.elf.dir/Drivers/STM32F4xx_HAL_Driver/Src/stm32f4xx_hal_tim_ex.c.obj
                0x08002fb4                HAL_TIMEx_MasterConfigSynchronization
 .text.HAL_TIMEx_CommutCallback
                0x08003040        0x2 CMakeFiles/hall_speed.elf.dir/Drivers/STM32F4xx_HAL_Driver/Src/stm32f4xx_hal_tim_ex.c.obj
                0x08003040                HAL_TIMEx_CommutCallback
 .text.HAL_TIMEx_BreakCallback
                0x08003042        0x2 CMakeFiles/hall_speed.elf.dir/Drivers/STM32F4xx_HAL_Driver/Src/stm32f4xx_hal_tim_ex.c.obj
                0x08003042                HAL_TIMEx_BreakCallback
 .text.UART_SetConfig
                0x08003044      0x110 CMakeFiles/hall_speed.elf.dir/Drivers/STM32F4xx_HAL_Driver/Src/stm32f4xx_hal_uart.c.obj
 .text.UART_WaitOnFlagUntilTimeout
                0x08003154       0x88 CMakeFiles/hall_speed.elf.dir/Drivers/STM32F4xx_HAL_Driver/Src/stm32f4xx_hal_uart.c.obj
 .text.HAL_UART_Init
                0x080031dc       0x5e CMakeFiles/hall_speed.elf.dir/Drivers/STM32F4xx_HAL_Driver/Src/stm32f4xx_hal_uart.c.obj
                0x080031dc                HAL_UART_Init
 .text.HAL_UART_Transmit
                0x0800323a       0xd8 CMakeFiles/hall_speed.elf.dir/Drivers/STM32F4xx_HAL_Driver/Src/stm32f4xx_hal_uart.c.obj
                0x0800323a                HAL_UART_Transmit
 .text.HAL_UART_Receive
                0x08003312       0xe4 CMakeFiles/hall_speed.elf.dir/Drivers/STM32F4xx_HAL_Driver/Src/stm32f4xx_hal_uart.c.obj
                0x08003312                HAL_UART_Receive
 *fill*         0x080033f6        0x2 
 .text.__errno  0x080033f8        0xc c:/progra~1/gcc-ar~1.10/bin/../lib/gcc/arm-none-eabi/10.3.1/../../../../arm-none-eabi/lib/thumb/v7e-m/nofp\libg.a(lib_a-errno.o)
                0x080033f8                __errno
 .text.__libc_init_array
                0x08003404       0x48 c:/progra~1/gcc-ar~1.10/bin/../lib/gcc/arm-none-eabi/10.3.1/../../../../arm-none-eabi/lib/thumb/v7e-m/nofp\libg.a(lib_a-init.o)
                0x08003404                __libc_init_array
 .text.memset   0x0800344c       0xa4 c:/progra~1/gcc-ar~1.10/bin/../lib/gcc/arm-none-eabi/10.3.1/../../../../arm-none-eabi/lib/thumb/v7e-m/nofp\libg.a(lib_a-memset.o)
                0x0800344c                memset
 .text.printf   0x080034f0       0x28 c:/progra~1/gcc-ar~1.10/bin/../lib/gcc/arm-none-eabi/10.3.1/../../../../arm-none-eabi/lib/thumb/v7e-m/nofp\libg.a(lib_a-printf.o)
                0x080034f0                printf
 .text._puts_r  0x08003518       0x9c c:/progra~1/gcc-ar~1.10/bin/../lib/gcc/arm-none-eabi/10.3.1/../../../../arm-none-eabi/lib/thumb/v7e-m/nofp\libg.a(lib_a-puts.o)
                0x08003518                _puts_r
 .text.puts     0x080035b4       0x10 c:/progra~1/gcc-ar~1.10/bin/../lib/gcc/arm-none-eabi/10.3.1/../../../../arm-none-eabi/lib/thumb/v7e-m/nofp\libg.a(lib_a-puts.o)
                0x080035b4                puts
 .text.setvbuf  0x080035c4      0x1b0 c:/progra~1/gcc-ar~1.10/bin/../lib/gcc/arm-none-eabi/10.3.1/../../../../arm-none-eabi/lib/thumb/v7e-m/nofp\libg.a(lib_a-setvbuf.o)
                0x080035c4                setvbuf
 .text._vfprintf_r
                0x08003774     0x1ad4 c:/progra~1/gcc-ar~1.10/bin/../lib/gcc/arm-none-eabi/10.3.1/../../../../arm-none-eabi/lib/thumb/v7e-m/nofp\libg.a(lib_a-vfprintf.o)
                0x08003774                _vfprintf_r
 .text.__sbprintf
                0x08005248       0x80 c:/progra~1/gcc-ar~1.10/bin/../lib/gcc/arm-none-eabi/10.3.1/../../../../arm-none-eabi/lib/thumb/v7e-m/nofp\libg.a(lib_a-vfprintf.o)
 .text.__swsetup_r
                0x080052c8       0xd4 c:/progra~1/gcc-ar~1.10/bin/../lib/gcc/arm-none-eabi/10.3.1/../../../../arm-none-eabi/lib/thumb/v7e-m/nofp\libg.a(lib_a-wsetup.o)
                0x080052c8                __swsetup_r
 .text.startup.register_fini
                0x0800539c       0x14 c:/progra~1/gcc-ar~1.10/bin/../lib/gcc/arm-none-eabi/10.3.1/../../../../arm-none-eabi/lib/thumb/v7e-m/nofp\libg.a(lib_a-__call_atexit.o)
 .text.atexit   0x080053b0        0xc c:/progra~1/gcc-ar~1.10/bin/../lib/gcc/arm-none-eabi/10.3.1/../../../../arm-none-eabi/lib/thumb/v7e-m/nofp\libg.a(lib_a-atexit.o)
                0x080053b0                atexit
 .text.quorem   0x080053bc      0x124 c:/progra~1/gcc-ar~1.10/bin/../lib/gcc/arm-none-eabi/10.3.1/../../../../arm-none-eabi/lib/thumb/v7e-m/nofp\libg.a(lib_a-dtoa.o)
 .text._dtoa_r  0x080054e0      0xec4 c:/progra~1/gcc-ar~1.10/bin/../lib/gcc/arm-none-eabi/10.3.1/../../../../arm-none-eabi/lib/thumb/v7e-m/nofp\libg.a(lib_a-dtoa.o)
                0x080054e0                _dtoa_r
 .text.__sflush_r
                0x080063a4      0x120 c:/progra~1/gcc-ar~1.10/bin/../lib/gcc/arm-none-eabi/10.3.1/../../../../arm-none-eabi/lib/thumb/v7e-m/nofp\libg.a(lib_a-fflush.o)
                0x080063a4                __sflush_r
 .text._fflush_r
                0x080064c4       0x5c c:/progra~1/gcc-ar~1.10/bin/../lib/gcc/arm-none-eabi/10.3.1/../../../../arm-none-eabi/lib/thumb/v7e-m/nofp\libg.a(lib_a-fflush.o)
                0x080064c4                _fflush_r
 .text._cleanup_r
                0x08006520        0xc c:/progra~1/gcc-ar~1.10/bin/../lib/gcc/arm-none-eabi/10.3.1/../../../../arm-none-eabi/lib/thumb/v7e-m/nofp\libg.a(lib_a-findfp.o)
                0x08006520                _cleanup_r
 .text.__sinit  0x0800652c      0x10c c:/progra~1/gcc-ar~1.10/bin/../lib/gcc/arm-none-eabi/10.3.1/../../../../arm-none-eabi/lib/thumb/v7e-m/nofp\libg.a(lib_a-findfp.o)
                0x0800652c                __sinit
 .text.__sfp_lock_acquire
                0x08006638        0xc c:/progra~1/gcc-ar~1.10/bin/../lib/gcc/arm-none-eabi/10.3.1/../../../../arm-none-eabi/lib/thumb/v7e-m/nofp\libg.a(lib_a-findfp.o)
                0x08006638                __sfp_lock_acquire
 .text.__sfp_lock_release
                0x08006644        0xc c:/progra~1/gcc-ar~1.10/bin/../lib/gcc/arm-none-eabi/10.3.1/../../../../arm-none-eabi/lib/thumb/v7e-m/nofp\libg.a(lib_a-findfp.o)
                0x08006644                __sfp_lock_release
 .text.__libc_fini_array
                0x08006650       0x2c c:/progra~1/gcc-ar~1.10/bin/../lib/gcc/arm-none-eabi/10.3.1/../../../../arm-none-eabi/lib/thumb/v7e-m/nofp\libg.a(lib_a-fini.o)
                0x08006650                __libc_fini_array
 .text._malloc_trim_r
                0x0800667c       0xa0 c:/progra~1/gcc-ar~1.10/bin/../lib/gcc/arm-none-eabi/10.3.1/../../../../arm-none-eabi/lib/thumb/v7e-m/nofp\libg.a(lib_a-freer.o)
                0x0800667c                _malloc_trim_r
 .text._free_r  0x0800671c      0x20c c:/progra~1/gcc-ar~1.10/bin/../lib/gcc/arm-none-eabi/10.3.1/../../../../arm-none-eabi/lib/thumb/v7e-m/nofp\libg.a(lib_a-freer.o)
                0x0800671c                _free_r
 .text.__sfvwrite_r
                0x08006928      0x2e8 c:/progra~1/gcc-ar~1.10/bin/../lib/gcc/arm-none-eabi/10.3.1/../../../../arm-none-eabi/lib/thumb/v7e-m/nofp\libg.a(lib_a-fvwrite.o)
                0x08006928                __sfvwrite_r
 .text._fwalk_reent
                0x08006c10       0x48 c:/progra~1/gcc-ar~1.10/bin/../lib/gcc/arm-none-eabi/10.3.1/../../../../arm-none-eabi/lib/thumb/v7e-m/nofp\libg.a(lib_a-fwalk.o)
                0x08006c10                _fwalk_reent
 .text._localeconv_r
                0x08006c58        0x8 c:/progra~1/gcc-ar~1.10/bin/../lib/gcc/arm-none-eabi/10.3.1/../../../../arm-none-eabi/lib/thumb/v7e-m/nofp\libg.a(lib_a-localeconv.o)
                0x08006c58                _localeconv_r
 .text.__retarget_lock_init_recursive
                0x08006c60        0x4 c:/progra~1/gcc-ar~1.10/bin/../lib/gcc/arm-none-eabi/10.3.1/../../../../arm-none-eabi/lib/thumb/v7e-m/nofp\libg.a(lib_a-lock.o)
                0x08006c60                __retarget_lock_init_recursive
 .text.__retarget_lock_close_recursive
                0x08006c64        0x4 c:/progra~1/gcc-ar~1.10/bin/../lib/gcc/arm-none-eabi/10.3.1/../../../../arm-none-eabi/lib/thumb/v7e-m/nofp\libg.a(lib_a-lock.o)
                0x08006c64                __retarget_lock_close_recursive
 .text.__retarget_lock_acquire_recursive
                0x08006c68        0x4 c:/progra~1/gcc-ar~1.10/bin/../lib/gcc/arm-none-eabi/10.3.1/../../../../arm-none-eabi/lib/thumb/v7e-m/nofp\libg.a(lib_a-lock.o)
                0x08006c68                __retarget_lock_acquire_recursive
 .text.__retarget_lock_release_recursive
                0x08006c6c        0x4 c:/progra~1/gcc-ar~1.10/bin/../lib/gcc/arm-none-eabi/10.3.1/../../../../arm-none-eabi/lib/thumb/v7e-m/nofp\libg.a(lib_a-lock.o)
                0x08006c6c                __retarget_lock_release_recursive
 .text.__smakebuf_r
                0x08006c70       0xe0 c:/progra~1/gcc-ar~1.10/bin/../lib/gcc/arm-none-eabi/10.3.1/../../../../arm-none-eabi/lib/thumb/v7e-m/nofp\libg.a(lib_a-makebuf.o)
                0x08006c70                __smakebuf_r
 .text.__swhatbuf_r
                0x08006d50       0x60 c:/progra~1/gcc-ar~1.10/bin/../lib/gcc/arm-none-eabi/10.3.1/../../../../arm-none-eabi/lib/thumb/v7e-m/nofp\libg.a(lib_a-makebuf.o)
                0x08006d50                __swhatbuf_r
 .text.malloc   0x08006db0       0x10 c:/progra~1/gcc-ar~1.10/bin/../lib/gcc/arm-none-eabi/10.3.1/../../../../arm-none-eabi/lib/thumb/v7e-m/nofp\libg.a(lib_a-malloc.o)
                0x08006db0                malloc
 .text._malloc_r
                0x08006dc0      0x560 c:/progra~1/gcc-ar~1.10/bin/../lib/gcc/arm-none-eabi/10.3.1/../../../../arm-none-eabi/lib/thumb/v7e-m/nofp\libg.a(lib_a-mallocr.o)
                0x08006dc0                _malloc_r
 .text.memmove  0x08007320       0xf8 c:/progra~1/gcc-ar~1.10/bin/../lib/gcc/arm-none-eabi/10.3.1/../../../../arm-none-eabi/lib/thumb/v7e-m/nofp\libg.a(lib_a-memmove.o)
                0x08007320                memmove
 .text.__malloc_lock
                0x08007418        0xc c:/progra~1/gcc-ar~1.10/bin/../lib/gcc/arm-none-eabi/10.3.1/../../../../arm-none-eabi/lib/thumb/v7e-m/nofp\libg.a(lib_a-mlock.o)
                0x08007418                __malloc_lock
 .text.__malloc_unlock
                0x08007424        0xc c:/progra~1/gcc-ar~1.10/bin/../lib/gcc/arm-none-eabi/10.3.1/../../../../arm-none-eabi/lib/thumb/v7e-m/nofp\libg.a(lib_a-mlock.o)
                0x08007424                __malloc_unlock
 .text._Balloc  0x08007430       0x4c c:/progra~1/gcc-ar~1.10/bin/../lib/gcc/arm-none-eabi/10.3.1/../../../../arm-none-eabi/lib/thumb/v7e-m/nofp\libg.a(lib_a-mprec.o)
                0x08007430                _Balloc
 .text._Bfree   0x0800747c       0x14 c:/progra~1/gcc-ar~1.10/bin/../lib/gcc/arm-none-eabi/10.3.1/../../../../arm-none-eabi/lib/thumb/v7e-m/nofp\libg.a(lib_a-mprec.o)
                0x0800747c                _Bfree
 .text.__multadd
                0x08007490       0xa0 c:/progra~1/gcc-ar~1.10/bin/../lib/gcc/arm-none-eabi/10.3.1/../../../../arm-none-eabi/lib/thumb/v7e-m/nofp\libg.a(lib_a-mprec.o)
                0x08007490                __multadd
 .text.__hi0bits
                0x08007530       0x40 c:/progra~1/gcc-ar~1.10/bin/../lib/gcc/arm-none-eabi/10.3.1/../../../../arm-none-eabi/lib/thumb/v7e-m/nofp\libg.a(lib_a-mprec.o)
                0x08007530                __hi0bits
 .text.__lo0bits
                0x08007570       0x5c c:/progra~1/gcc-ar~1.10/bin/../lib/gcc/arm-none-eabi/10.3.1/../../../../arm-none-eabi/lib/thumb/v7e-m/nofp\libg.a(lib_a-mprec.o)
                0x08007570                __lo0bits
 .text.__i2b    0x080075cc       0x5c c:/progra~1/gcc-ar~1.10/bin/../lib/gcc/arm-none-eabi/10.3.1/../../../../arm-none-eabi/lib/thumb/v7e-m/nofp\libg.a(lib_a-mprec.o)
                0x080075cc                __i2b
 .text.__multiply
                0x08007628      0x15c c:/progra~1/gcc-ar~1.10/bin/../lib/gcc/arm-none-eabi/10.3.1/../../../../arm-none-eabi/lib/thumb/v7e-m/nofp\libg.a(lib_a-mprec.o)
                0x08007628                __multiply
 .text.__pow5mult
                0x08007784       0xc0 c:/progra~1/gcc-ar~1.10/bin/../lib/gcc/arm-none-eabi/10.3.1/../../../../arm-none-eabi/lib/thumb/v7e-m/nofp\libg.a(lib_a-mprec.o)
                0x08007784                __pow5mult
 .text.__lshift
                0x08007844       0xf0 c:/progra~1/gcc-ar~1.10/bin/../lib/gcc/arm-none-eabi/10.3.1/../../../../arm-none-eabi/lib/thumb/v7e-m/nofp\libg.a(lib_a-mprec.o)
                0x08007844                __lshift
 .text.__mcmp   0x08007934       0x40 c:/progra~1/gcc-ar~1.10/bin/../lib/gcc/arm-none-eabi/10.3.1/../../../../arm-none-eabi/lib/thumb/v7e-m/nofp\libg.a(lib_a-mprec.o)
                0x08007934                __mcmp
 .text.__mdiff  0x08007974      0x14c c:/progra~1/gcc-ar~1.10/bin/../lib/gcc/arm-none-eabi/10.3.1/../../../../arm-none-eabi/lib/thumb/v7e-m/nofp\libg.a(lib_a-mprec.o)
                0x08007974                __mdiff
 .text.__d2b    0x08007ac0       0xc4 c:/progra~1/gcc-ar~1.10/bin/../lib/gcc/arm-none-eabi/10.3.1/../../../../arm-none-eabi/lib/thumb/v7e-m/nofp\libg.a(lib_a-mprec.o)
                0x08007ac0                __d2b
 .text._realloc_r
                0x08007b84      0x3d8 c:/progra~1/gcc-ar~1.10/bin/../lib/gcc/arm-none-eabi/10.3.1/../../../../arm-none-eabi/lib/thumb/v7e-m/nofp\libg.a(lib_a-reallocr.o)
                0x08007b84                _realloc_r
 .text.frexp    0x08007f5c       0x70 c:/progra~1/gcc-ar~1.10/bin/../lib/gcc/arm-none-eabi/10.3.1/../../../../arm-none-eabi/lib/thumb/v7e-m/nofp\libg.a(lib_a-s_frexp.o)
                0x08007f5c                frexp
 .text._sbrk_r  0x08007fcc       0x24 c:/progra~1/gcc-ar~1.10/bin/../lib/gcc/arm-none-eabi/10.3.1/../../../../arm-none-eabi/lib/thumb/v7e-m/nofp\libg.a(lib_a-sbrkr.o)
                0x08007fcc                _sbrk_r
 .text.__sread  0x08007ff0       0x24 c:/progra~1/gcc-ar~1.10/bin/../lib/gcc/arm-none-eabi/10.3.1/../../../../arm-none-eabi/lib/thumb/v7e-m/nofp\libg.a(lib_a-stdio.o)
                0x08007ff0                __sread
 .text.__swrite
                0x08008014       0x40 c:/progra~1/gcc-ar~1.10/bin/../lib/gcc/arm-none-eabi/10.3.1/../../../../arm-none-eabi/lib/thumb/v7e-m/nofp\libg.a(lib_a-stdio.o)
                0x08008014                __swrite
 .text.__sseek  0x08008054       0x20 c:/progra~1/gcc-ar~1.10/bin/../lib/gcc/arm-none-eabi/10.3.1/../../../../arm-none-eabi/lib/thumb/v7e-m/nofp\libg.a(lib_a-stdio.o)
                0x08008054                __sseek
 .text.__sclose
                0x08008074        0x8 c:/progra~1/gcc-ar~1.10/bin/../lib/gcc/arm-none-eabi/10.3.1/../../../../arm-none-eabi/lib/thumb/v7e-m/nofp\libg.a(lib_a-stdio.o)
                0x08008074                __sclose
 .text.strncpy  0x0800807c       0x64 c:/progra~1/gcc-ar~1.10/bin/../lib/gcc/arm-none-eabi/10.3.1/../../../../arm-none-eabi/lib/thumb/v7e-m/nofp\libg.a(lib_a-strncpy.o)
                0x0800807c                strncpy
 .text.__sprint_r.part.0
                0x080080e0       0x78 c:/progra~1/gcc-ar~1.10/bin/../lib/gcc/arm-none-eabi/10.3.1/../../../../arm-none-eabi/lib/thumb/v7e-m/nofp\libg.a(lib_a-vfiprintf.o)
 .text.__sprint_r
                0x08008158       0x14 c:/progra~1/gcc-ar~1.10/bin/../lib/gcc/arm-none-eabi/10.3.1/../../../../arm-none-eabi/lib/thumb/v7e-m/nofp\libg.a(lib_a-vfiprintf.o)
                0x08008158                __sprint_r
 .text._vfiprintf_r
                0x0800816c      0xda0 c:/progra~1/gcc-ar~1.10/bin/../lib/gcc/arm-none-eabi/10.3.1/../../../../arm-none-eabi/lib/thumb/v7e-m/nofp\libg.a(lib_a-vfiprintf.o)
                0x0800816c                _vfiprintf_r
 .text.__sbprintf
                0x08008f0c       0x80 c:/progra~1/gcc-ar~1.10/bin/../lib/gcc/arm-none-eabi/10.3.1/../../../../arm-none-eabi/lib/thumb/v7e-m/nofp\libg.a(lib_a-vfiprintf.o)
 .text._write_r
                0x08008f8c       0x2c c:/progra~1/gcc-ar~1.10/bin/../lib/gcc/arm-none-eabi/10.3.1/../../../../arm-none-eabi/lib/thumb/v7e-m/nofp\libg.a(lib_a-writer.o)
                0x08008f8c                _write_r
 .text.__register_exitproc
                0x08008fb8       0x8c c:/progra~1/gcc-ar~1.10/bin/../lib/gcc/arm-none-eabi/10.3.1/../../../../arm-none-eabi/lib/thumb/v7e-m/nofp\libg.a(lib_a-__atexit.o)
                0x08008fb8                __register_exitproc
 .text.__assert_func
                0x08009044       0x40 c:/progra~1/gcc-ar~1.10/bin/../lib/gcc/arm-none-eabi/10.3.1/../../../../arm-none-eabi/lib/thumb/v7e-m/nofp\libg.a(lib_a-assert.o)
                0x08009044                __assert_func
 .text._calloc_r
                0x08009084       0x78 c:/progra~1/gcc-ar~1.10/bin/../lib/gcc/arm-none-eabi/10.3.1/../../../../arm-none-eabi/lib/thumb/v7e-m/nofp\libg.a(lib_a-callocr.o)
                0x08009084                _calloc_r
 .text._close_r
                0x080090fc       0x24 c:/progra~1/gcc-ar~1.10/bin/../lib/gcc/arm-none-eabi/10.3.1/../../../../arm-none-eabi/lib/thumb/v7e-m/nofp\libg.a(lib_a-closer.o)
                0x080090fc                _close_r
 .text._fclose_r
                0x08009120       0xcc c:/progra~1/gcc-ar~1.10/bin/../lib/gcc/arm-none-eabi/10.3.1/../../../../arm-none-eabi/lib/thumb/v7e-m/nofp\libg.a(lib_a-fclose.o)
                0x08009120                _fclose_r
 .text.fiprintf
                0x080091ec       0x28 c:/progra~1/gcc-ar~1.10/bin/../lib/gcc/arm-none-eabi/10.3.1/../../../../arm-none-eabi/lib/thumb/v7e-m/nofp\libg.a(lib_a-fiprintf.o)
                0x080091ec                fiprintf
 .text.__fputwc
                0x08009214       0xa8 c:/progra~1/gcc-ar~1.10/bin/../lib/gcc/arm-none-eabi/10.3.1/../../../../arm-none-eabi/lib/thumb/v7e-m/nofp\libg.a(lib_a-fputwc.o)
                0x08009214                __fputwc
 .text._fputwc_r
                0x080092bc       0x68 c:/progra~1/gcc-ar~1.10/bin/../lib/gcc/arm-none-eabi/10.3.1/../../../../arm-none-eabi/lib/thumb/v7e-m/nofp\libg.a(lib_a-fputwc.o)
                0x080092bc                _fputwc_r
 .text._fstat_r
                0x08009324       0x2c c:/progra~1/gcc-ar~1.10/bin/../lib/gcc/arm-none-eabi/10.3.1/../../../../arm-none-eabi/lib/thumb/v7e-m/nofp\libg.a(lib_a-fstatr.o)
                0x08009324                _fstat_r
 .text._isatty_r
                0x08009350       0x24 c:/progra~1/gcc-ar~1.10/bin/../lib/gcc/arm-none-eabi/10.3.1/../../../../arm-none-eabi/lib/thumb/v7e-m/nofp\libg.a(lib_a-isattyr.o)
                0x08009350                _isatty_r
 .text.__locale_mb_cur_max
                0x08009374        0xc c:/progra~1/gcc-ar~1.10/bin/../lib/gcc/arm-none-eabi/10.3.1/../../../../arm-none-eabi/lib/thumb/v7e-m/nofp\libg.a(lib_a-locale.o)
                0x08009374                __locale_mb_cur_max
 .text._lseek_r
                0x08009380       0x2c c:/progra~1/gcc-ar~1.10/bin/../lib/gcc/arm-none-eabi/10.3.1/../../../../arm-none-eabi/lib/thumb/v7e-m/nofp\libg.a(lib_a-lseekr.o)
                0x08009380                _lseek_r
 .text.__ascii_mbtowc
                0x080093ac       0x2c c:/progra~1/gcc-ar~1.10/bin/../lib/gcc/arm-none-eabi/10.3.1/../../../../arm-none-eabi/lib/thumb/v7e-m/nofp\libg.a(lib_a-mbtowc_r.o)
                0x080093ac                __ascii_mbtowc
 .text._read_r  0x080093d8       0x2c c:/progra~1/gcc-ar~1.10/bin/../lib/gcc/arm-none-eabi/10.3.1/../../../../arm-none-eabi/lib/thumb/v7e-m/nofp\libg.a(lib_a-readr.o)
                0x080093d8                _read_r
 .text.__swbuf_r
                0x08009404       0xb0 c:/progra~1/gcc-ar~1.10/bin/../lib/gcc/arm-none-eabi/10.3.1/../../../../arm-none-eabi/lib/thumb/v7e-m/nofp\libg.a(lib_a-wbuf.o)
                0x08009404                __swbuf_r
 .text._wcrtomb_r
                0x080094b4       0x3c c:/progra~1/gcc-ar~1.10/bin/../lib/gcc/arm-none-eabi/10.3.1/../../../../arm-none-eabi/lib/thumb/v7e-m/nofp\libg.a(lib_a-wcrtomb.o)
                0x080094b4                _wcrtomb_r
 .text.__ascii_wctomb
                0x080094f0       0x1c c:/progra~1/gcc-ar~1.10/bin/../lib/gcc/arm-none-eabi/10.3.1/../../../../arm-none-eabi/lib/thumb/v7e-m/nofp\libg.a(lib_a-wctomb_r.o)
                0x080094f0                __ascii_wctomb
 .text.abort    0x0800950c       0x10 c:/progra~1/gcc-ar~1.10/bin/../lib/gcc/arm-none-eabi/10.3.1/../../../../arm-none-eabi/lib/thumb/v7e-m/nofp\libg.a(lib_a-abort.o)
                0x0800950c                abort
 .text.raise    0x0800951c       0x5c c:/progra~1/gcc-ar~1.10/bin/../lib/gcc/arm-none-eabi/10.3.1/../../../../arm-none-eabi/lib/thumb/v7e-m/nofp\libg.a(lib_a-signal.o)
                0x0800951c                raise
 .text._kill_r  0x08009578       0x2c c:/progra~1/gcc-ar~1.10/bin/../lib/gcc/arm-none-eabi/10.3.1/../../../../arm-none-eabi/lib/thumb/v7e-m/nofp\libg.a(lib_a-signalr.o)
                0x08009578                _kill_r
 .text._getpid_r
                0x080095a4        0x4 c:/progra~1/gcc-ar~1.10/bin/../lib/gcc/arm-none-eabi/10.3.1/../../../../arm-none-eabi/lib/thumb/v7e-m/nofp\libg.a(lib_a-signalr.o)
                0x080095a4                _getpid_r
 *(.glue_7)
 .glue_7        0x080095a8        0x0 linker stubs
 *(.glue_7t)
 .glue_7t       0x080095a8        0x0 linker stubs
 *(.eh_frame)
 .eh_frame      0x080095a8        0x0 c:/progra~1/gcc-ar~1.10/bin/../lib/gcc/arm-none-eabi/10.3.1/thumb/v7e-m/nofp/crtbegin.o
 *(.init)
 .init          0x080095a8        0x4 c:/progra~1/gcc-ar~1.10/bin/../lib/gcc/arm-none-eabi/10.3.1/thumb/v7e-m/nofp/crti.o
                0x080095a8                _init
 .init          0x080095ac        0x8 c:/progra~1/gcc-ar~1.10/bin/../lib/gcc/arm-none-eabi/10.3.1/thumb/v7e-m/nofp/crtn.o
 *(.fini)
 .fini          0x080095b4        0x4 c:/progra~1/gcc-ar~1.10/bin/../lib/gcc/arm-none-eabi/10.3.1/thumb/v7e-m/nofp/crti.o
                0x080095b4                _fini
 .fini          0x080095b8        0x8 c:/progra~1/gcc-ar~1.10/bin/../lib/gcc/arm-none-eabi/10.3.1/thumb/v7e-m/nofp/crtn.o
                0x080095c0                . = ALIGN (0x4)
                0x080095c0                _etext = .

.vfp11_veneer   0x080095c0        0x0
 .vfp11_veneer  0x080095c0        0x0 linker stubs

.v4_bx          0x080095c0        0x0
 .v4_bx         0x080095c0        0x0 linker stubs

.iplt           0x080095c0        0x0
 .iplt          0x080095c0        0x0 c:/progra~1/gcc-ar~1.10/bin/../lib/gcc/arm-none-eabi/10.3.1/thumb/v7e-m/nofp/crtbegin.o

.rodata         0x080095c0      0x510
                0x080095c0                . = ALIGN (0x4)
 *(.rodata)
 *(.rodata*)
 .rodata.HallDirCcw
                0x080095c0        0x7 CMakeFiles/hall_speed.elf.dir/Core/Src/bsp_hall.c.obj
                0x080095c0                HallDirCcw
 *fill*         0x080095c7        0x1 
 .rodata.main.str1.4
                0x080095c8       0xf0 CMakeFiles/hall_speed.elf.dir/Core/Src/main.c.obj
 .rodata.AHBPrescTable
                0x080096b8       0x10 CMakeFiles/hall_speed.elf.dir/Core/Src/system_stm32f4xx.c.obj
                0x080096b8                AHBPrescTable
 .rodata.APBPrescTable
                0x080096c8        0x8 CMakeFiles/hall_speed.elf.dir/Core/Src/system_stm32f4xx.c.obj
                0x080096c8                APBPrescTable
 .rodata._global_impure_ptr
                0x080096d0        0x4 c:/progra~1/gcc-ar~1.10/bin/../lib/gcc/arm-none-eabi/10.3.1/../../../../arm-none-eabi/lib/thumb/v7e-m/nofp\libg.a(lib_a-impure.o)
                0x080096d0                _global_impure_ptr
 .rodata._puts_r.str1.4
                0x080096d4        0x2 c:/progra~1/gcc-ar~1.10/bin/../lib/gcc/arm-none-eabi/10.3.1/../../../../arm-none-eabi/lib/thumb/v7e-m/nofp\libg.a(lib_a-puts.o)
 *fill*         0x080096d6        0x2 
 .rodata._vfprintf_r.str1.4
                0x080096d8       0x42 c:/progra~1/gcc-ar~1.10/bin/../lib/gcc/arm-none-eabi/10.3.1/../../../../arm-none-eabi/lib/thumb/v7e-m/nofp\libg.a(lib_a-vfprintf.o)
 *fill*         0x0800971a        0x2 
 .rodata.blanks.1
                0x0800971c       0x10 c:/progra~1/gcc-ar~1.10/bin/../lib/gcc/arm-none-eabi/10.3.1/../../../../arm-none-eabi/lib/thumb/v7e-m/nofp\libg.a(lib_a-vfprintf.o)
 .rodata.zeroes.0
                0x0800972c       0x10 c:/progra~1/gcc-ar~1.10/bin/../lib/gcc/arm-none-eabi/10.3.1/../../../../arm-none-eabi/lib/thumb/v7e-m/nofp\libg.a(lib_a-vfprintf.o)
 .rodata._dtoa_r.str1.4
                0x0800973c       0xa2 c:/progra~1/gcc-ar~1.10/bin/../lib/gcc/arm-none-eabi/10.3.1/../../../../arm-none-eabi/lib/thumb/v7e-m/nofp\libg.a(lib_a-dtoa.o)
                                 0xa6 (size before relaxing)
 *fill*         0x080097de        0x2 
 .rodata.__multadd.str1.4
                0x080097e0       0x7f c:/progra~1/gcc-ar~1.10/bin/../lib/gcc/arm-none-eabi/10.3.1/../../../../arm-none-eabi/lib/thumb/v7e-m/nofp\libg.a(lib_a-mprec.o)
                                 0x93 (size before relaxing)
 *fill*         0x0800985f        0x1 
 .rodata.__mprec_bigtens
                0x08009860       0x28 c:/progra~1/gcc-ar~1.10/bin/../lib/gcc/arm-none-eabi/10.3.1/../../../../arm-none-eabi/lib/thumb/v7e-m/nofp\libg.a(lib_a-mprec.o)
                0x08009860                __mprec_bigtens
 .rodata.__mprec_tens
                0x08009888       0xc8 c:/progra~1/gcc-ar~1.10/bin/../lib/gcc/arm-none-eabi/10.3.1/../../../../arm-none-eabi/lib/thumb/v7e-m/nofp\libg.a(lib_a-mprec.o)
                0x08009888                __mprec_tens
 .rodata.p05.0  0x08009950        0xc c:/progra~1/gcc-ar~1.10/bin/../lib/gcc/arm-none-eabi/10.3.1/../../../../arm-none-eabi/lib/thumb/v7e-m/nofp\libg.a(lib_a-mprec.o)
 .rodata._vfiprintf_r.str1.4
                0x0800995c       0x2f c:/progra~1/gcc-ar~1.10/bin/../lib/gcc/arm-none-eabi/10.3.1/../../../../arm-none-eabi/lib/thumb/v7e-m/nofp\libg.a(lib_a-vfiprintf.o)
 .rodata.blanks.1
                0x0800995c       0x10 c:/progra~1/gcc-ar~1.10/bin/../lib/gcc/arm-none-eabi/10.3.1/../../../../arm-none-eabi/lib/thumb/v7e-m/nofp\libg.a(lib_a-vfiprintf.o)
 .rodata.zeroes.0
                0x0800996c       0x10 c:/progra~1/gcc-ar~1.10/bin/../lib/gcc/arm-none-eabi/10.3.1/../../../../arm-none-eabi/lib/thumb/v7e-m/nofp\libg.a(lib_a-vfiprintf.o)
 .rodata.__assert_func.str1.4
                0x0800997c       0x3f c:/progra~1/gcc-ar~1.10/bin/../lib/gcc/arm-none-eabi/10.3.1/../../../../arm-none-eabi/lib/thumb/v7e-m/nofp\libg.a(lib_a-assert.o)
                                 0x43 (size before relaxing)
 *fill*         0x080099bb        0x1 
 .rodata._setlocale_r.str1.4
                0x080099bc        0xa c:/progra~1/gcc-ar~1.10/bin/../lib/gcc/arm-none-eabi/10.3.1/../../../../arm-none-eabi/lib/thumb/v7e-m/nofp\libg.a(lib_a-locale.o)
                                  0xd (size before relaxing)
 *fill*         0x080099c6        0x2 
 .rodata.str1.4
                0x080099c8        0x2 c:/progra~1/gcc-ar~1.10/bin/../lib/gcc/arm-none-eabi/10.3.1/../../../../arm-none-eabi/lib/thumb/v7e-m/nofp\libg.a(lib_a-locale.o)
 *fill*         0x080099ca        0x2 
 .rodata._ctype_
                0x080099cc      0x101 c:/progra~1/gcc-ar~1.10/bin/../lib/gcc/arm-none-eabi/10.3.1/../../../../arm-none-eabi/lib/thumb/v7e-m/nofp\libg.a(lib_a-ctype_.o)
                0x080099cc                _ctype_
                0x08009ad0                . = ALIGN (0x4)
 *fill*         0x08009acd        0x3 

.ARM.extab      0x08009ad0        0x0
                0x08009ad0                . = ALIGN (0x4)
 *(.ARM.extab* .gnu.linkonce.armextab.*)
                0x08009ad0                . = ALIGN (0x4)

.ARM            0x08009ad0        0x8
                0x08009ad0                . = ALIGN (0x4)
                0x08009ad0                __exidx_start = .
 *(.ARM.exidx*)
 .ARM.exidx     0x08009ad0        0x8 c:/progra~1/gcc-ar~1.10/bin/../lib/gcc/arm-none-eabi/10.3.1/thumb/v7e-m/nofp\libgcc.a(_udivmoddi4.o)
                0x08009ad8                __exidx_end = .
                0x08009ad8                . = ALIGN (0x4)

.rel.dyn        0x08009ad8        0x0
 .rel.iplt      0x08009ad8        0x0 c:/progra~1/gcc-ar~1.10/bin/../lib/gcc/arm-none-eabi/10.3.1/thumb/v7e-m/nofp/crtbegin.o

.preinit_array  0x08009ad8        0x0
                0x08009ad8                . = ALIGN (0x4)
                0x08009ad8                PROVIDE (__preinit_array_start = .)
 *(.preinit_array*)
                0x08009ad8                PROVIDE (__preinit_array_end = .)
                0x08009ad8                . = ALIGN (0x4)

.init_array     0x08009ad8        0x8
                0x08009ad8                . = ALIGN (0x4)
                0x08009ad8                PROVIDE (__init_array_start = .)
 *(SORT_BY_NAME(.init_array.*))
 .init_array.00000
                0x08009ad8        0x4 c:/progra~1/gcc-ar~1.10/bin/../lib/gcc/arm-none-eabi/10.3.1/../../../../arm-none-eabi/lib/thumb/v7e-m/nofp\libg.a(lib_a-__call_atexit.o)
 *(.init_array*)
 .init_array    0x08009adc        0x4 c:/progra~1/gcc-ar~1.10/bin/../lib/gcc/arm-none-eabi/10.3.1/thumb/v7e-m/nofp/crtbegin.o
                0x08009ae0                PROVIDE (__init_array_end = .)
                0x08009ae0                . = ALIGN (0x4)

.fini_array     0x08009ae0        0x4
                0x08009ae0                . = ALIGN (0x4)
                0x08009ae0                PROVIDE (__fini_array_start = .)
 *(SORT_BY_NAME(.fini_array.*))
 *(.fini_array*)
 .fini_array    0x08009ae0        0x4 c:/progra~1/gcc-ar~1.10/bin/../lib/gcc/arm-none-eabi/10.3.1/thumb/v7e-m/nofp/crtbegin.o
                0x08009ae4                PROVIDE (__fini_array_end = .)
                0x08009ae4                . = ALIGN (0x4)
                0x08009ae4                _sidata = LOADADDR (.data)

.data           0x20000000      0x9c0 load address 0x08009ae4
                0x20000000                . = ALIGN (0x4)
                0x20000000                _sdata = .
 *(.data)
 *(.data*)
 .data.Motor_Dir
                0x20000000        0x1 CMakeFiles/hall_speed.elf.dir/Core/Src/bsp_bldc.c.obj
                0x20000000                Motor_Dir
 *fill*         0x20000001        0x3 
 .data.PWM_Duty
                0x20000004        0x4 CMakeFiles/hall_speed.elf.dir/Core/Src/bsp_bldc.c.obj
                0x20000004                PWM_Duty
 .data.SystemCoreClock
                0x20000008        0x4 CMakeFiles/hall_speed.elf.dir/Core/Src/system_stm32f4xx.c.obj
                0x20000008                SystemCoreClock
 .data.uwTickFreq
                0x2000000c        0x1 CMakeFiles/hall_speed.elf.dir/Drivers/STM32F4xx_HAL_Driver/Src/stm32f4xx_hal.c.obj
                0x2000000c                uwTickFreq
 *fill*         0x2000000d        0x3 
 .data.uwTickPrio
                0x20000010        0x4 CMakeFiles/hall_speed.elf.dir/Drivers/STM32F4xx_HAL_Driver/Src/stm32f4xx_hal.c.obj
                0x20000010                uwTickPrio
 .data._impure_ptr
                0x20000014        0x4 c:/progra~1/gcc-ar~1.10/bin/../lib/gcc/arm-none-eabi/10.3.1/../../../../arm-none-eabi/lib/thumb/v7e-m/nofp\libg.a(lib_a-impure.o)
                0x20000014                _impure_ptr
 .data.impure_data
                0x20000018      0x428 c:/progra~1/gcc-ar~1.10/bin/../lib/gcc/arm-none-eabi/10.3.1/../../../../arm-none-eabi/lib/thumb/v7e-m/nofp\libg.a(lib_a-impure.o)
 .data.__atexit_recursive_mutex
                0x20000440        0x4 c:/progra~1/gcc-ar~1.10/bin/../lib/gcc/arm-none-eabi/10.3.1/../../../../arm-none-eabi/lib/thumb/v7e-m/nofp\libg.a(lib_a-__call_atexit.o)
                0x20000440                __atexit_recursive_mutex
 .data.__malloc_av_
                0x20000444      0x408 c:/progra~1/gcc-ar~1.10/bin/../lib/gcc/arm-none-eabi/10.3.1/../../../../arm-none-eabi/lib/thumb/v7e-m/nofp\libg.a(lib_a-mallocr.o)
                0x20000444                __malloc_av_
 .data.__malloc_sbrk_base
                0x2000084c        0x4 c:/progra~1/gcc-ar~1.10/bin/../lib/gcc/arm-none-eabi/10.3.1/../../../../arm-none-eabi/lib/thumb/v7e-m/nofp\libg.a(lib_a-mallocr.o)
                0x2000084c                __malloc_sbrk_base
 .data.__malloc_trim_threshold
                0x20000850        0x4 c:/progra~1/gcc-ar~1.10/bin/../lib/gcc/arm-none-eabi/10.3.1/../../../../arm-none-eabi/lib/thumb/v7e-m/nofp\libg.a(lib_a-mallocr.o)
                0x20000850                __malloc_trim_threshold
 .data.__global_locale
                0x20000854      0x16c c:/progra~1/gcc-ar~1.10/bin/../lib/gcc/arm-none-eabi/10.3.1/../../../../arm-none-eabi/lib/thumb/v7e-m/nofp\libg.a(lib_a-locale.o)
                0x20000854                __global_locale
 *(.RamFunc)
 *(.RamFunc*)
                0x200009c0                . = ALIGN (0x4)
                0x200009c0                _edata = .
                0x0800a4a4                _siccmram = LOADADDR (.ccmram)

.igot.plt       0x200009c0        0x0 load address 0x0800a4a4
 .igot.plt      0x200009c0        0x0 c:/progra~1/gcc-ar~1.10/bin/../lib/gcc/arm-none-eabi/10.3.1/thumb/v7e-m/nofp/crtbegin.o

.ccmram         0x10000000        0x0 load address 0x0800a4a4
                0x10000000                . = ALIGN (0x4)
                0x10000000                _sccmram = .
 *(.ccmram)
 *(.ccmram*)
                0x10000000                . = ALIGN (0x4)
                0x10000000                _eccmram = .
                0x10000000                . = ALIGN (0x4)

.bss            0x200009c0      0x15c
                0x200009c0                _sbss = .
                0x200009c0                __bss_start__ = _sbss
 *(.bss)
 .bss           0x200009c0       0x1c c:/progra~1/gcc-ar~1.10/bin/../lib/gcc/arm-none-eabi/10.3.1/thumb/v7e-m/nofp/crtbegin.o
 *(.bss*)
 .bss.htimx_BLDCM
                0x200009dc       0x48 CMakeFiles/hall_speed.elf.dir/Core/Src/bsp_bldc.c.obj
                0x200009dc                htimx_BLDCM
 .bss.LS_hallPhase
                0x20000a24        0x4 CMakeFiles/hall_speed.elf.dir/Core/Src/bsp_hall.c.obj
                0x20000a24                LS_hallPhase
 .bss.RT_hallDir
                0x20000a28        0x1 CMakeFiles/hall_speed.elf.dir/Core/Src/bsp_hall.c.obj
                0x20000a28                RT_hallDir
 *fill*         0x20000a29        0x3 
 .bss.RT_hallcnt
                0x20000a2c        0x4 CMakeFiles/hall_speed.elf.dir/Core/Src/bsp_hall.c.obj
                0x20000a2c                RT_hallcnt
 .bss.RT_hallcomp
                0x20000a30        0x4 CMakeFiles/hall_speed.elf.dir/Core/Src/bsp_hall.c.obj
                0x20000a30                RT_hallcomp
 .bss.isTimeUp  0x20000a34        0x1 CMakeFiles/hall_speed.elf.dir/Core/Src/main.c.obj
                0x20000a34                isTimeUp
 *fill*         0x20000a35        0x3 
 .bss.timeTick  0x20000a38        0x4 CMakeFiles/hall_speed.elf.dir/Core/Src/main.c.obj
                0x20000a38                timeTick
 .bss.gHuart    0x20000a3c        0x4 CMakeFiles/hall_speed.elf.dir/Core/Src/retarget.c.obj
                0x20000a3c                gHuart
 .bss.__sbrk_heap_end
                0x20000a40        0x4 CMakeFiles/hall_speed.elf.dir/Core/Src/sysmem.c.obj
 .bss.htim5     0x20000a44       0x48 CMakeFiles/hall_speed.elf.dir/Core/Src/tim.c.obj
                0x20000a44                htim5
 .bss.huart1    0x20000a8c       0x44 CMakeFiles/hall_speed.elf.dir/Core/Src/usart.c.obj
                0x20000a8c                huart1
 .bss.uwTick    0x20000ad0        0x4 CMakeFiles/hall_speed.elf.dir/Drivers/STM32F4xx_HAL_Driver/Src/stm32f4xx_hal.c.obj
                0x20000ad0                uwTick
 .bss.__lock___atexit_recursive_mutex
                0x20000ad4        0x1 c:/progra~1/gcc-ar~1.10/bin/../lib/gcc/arm-none-eabi/10.3.1/../../../../arm-none-eabi/lib/thumb/v7e-m/nofp\libg.a(lib_a-lock.o)
                0x20000ad4                __lock___atexit_recursive_mutex
 *fill*         0x20000ad5        0x3 
 .bss.__lock___malloc_recursive_mutex
                0x20000ad8        0x1 c:/progra~1/gcc-ar~1.10/bin/../lib/gcc/arm-none-eabi/10.3.1/../../../../arm-none-eabi/lib/thumb/v7e-m/nofp\libg.a(lib_a-lock.o)
                0x20000ad8                __lock___malloc_recursive_mutex
 *fill*         0x20000ad9        0x3 
 .bss.__lock___sfp_recursive_mutex
                0x20000adc        0x1 c:/progra~1/gcc-ar~1.10/bin/../lib/gcc/arm-none-eabi/10.3.1/../../../../arm-none-eabi/lib/thumb/v7e-m/nofp\libg.a(lib_a-lock.o)
                0x20000adc                __lock___sfp_recursive_mutex
 *fill*         0x20000add        0x3 
 .bss.__lock___sinit_recursive_mutex
                0x20000ae0        0x1 c:/progra~1/gcc-ar~1.10/bin/../lib/gcc/arm-none-eabi/10.3.1/../../../../arm-none-eabi/lib/thumb/v7e-m/nofp\libg.a(lib_a-lock.o)
                0x20000ae0                __lock___sinit_recursive_mutex
 *fill*         0x20000ae1        0x3 
 .bss.__malloc_current_mallinfo
                0x20000ae4       0x28 c:/progra~1/gcc-ar~1.10/bin/../lib/gcc/arm-none-eabi/10.3.1/../../../../arm-none-eabi/lib/thumb/v7e-m/nofp\libg.a(lib_a-mallocr.o)
                0x20000ae4                __malloc_current_mallinfo
 .bss.__malloc_max_sbrked_mem
                0x20000b0c        0x4 c:/progra~1/gcc-ar~1.10/bin/../lib/gcc/arm-none-eabi/10.3.1/../../../../arm-none-eabi/lib/thumb/v7e-m/nofp\libg.a(lib_a-mallocr.o)
                0x20000b0c                __malloc_max_sbrked_mem
 .bss.__malloc_max_total_mem
                0x20000b10        0x4 c:/progra~1/gcc-ar~1.10/bin/../lib/gcc/arm-none-eabi/10.3.1/../../../../arm-none-eabi/lib/thumb/v7e-m/nofp\libg.a(lib_a-mallocr.o)
                0x20000b10                __malloc_max_total_mem
 .bss.__malloc_top_pad
                0x20000b14        0x4 c:/progra~1/gcc-ar~1.10/bin/../lib/gcc/arm-none-eabi/10.3.1/../../../../arm-none-eabi/lib/thumb/v7e-m/nofp\libg.a(lib_a-mallocr.o)
                0x20000b14                __malloc_top_pad
 .bss.errno     0x20000b18        0x4 c:/progra~1/gcc-ar~1.10/bin/../lib/gcc/arm-none-eabi/10.3.1/../../../../arm-none-eabi/lib/thumb/v7e-m/nofp\libg.a(lib_a-reent.o)
                0x20000b18                errno
 *(COMMON)
                0x20000b1c                . = ALIGN (0x4)
                0x20000b1c                _ebss = .
                0x20000b1c                __bss_end__ = _ebss

._user_heap_stack
                0x20000b1c      0x604
                0x20000b20                . = ALIGN (0x8)
 *fill*         0x20000b1c        0x4 
                [!provide]                PROVIDE (end = .)
                0x20000b20                PROVIDE (_end = .)
                0x20000d20                . = (. + _Min_Heap_Size)
 *fill*         0x20000b20      0x200 
                0x20001120                . = (. + _Min_Stack_Size)
 *fill*         0x20000d20      0x400 
                0x20001120                . = ALIGN (0x8)

/DISCARD/
 libc.a(*)
 libm.a(*)
 libgcc.a(*)

.ARM.attributes
                0x00000000       0x2a
 *(.ARM.attributes)
 .ARM.attributes
                0x00000000       0x1e c:/progra~1/gcc-ar~1.10/bin/../lib/gcc/arm-none-eabi/10.3.1/thumb/v7e-m/nofp/crti.o
 .ARM.attributes
                0x0000001e       0x2e c:/progra~1/gcc-ar~1.10/bin/../lib/gcc/arm-none-eabi/10.3.1/thumb/v7e-m/nofp/crtbegin.o
 .ARM.attributes
                0x0000004c       0x2e CMakeFiles/hall_speed.elf.dir/Core/Src/bsp_bldc.c.obj
 .ARM.attributes
                0x0000007a       0x2e CMakeFiles/hall_speed.elf.dir/Core/Src/bsp_hall.c.obj
 .ARM.attributes
                0x000000a8       0x2e CMakeFiles/hall_speed.elf.dir/Core/Src/gpio.c.obj
 .ARM.attributes
                0x000000d6       0x2e CMakeFiles/hall_speed.elf.dir/Core/Src/main.c.obj
 .ARM.attributes
                0x00000104       0x2e CMakeFiles/hall_speed.elf.dir/Core/Src/retarget.c.obj
 .ARM.attributes
                0x00000132       0x2e CMakeFiles/hall_speed.elf.dir/Core/Src/stm32f4xx_hal_msp.c.obj
 .ARM.attributes
                0x00000160       0x2e CMakeFiles/hall_speed.elf.dir/Core/Src/stm32f4xx_it.c.obj
 .ARM.attributes
                0x0000018e       0x2e CMakeFiles/hall_speed.elf.dir/Core/Src/syscalls.c.obj
 .ARM.attributes
                0x000001bc       0x2e CMakeFiles/hall_speed.elf.dir/Core/Src/sysmem.c.obj
 .ARM.attributes
                0x000001ea       0x2e CMakeFiles/hall_speed.elf.dir/Core/Src/system_stm32f4xx.c.obj
 .ARM.attributes
                0x00000218       0x2e CMakeFiles/hall_speed.elf.dir/Core/Src/tim.c.obj
 .ARM.attributes
                0x00000246       0x2e CMakeFiles/hall_speed.elf.dir/Core/Src/usart.c.obj
 .ARM.attributes
                0x00000274       0x21 CMakeFiles/hall_speed.elf.dir/Core/Startup/startup_stm32f407igtx.s.obj
 .ARM.attributes
                0x00000295       0x2e CMakeFiles/hall_speed.elf.dir/Drivers/STM32F4xx_HAL_Driver/Src/stm32f4xx_hal.c.obj
 .ARM.attributes
                0x000002c3       0x2e CMakeFiles/hall_speed.elf.dir/Drivers/STM32F4xx_HAL_Driver/Src/stm32f4xx_hal_cortex.c.obj
 .ARM.attributes
                0x000002f1       0x2e CMakeFiles/hall_speed.elf.dir/Drivers/STM32F4xx_HAL_Driver/Src/stm32f4xx_hal_gpio.c.obj
 .ARM.attributes
                0x0000031f       0x2e CMakeFiles/hall_speed.elf.dir/Drivers/STM32F4xx_HAL_Driver/Src/stm32f4xx_hal_rcc.c.obj
 .ARM.attributes
                0x0000034d       0x2e CMakeFiles/hall_speed.elf.dir/Drivers/STM32F4xx_HAL_Driver/Src/stm32f4xx_hal_tim.c.obj
 .ARM.attributes
                0x0000037b       0x2e CMakeFiles/hall_speed.elf.dir/Drivers/STM32F4xx_HAL_Driver/Src/stm32f4xx_hal_tim_ex.c.obj
 .ARM.attributes
                0x000003a9       0x2e CMakeFiles/hall_speed.elf.dir/Drivers/STM32F4xx_HAL_Driver/Src/stm32f4xx_hal_uart.c.obj
 .ARM.attributes
                0x000003d7       0x1e c:/progra~1/gcc-ar~1.10/bin/../lib/gcc/arm-none-eabi/10.3.1/thumb/v7e-m/nofp\libgcc.a(_arm_addsubdf3.o)
 .ARM.attributes
                0x000003f5       0x1e c:/progra~1/gcc-ar~1.10/bin/../lib/gcc/arm-none-eabi/10.3.1/thumb/v7e-m/nofp\libgcc.a(_arm_addsubsf3.o)
 .ARM.attributes
                0x00000413       0x1e c:/progra~1/gcc-ar~1.10/bin/../lib/gcc/arm-none-eabi/10.3.1/thumb/v7e-m/nofp\libgcc.a(_arm_muldivsf3.o)
 .ARM.attributes
                0x00000431       0x1e c:/progra~1/gcc-ar~1.10/bin/../lib/gcc/arm-none-eabi/10.3.1/thumb/v7e-m/nofp\libgcc.a(_arm_fixunssfsi.o)
 .ARM.attributes
                0x0000044f       0x1e c:/progra~1/gcc-ar~1.10/bin/../lib/gcc/arm-none-eabi/10.3.1/thumb/v7e-m/nofp\libgcc.a(_aeabi_uldivmod.o)
 .ARM.attributes
                0x0000046d       0x2e c:/progra~1/gcc-ar~1.10/bin/../lib/gcc/arm-none-eabi/10.3.1/thumb/v7e-m/nofp\libgcc.a(_udivmoddi4.o)
 .ARM.attributes
                0x0000049b       0x1e c:/progra~1/gcc-ar~1.10/bin/../lib/gcc/arm-none-eabi/10.3.1/thumb/v7e-m/nofp\libgcc.a(_dvmd_tls.o)
 .ARM.attributes
                0x000004b9       0x2e c:/progra~1/gcc-ar~1.10/bin/../lib/gcc/arm-none-eabi/10.3.1/../../../../arm-none-eabi/lib/thumb/v7e-m/nofp\libg.a(lib_a-errno.o)
 .ARM.attributes
                0x000004e7       0x2e c:/progra~1/gcc-ar~1.10/bin/../lib/gcc/arm-none-eabi/10.3.1/../../../../arm-none-eabi/lib/thumb/v7e-m/nofp\libg.a(lib_a-impure.o)
 .ARM.attributes
                0x00000515       0x2e c:/progra~1/gcc-ar~1.10/bin/../lib/gcc/arm-none-eabi/10.3.1/../../../../arm-none-eabi/lib/thumb/v7e-m/nofp\libg.a(lib_a-init.o)
 .ARM.attributes
                0x00000543       0x2e c:/progra~1/gcc-ar~1.10/bin/../lib/gcc/arm-none-eabi/10.3.1/../../../../arm-none-eabi/lib/thumb/v7e-m/nofp\libg.a(lib_a-memset.o)
 .ARM.attributes
                0x00000571       0x2e c:/progra~1/gcc-ar~1.10/bin/../lib/gcc/arm-none-eabi/10.3.1/../../../../arm-none-eabi/lib/thumb/v7e-m/nofp\libg.a(lib_a-printf.o)
 .ARM.attributes
                0x0000059f       0x2e c:/progra~1/gcc-ar~1.10/bin/../lib/gcc/arm-none-eabi/10.3.1/../../../../arm-none-eabi/lib/thumb/v7e-m/nofp\libg.a(lib_a-puts.o)
 .ARM.attributes
                0x000005cd       0x2e c:/progra~1/gcc-ar~1.10/bin/../lib/gcc/arm-none-eabi/10.3.1/../../../../arm-none-eabi/lib/thumb/v7e-m/nofp\libg.a(lib_a-setvbuf.o)
 .ARM.attributes
                0x000005fb       0x1c c:/progra~1/gcc-ar~1.10/bin/../lib/gcc/arm-none-eabi/10.3.1/../../../../arm-none-eabi/lib/thumb/v7e-m/nofp\libg.a(lib_a-strlen.o)
 .ARM.attributes
                0x00000617       0x2e c:/progra~1/gcc-ar~1.10/bin/../lib/gcc/arm-none-eabi/10.3.1/../../../../arm-none-eabi/lib/thumb/v7e-m/nofp\libg.a(lib_a-vfprintf.o)
 .ARM.attributes
                0x00000645       0x2e c:/progra~1/gcc-ar~1.10/bin/../lib/gcc/arm-none-eabi/10.3.1/../../../../arm-none-eabi/lib/thumb/v7e-m/nofp\libg.a(lib_a-wsetup.o)
 .ARM.attributes
                0x00000673       0x2e c:/progra~1/gcc-ar~1.10/bin/../lib/gcc/arm-none-eabi/10.3.1/../../../../arm-none-eabi/lib/thumb/v7e-m/nofp\libg.a(lib_a-__call_atexit.o)
 .ARM.attributes
                0x000006a1       0x2e c:/progra~1/gcc-ar~1.10/bin/../lib/gcc/arm-none-eabi/10.3.1/../../../../arm-none-eabi/lib/thumb/v7e-m/nofp\libg.a(lib_a-atexit.o)
 .ARM.attributes
                0x000006cf       0x2e c:/progra~1/gcc-ar~1.10/bin/../lib/gcc/arm-none-eabi/10.3.1/../../../../arm-none-eabi/lib/thumb/v7e-m/nofp\libg.a(lib_a-dtoa.o)
 .ARM.attributes
                0x000006fd       0x2e c:/progra~1/gcc-ar~1.10/bin/../lib/gcc/arm-none-eabi/10.3.1/../../../../arm-none-eabi/lib/thumb/v7e-m/nofp\libg.a(lib_a-fflush.o)
 .ARM.attributes
                0x0000072b       0x2e c:/progra~1/gcc-ar~1.10/bin/../lib/gcc/arm-none-eabi/10.3.1/../../../../arm-none-eabi/lib/thumb/v7e-m/nofp\libg.a(lib_a-findfp.o)
 .ARM.attributes
                0x00000759       0x2e c:/progra~1/gcc-ar~1.10/bin/../lib/gcc/arm-none-eabi/10.3.1/../../../../arm-none-eabi/lib/thumb/v7e-m/nofp\libg.a(lib_a-fini.o)
 .ARM.attributes
                0x00000787       0x2e c:/progra~1/gcc-ar~1.10/bin/../lib/gcc/arm-none-eabi/10.3.1/../../../../arm-none-eabi/lib/thumb/v7e-m/nofp\libg.a(lib_a-freer.o)
 .ARM.attributes
                0x000007b5       0x2e c:/progra~1/gcc-ar~1.10/bin/../lib/gcc/arm-none-eabi/10.3.1/../../../../arm-none-eabi/lib/thumb/v7e-m/nofp\libg.a(lib_a-fvwrite.o)
 .ARM.attributes
                0x000007e3       0x2e c:/progra~1/gcc-ar~1.10/bin/../lib/gcc/arm-none-eabi/10.3.1/../../../../arm-none-eabi/lib/thumb/v7e-m/nofp\libg.a(lib_a-fwalk.o)
 .ARM.attributes
                0x00000811       0x2e c:/progra~1/gcc-ar~1.10/bin/../lib/gcc/arm-none-eabi/10.3.1/../../../../arm-none-eabi/lib/thumb/v7e-m/nofp\libg.a(lib_a-localeconv.o)
 .ARM.attributes
                0x0000083f       0x2e c:/progra~1/gcc-ar~1.10/bin/../lib/gcc/arm-none-eabi/10.3.1/../../../../arm-none-eabi/lib/thumb/v7e-m/nofp\libg.a(lib_a-lock.o)
 .ARM.attributes
                0x0000086d       0x2e c:/progra~1/gcc-ar~1.10/bin/../lib/gcc/arm-none-eabi/10.3.1/../../../../arm-none-eabi/lib/thumb/v7e-m/nofp\libg.a(lib_a-makebuf.o)
 .ARM.attributes
                0x0000089b       0x2e c:/progra~1/gcc-ar~1.10/bin/../lib/gcc/arm-none-eabi/10.3.1/../../../../arm-none-eabi/lib/thumb/v7e-m/nofp\libg.a(lib_a-malloc.o)
 .ARM.attributes
                0x000008c9       0x2e c:/progra~1/gcc-ar~1.10/bin/../lib/gcc/arm-none-eabi/10.3.1/../../../../arm-none-eabi/lib/thumb/v7e-m/nofp\libg.a(lib_a-mallocr.o)
 .ARM.attributes
                0x000008f7       0x1c c:/progra~1/gcc-ar~1.10/bin/../lib/gcc/arm-none-eabi/10.3.1/../../../../arm-none-eabi/lib/thumb/v7e-m/nofp\libg.a(lib_a-memchr.o)
 .ARM.attributes
                0x00000913       0x1c c:/progra~1/gcc-ar~1.10/bin/../lib/gcc/arm-none-eabi/10.3.1/../../../../arm-none-eabi/lib/thumb/v7e-m/nofp\libg.a(lib_a-memcpy.o)
 .ARM.attributes
                0x0000092f       0x2e c:/progra~1/gcc-ar~1.10/bin/../lib/gcc/arm-none-eabi/10.3.1/../../../../arm-none-eabi/lib/thumb/v7e-m/nofp\libg.a(lib_a-memmove.o)
 .ARM.attributes
                0x0000095d       0x2e c:/progra~1/gcc-ar~1.10/bin/../lib/gcc/arm-none-eabi/10.3.1/../../../../arm-none-eabi/lib/thumb/v7e-m/nofp\libg.a(lib_a-mlock.o)
 .ARM.attributes
                0x0000098b       0x2e c:/progra~1/gcc-ar~1.10/bin/../lib/gcc/arm-none-eabi/10.3.1/../../../../arm-none-eabi/lib/thumb/v7e-m/nofp\libg.a(lib_a-mprec.o)
 .ARM.attributes
                0x000009b9       0x2e c:/progra~1/gcc-ar~1.10/bin/../lib/gcc/arm-none-eabi/10.3.1/../../../../arm-none-eabi/lib/thumb/v7e-m/nofp\libg.a(lib_a-reallocr.o)
 .ARM.attributes
                0x000009e7       0x2e c:/progra~1/gcc-ar~1.10/bin/../lib/gcc/arm-none-eabi/10.3.1/../../../../arm-none-eabi/lib/thumb/v7e-m/nofp\libg.a(lib_a-s_frexp.o)
 .ARM.attributes
                0x00000a15       0x2e c:/progra~1/gcc-ar~1.10/bin/../lib/gcc/arm-none-eabi/10.3.1/../../../../arm-none-eabi/lib/thumb/v7e-m/nofp\libg.a(lib_a-sbrkr.o)
 .ARM.attributes
                0x00000a43       0x2e c:/progra~1/gcc-ar~1.10/bin/../lib/gcc/arm-none-eabi/10.3.1/../../../../arm-none-eabi/lib/thumb/v7e-m/nofp\libg.a(lib_a-stdio.o)
 .ARM.attributes
                0x00000a71       0x2e c:/progra~1/gcc-ar~1.10/bin/../lib/gcc/arm-none-eabi/10.3.1/../../../../arm-none-eabi/lib/thumb/v7e-m/nofp\libg.a(lib_a-strncpy.o)
 .ARM.attributes
                0x00000a9f       0x2e c:/progra~1/gcc-ar~1.10/bin/../lib/gcc/arm-none-eabi/10.3.1/../../../../arm-none-eabi/lib/thumb/v7e-m/nofp\libg.a(lib_a-vfiprintf.o)
 .ARM.attributes
                0x00000acd       0x2e c:/progra~1/gcc-ar~1.10/bin/../lib/gcc/arm-none-eabi/10.3.1/../../../../arm-none-eabi/lib/thumb/v7e-m/nofp\libg.a(lib_a-writer.o)
 .ARM.attributes
                0x00000afb       0x2e c:/progra~1/gcc-ar~1.10/bin/../lib/gcc/arm-none-eabi/10.3.1/../../../../arm-none-eabi/lib/thumb/v7e-m/nofp\libg.a(lib_a-__atexit.o)
 .ARM.attributes
                0x00000b29       0x2e c:/progra~1/gcc-ar~1.10/bin/../lib/gcc/arm-none-eabi/10.3.1/../../../../arm-none-eabi/lib/thumb/v7e-m/nofp\libg.a(lib_a-assert.o)
 .ARM.attributes
                0x00000b57       0x2e c:/progra~1/gcc-ar~1.10/bin/../lib/gcc/arm-none-eabi/10.3.1/../../../../arm-none-eabi/lib/thumb/v7e-m/nofp\libg.a(lib_a-callocr.o)
 .ARM.attributes
                0x00000b85       0x2e c:/progra~1/gcc-ar~1.10/bin/../lib/gcc/arm-none-eabi/10.3.1/../../../../arm-none-eabi/lib/thumb/v7e-m/nofp\libg.a(lib_a-closer.o)
 .ARM.attributes
                0x00000bb3       0x2e c:/progra~1/gcc-ar~1.10/bin/../lib/gcc/arm-none-eabi/10.3.1/../../../../arm-none-eabi/lib/thumb/v7e-m/nofp\libg.a(lib_a-fclose.o)
 .ARM.attributes
                0x00000be1       0x2e c:/progra~1/gcc-ar~1.10/bin/../lib/gcc/arm-none-eabi/10.3.1/../../../../arm-none-eabi/lib/thumb/v7e-m/nofp\libg.a(lib_a-fiprintf.o)
 .ARM.attributes
                0x00000c0f       0x2e c:/progra~1/gcc-ar~1.10/bin/../lib/gcc/arm-none-eabi/10.3.1/../../../../arm-none-eabi/lib/thumb/v7e-m/nofp\libg.a(lib_a-fputwc.o)
 .ARM.attributes
                0x00000c3d       0x2e c:/progra~1/gcc-ar~1.10/bin/../lib/gcc/arm-none-eabi/10.3.1/../../../../arm-none-eabi/lib/thumb/v7e-m/nofp\libg.a(lib_a-fstatr.o)
 .ARM.attributes
                0x00000c6b       0x2e c:/progra~1/gcc-ar~1.10/bin/../lib/gcc/arm-none-eabi/10.3.1/../../../../arm-none-eabi/lib/thumb/v7e-m/nofp\libg.a(lib_a-isattyr.o)
 .ARM.attributes
                0x00000c99       0x2e c:/progra~1/gcc-ar~1.10/bin/../lib/gcc/arm-none-eabi/10.3.1/../../../../arm-none-eabi/lib/thumb/v7e-m/nofp\libg.a(lib_a-locale.o)
 .ARM.attributes
                0x00000cc7       0x2e c:/progra~1/gcc-ar~1.10/bin/../lib/gcc/arm-none-eabi/10.3.1/../../../../arm-none-eabi/lib/thumb/v7e-m/nofp\libg.a(lib_a-lseekr.o)
 .ARM.attributes
                0x00000cf5       0x2e c:/progra~1/gcc-ar~1.10/bin/../lib/gcc/arm-none-eabi/10.3.1/../../../../arm-none-eabi/lib/thumb/v7e-m/nofp\libg.a(lib_a-mbtowc_r.o)
 .ARM.attributes
                0x00000d23       0x2e c:/progra~1/gcc-ar~1.10/bin/../lib/gcc/arm-none-eabi/10.3.1/../../../../arm-none-eabi/lib/thumb/v7e-m/nofp\libg.a(lib_a-readr.o)
 .ARM.attributes
                0x00000d51       0x2e c:/progra~1/gcc-ar~1.10/bin/../lib/gcc/arm-none-eabi/10.3.1/../../../../arm-none-eabi/lib/thumb/v7e-m/nofp\libg.a(lib_a-reent.o)
 .ARM.attributes
                0x00000d7f       0x2e c:/progra~1/gcc-ar~1.10/bin/../lib/gcc/arm-none-eabi/10.3.1/../../../../arm-none-eabi/lib/thumb/v7e-m/nofp\libg.a(lib_a-wbuf.o)
 .ARM.attributes
                0x00000dad       0x2e c:/progra~1/gcc-ar~1.10/bin/../lib/gcc/arm-none-eabi/10.3.1/../../../../arm-none-eabi/lib/thumb/v7e-m/nofp\libg.a(lib_a-wcrtomb.o)
 .ARM.attributes
                0x00000ddb       0x2e c:/progra~1/gcc-ar~1.10/bin/../lib/gcc/arm-none-eabi/10.3.1/../../../../arm-none-eabi/lib/thumb/v7e-m/nofp\libg.a(lib_a-wctomb_r.o)
 .ARM.attributes
                0x00000e09       0x2e c:/progra~1/gcc-ar~1.10/bin/../lib/gcc/arm-none-eabi/10.3.1/../../../../arm-none-eabi/lib/thumb/v7e-m/nofp\libg.a(lib_a-abort.o)
 .ARM.attributes
                0x00000e37       0x2e c:/progra~1/gcc-ar~1.10/bin/../lib/gcc/arm-none-eabi/10.3.1/../../../../arm-none-eabi/lib/thumb/v7e-m/nofp\libg.a(lib_a-ctype_.o)
 .ARM.attributes
                0x00000e65       0x2e c:/progra~1/gcc-ar~1.10/bin/../lib/gcc/arm-none-eabi/10.3.1/../../../../arm-none-eabi/lib/thumb/v7e-m/nofp\libg.a(lib_a-signal.o)
 .ARM.attributes
                0x00000e93       0x2e c:/progra~1/gcc-ar~1.10/bin/../lib/gcc/arm-none-eabi/10.3.1/../../../../arm-none-eabi/lib/thumb/v7e-m/nofp\libg.a(lib_a-signalr.o)
 .ARM.attributes
                0x00000ec1       0x1e c:/progra~1/gcc-ar~1.10/bin/../lib/gcc/arm-none-eabi/10.3.1/thumb/v7e-m/nofp\libgcc.a(_arm_muldivdf3.o)
 .ARM.attributes
                0x00000edf       0x1e c:/progra~1/gcc-ar~1.10/bin/../lib/gcc/arm-none-eabi/10.3.1/thumb/v7e-m/nofp\libgcc.a(_arm_cmpdf2.o)
 .ARM.attributes
                0x00000efd       0x1e c:/progra~1/gcc-ar~1.10/bin/../lib/gcc/arm-none-eabi/10.3.1/thumb/v7e-m/nofp\libgcc.a(_arm_unorddf2.o)
 .ARM.attributes
                0x00000f1b       0x1e c:/progra~1/gcc-ar~1.10/bin/../lib/gcc/arm-none-eabi/10.3.1/thumb/v7e-m/nofp\libgcc.a(_arm_fixdfsi.o)
 .ARM.attributes
                0x00000f39       0x1e c:/progra~1/gcc-ar~1.10/bin/../lib/gcc/arm-none-eabi/10.3.1/thumb/v7e-m/nofp/crtn.o
OUTPUT(hall_speed.elf elf32-littlearm)
LOAD linker stubs
LOAD c:/progra~1/gcc-ar~1.10/bin/../lib/gcc/arm-none-eabi/10.3.1/../../../../arm-none-eabi/lib/thumb/v7e-m/nofp\libc.a
LOAD c:/progra~1/gcc-ar~1.10/bin/../lib/gcc/arm-none-eabi/10.3.1/../../../../arm-none-eabi/lib/thumb/v7e-m/nofp\libm.a
LOAD c:/progra~1/gcc-ar~1.10/bin/../lib/gcc/arm-none-eabi/10.3.1/thumb/v7e-m/nofp\libgcc.a

.debug_info     0x00000000    0x13ef5
 .debug_info    0x00000000     0x1577 CMakeFiles/hall_speed.elf.dir/Core/Src/bsp_bldc.c.obj
 .debug_info    0x00001577      0xef8 CMakeFiles/hall_speed.elf.dir/Core/Src/bsp_hall.c.obj
 .debug_info    0x0000246f      0x2a4 CMakeFiles/hall_speed.elf.dir/Core/Src/gpio.c.obj
 .debug_info    0x00002713      0xeed CMakeFiles/hall_speed.elf.dir/Core/Src/main.c.obj
 .debug_info    0x00003600     0x12ff CMakeFiles/hall_speed.elf.dir/Core/Src/retarget.c.obj
 .debug_info    0x000048ff      0x2a4 CMakeFiles/hall_speed.elf.dir/Core/Src/stm32f4xx_hal_msp.c.obj
 .debug_info    0x00004ba3      0x75c CMakeFiles/hall_speed.elf.dir/Core/Src/stm32f4xx_it.c.obj
 .debug_info    0x000052ff      0x6ca CMakeFiles/hall_speed.elf.dir/Core/Src/syscalls.c.obj
 .debug_info    0x000059c9      0x174 CMakeFiles/hall_speed.elf.dir/Core/Src/sysmem.c.obj
 .debug_info    0x00005b3d      0x37d CMakeFiles/hall_speed.elf.dir/Core/Src/system_stm32f4xx.c.obj
 .debug_info    0x00005eba      0xe89 CMakeFiles/hall_speed.elf.dir/Core/Src/tim.c.obj
 .debug_info    0x00006d43      0x9ce CMakeFiles/hall_speed.elf.dir/Core/Src/usart.c.obj
 .debug_info    0x00007711       0x22 CMakeFiles/hall_speed.elf.dir/Core/Startup/startup_stm32f407igtx.s.obj
 .debug_info    0x00007733      0x9f0 CMakeFiles/hall_speed.elf.dir/Drivers/STM32F4xx_HAL_Driver/Src/stm32f4xx_hal.c.obj
 .debug_info    0x00008123     0x1098 CMakeFiles/hall_speed.elf.dir/Drivers/STM32F4xx_HAL_Driver/Src/stm32f4xx_hal_cortex.c.obj
 .debug_info    0x000091bb      0x7b0 CMakeFiles/hall_speed.elf.dir/Drivers/STM32F4xx_HAL_Driver/Src/stm32f4xx_hal_gpio.c.obj
 .debug_info    0x0000996b      0xb03 CMakeFiles/hall_speed.elf.dir/Drivers/STM32F4xx_HAL_Driver/Src/stm32f4xx_hal_rcc.c.obj
 .debug_info    0x0000a46e     0x3d5b CMakeFiles/hall_speed.elf.dir/Drivers/STM32F4xx_HAL_Driver/Src/stm32f4xx_hal_tim.c.obj
 .debug_info    0x0000e1c9     0x1ade CMakeFiles/hall_speed.elf.dir/Drivers/STM32F4xx_HAL_Driver/Src/stm32f4xx_hal_tim_ex.c.obj
 .debug_info    0x0000fca7     0x424e CMakeFiles/hall_speed.elf.dir/Drivers/STM32F4xx_HAL_Driver/Src/stm32f4xx_hal_uart.c.obj

.debug_abbrev   0x00000000     0x25c9
 .debug_abbrev  0x00000000      0x25b CMakeFiles/hall_speed.elf.dir/Core/Src/bsp_bldc.c.obj
 .debug_abbrev  0x0000025b      0x24f CMakeFiles/hall_speed.elf.dir/Core/Src/bsp_hall.c.obj
 .debug_abbrev  0x000004aa       0xd1 CMakeFiles/hall_speed.elf.dir/Core/Src/gpio.c.obj
 .debug_abbrev  0x0000057b      0x26d CMakeFiles/hall_speed.elf.dir/Core/Src/main.c.obj
 .debug_abbrev  0x000007e8      0x2b4 CMakeFiles/hall_speed.elf.dir/Core/Src/retarget.c.obj
 .debug_abbrev  0x00000a9c       0xd1 CMakeFiles/hall_speed.elf.dir/Core/Src/stm32f4xx_hal_msp.c.obj
 .debug_abbrev  0x00000b6d      0x18c CMakeFiles/hall_speed.elf.dir/Core/Src/stm32f4xx_it.c.obj
 .debug_abbrev  0x00000cf9      0x1a3 CMakeFiles/hall_speed.elf.dir/Core/Src/syscalls.c.obj
 .debug_abbrev  0x00000e9c       0xe7 CMakeFiles/hall_speed.elf.dir/Core/Src/sysmem.c.obj
 .debug_abbrev  0x00000f83      0x119 CMakeFiles/hall_speed.elf.dir/Core/Src/system_stm32f4xx.c.obj
 .debug_abbrev  0x0000109c      0x1ef CMakeFiles/hall_speed.elf.dir/Core/Src/tim.c.obj
 .debug_abbrev  0x0000128b      0x1da CMakeFiles/hall_speed.elf.dir/Core/Src/usart.c.obj
 .debug_abbrev  0x00001465       0x12 CMakeFiles/hall_speed.elf.dir/Core/Startup/startup_stm32f407igtx.s.obj
 .debug_abbrev  0x00001477      0x206 CMakeFiles/hall_speed.elf.dir/Drivers/STM32F4xx_HAL_Driver/Src/stm32f4xx_hal.c.obj
 .debug_abbrev  0x0000167d      0x36a CMakeFiles/hall_speed.elf.dir/Drivers/STM32F4xx_HAL_Driver/Src/stm32f4xx_hal_cortex.c.obj
 .debug_abbrev  0x000019e7      0x1ef CMakeFiles/hall_speed.elf.dir/Drivers/STM32F4xx_HAL_Driver/Src/stm32f4xx_hal_gpio.c.obj
 .debug_abbrev  0x00001bd6      0x28a CMakeFiles/hall_speed.elf.dir/Drivers/STM32F4xx_HAL_Driver/Src/stm32f4xx_hal_rcc.c.obj
 .debug_abbrev  0x00001e60      0x22b CMakeFiles/hall_speed.elf.dir/Drivers/STM32F4xx_HAL_Driver/Src/stm32f4xx_hal_tim.c.obj
 .debug_abbrev  0x0000208b      0x241 CMakeFiles/hall_speed.elf.dir/Drivers/STM32F4xx_HAL_Driver/Src/stm32f4xx_hal_tim_ex.c.obj
 .debug_abbrev  0x000022cc      0x2fd CMakeFiles/hall_speed.elf.dir/Drivers/STM32F4xx_HAL_Driver/Src/stm32f4xx_hal_uart.c.obj

.debug_loc      0x00000000     0xd58b
 .debug_loc     0x00000000       0xe2 CMakeFiles/hall_speed.elf.dir/Core/Src/bsp_bldc.c.obj
 .debug_loc     0x000000e2       0x8f CMakeFiles/hall_speed.elf.dir/Core/Src/bsp_hall.c.obj
 .debug_loc     0x00000171       0x7d CMakeFiles/hall_speed.elf.dir/Core/Src/main.c.obj
 .debug_loc     0x000001ee      0x389 CMakeFiles/hall_speed.elf.dir/Core/Src/retarget.c.obj
 .debug_loc     0x00000577      0x331 CMakeFiles/hall_speed.elf.dir/Core/Src/syscalls.c.obj
 .debug_loc     0x000008a8       0x64 CMakeFiles/hall_speed.elf.dir/Core/Src/sysmem.c.obj
 .debug_loc     0x0000090c      0x158 CMakeFiles/hall_speed.elf.dir/Core/Src/system_stm32f4xx.c.obj
 .debug_loc     0x00000a64       0x84 CMakeFiles/hall_speed.elf.dir/Core/Src/tim.c.obj
 .debug_loc     0x00000ae8       0x84 CMakeFiles/hall_speed.elf.dir/Core/Src/usart.c.obj
 .debug_loc     0x00000b6c      0x141 CMakeFiles/hall_speed.elf.dir/Drivers/STM32F4xx_HAL_Driver/Src/stm32f4xx_hal.c.obj
 .debug_loc     0x00000cad      0x744 CMakeFiles/hall_speed.elf.dir/Drivers/STM32F4xx_HAL_Driver/Src/stm32f4xx_hal_cortex.c.obj
 .debug_loc     0x000013f1      0x520 CMakeFiles/hall_speed.elf.dir/Drivers/STM32F4xx_HAL_Driver/Src/stm32f4xx_hal_gpio.c.obj
 .debug_loc     0x00001911      0x58c CMakeFiles/hall_speed.elf.dir/Drivers/STM32F4xx_HAL_Driver/Src/stm32f4xx_hal_rcc.c.obj
 .debug_loc     0x00001e9d     0x506c CMakeFiles/hall_speed.elf.dir/Drivers/STM32F4xx_HAL_Driver/Src/stm32f4xx_hal_tim.c.obj
 .debug_loc     0x00006f09     0x1cd7 CMakeFiles/hall_speed.elf.dir/Drivers/STM32F4xx_HAL_Driver/Src/stm32f4xx_hal_tim_ex.c.obj
 .debug_loc     0x00008be0     0x49ab CMakeFiles/hall_speed.elf.dir/Drivers/STM32F4xx_HAL_Driver/Src/stm32f4xx_hal_uart.c.obj

.debug_aranges  0x00000000      0xcc8
 .debug_aranges
                0x00000000       0x58 CMakeFiles/hall_speed.elf.dir/Core/Src/bsp_bldc.c.obj
 .debug_aranges
                0x00000058       0x38 CMakeFiles/hall_speed.elf.dir/Core/Src/bsp_hall.c.obj
 .debug_aranges
                0x00000090       0x20 CMakeFiles/hall_speed.elf.dir/Core/Src/gpio.c.obj
 .debug_aranges
                0x000000b0       0x38 CMakeFiles/hall_speed.elf.dir/Core/Src/main.c.obj
 .debug_aranges
                0x000000e8       0x50 CMakeFiles/hall_speed.elf.dir/Core/Src/retarget.c.obj
 .debug_aranges
                0x00000138       0x20 CMakeFiles/hall_speed.elf.dir/Core/Src/stm32f4xx_hal_msp.c.obj
 .debug_aranges
                0x00000158       0x68 CMakeFiles/hall_speed.elf.dir/Core/Src/stm32f4xx_it.c.obj
 .debug_aranges
                0x000001c0       0x88 CMakeFiles/hall_speed.elf.dir/Core/Src/syscalls.c.obj
 .debug_aranges
                0x00000248       0x20 CMakeFiles/hall_speed.elf.dir/Core/Src/sysmem.c.obj
 .debug_aranges
                0x00000268       0x28 CMakeFiles/hall_speed.elf.dir/Core/Src/system_stm32f4xx.c.obj
 .debug_aranges
                0x00000290       0x30 CMakeFiles/hall_speed.elf.dir/Core/Src/tim.c.obj
 .debug_aranges
                0x000002c0       0x30 CMakeFiles/hall_speed.elf.dir/Core/Src/usart.c.obj
 .debug_aranges
                0x000002f0       0x28 CMakeFiles/hall_speed.elf.dir/Core/Startup/startup_stm32f407igtx.s.obj
 .debug_aranges
                0x00000318       0xf0 CMakeFiles/hall_speed.elf.dir/Drivers/STM32F4xx_HAL_Driver/Src/stm32f4xx_hal.c.obj
 .debug_aranges
                0x00000408       0xa8 CMakeFiles/hall_speed.elf.dir/Drivers/STM32F4xx_HAL_Driver/Src/stm32f4xx_hal_cortex.c.obj
 .debug_aranges
                0x000004b0       0x58 CMakeFiles/hall_speed.elf.dir/Drivers/STM32F4xx_HAL_Driver/Src/stm32f4xx_hal_gpio.c.obj
 .debug_aranges
                0x00000508       0x88 CMakeFiles/hall_speed.elf.dir/Drivers/STM32F4xx_HAL_Driver/Src/stm32f4xx_hal_rcc.c.obj
 .debug_aranges
                0x00000590      0x3d0 CMakeFiles/hall_speed.elf.dir/Drivers/STM32F4xx_HAL_Driver/Src/stm32f4xx_hal_tim.c.obj
 .debug_aranges
                0x00000960      0x168 CMakeFiles/hall_speed.elf.dir/Drivers/STM32F4xx_HAL_Driver/Src/stm32f4xx_hal_tim_ex.c.obj
 .debug_aranges
                0x00000ac8      0x200 CMakeFiles/hall_speed.elf.dir/Drivers/STM32F4xx_HAL_Driver/Src/stm32f4xx_hal_uart.c.obj

.debug_ranges   0x00000000      0xc38
 .debug_ranges  0x00000000       0x48 CMakeFiles/hall_speed.elf.dir/Core/Src/bsp_bldc.c.obj
 .debug_ranges  0x00000048       0x28 CMakeFiles/hall_speed.elf.dir/Core/Src/bsp_hall.c.obj
 .debug_ranges  0x00000070       0x10 CMakeFiles/hall_speed.elf.dir/Core/Src/gpio.c.obj
 .debug_ranges  0x00000080       0x40 CMakeFiles/hall_speed.elf.dir/Core/Src/main.c.obj
 .debug_ranges  0x000000c0       0x40 CMakeFiles/hall_speed.elf.dir/Core/Src/retarget.c.obj
 .debug_ranges  0x00000100       0x10 CMakeFiles/hall_speed.elf.dir/Core/Src/stm32f4xx_hal_msp.c.obj
 .debug_ranges  0x00000110       0x58 CMakeFiles/hall_speed.elf.dir/Core/Src/stm32f4xx_it.c.obj
 .debug_ranges  0x00000168       0x78 CMakeFiles/hall_speed.elf.dir/Core/Src/syscalls.c.obj
 .debug_ranges  0x000001e0       0x10 CMakeFiles/hall_speed.elf.dir/Core/Src/sysmem.c.obj
 .debug_ranges  0x000001f0       0x18 CMakeFiles/hall_speed.elf.dir/Core/Src/system_stm32f4xx.c.obj
 .debug_ranges  0x00000208       0x20 CMakeFiles/hall_speed.elf.dir/Core/Src/tim.c.obj
 .debug_ranges  0x00000228       0x20 CMakeFiles/hall_speed.elf.dir/Core/Src/usart.c.obj
 .debug_ranges  0x00000248       0x20 CMakeFiles/hall_speed.elf.dir/Core/Startup/startup_stm32f407igtx.s.obj
 .debug_ranges  0x00000268       0xe0 CMakeFiles/hall_speed.elf.dir/Drivers/STM32F4xx_HAL_Driver/Src/stm32f4xx_hal.c.obj
 .debug_ranges  0x00000348       0xf8 CMakeFiles/hall_speed.elf.dir/Drivers/STM32F4xx_HAL_Driver/Src/stm32f4xx_hal_cortex.c.obj
 .debug_ranges  0x00000440       0x48 CMakeFiles/hall_speed.elf.dir/Drivers/STM32F4xx_HAL_Driver/Src/stm32f4xx_hal_gpio.c.obj
 .debug_ranges  0x00000488       0x90 CMakeFiles/hall_speed.elf.dir/Drivers/STM32F4xx_HAL_Driver/Src/stm32f4xx_hal_rcc.c.obj
 .debug_ranges  0x00000518      0x3c0 CMakeFiles/hall_speed.elf.dir/Drivers/STM32F4xx_HAL_Driver/Src/stm32f4xx_hal_tim.c.obj
 .debug_ranges  0x000008d8      0x158 CMakeFiles/hall_speed.elf.dir/Drivers/STM32F4xx_HAL_Driver/Src/stm32f4xx_hal_tim_ex.c.obj
 .debug_ranges  0x00000a30      0x208 CMakeFiles/hall_speed.elf.dir/Drivers/STM32F4xx_HAL_Driver/Src/stm32f4xx_hal_uart.c.obj

.debug_line     0x00000000     0xf5d7
 .debug_line    0x00000000      0x57e CMakeFiles/hall_speed.elf.dir/Core/Src/bsp_bldc.c.obj
 .debug_line    0x0000057e      0x3e3 CMakeFiles/hall_speed.elf.dir/Core/Src/bsp_hall.c.obj
 .debug_line    0x00000961      0x167 CMakeFiles/hall_speed.elf.dir/Core/Src/gpio.c.obj
 .debug_line    0x00000ac8      0x4f7 CMakeFiles/hall_speed.elf.dir/Core/Src/main.c.obj
 .debug_line    0x00000fbf      0x43e CMakeFiles/hall_speed.elf.dir/Core/Src/retarget.c.obj
 .debug_line    0x000013fd      0x174 CMakeFiles/hall_speed.elf.dir/Core/Src/stm32f4xx_hal_msp.c.obj
 .debug_line    0x00001571      0x32e CMakeFiles/hall_speed.elf.dir/Core/Src/stm32f4xx_it.c.obj
 .debug_line    0x0000189f      0x36f CMakeFiles/hall_speed.elf.dir/Core/Src/syscalls.c.obj
 .debug_line    0x00001c0e      0x199 CMakeFiles/hall_speed.elf.dir/Core/Src/sysmem.c.obj
 .debug_line    0x00001da7      0x23d CMakeFiles/hall_speed.elf.dir/Core/Src/system_stm32f4xx.c.obj
 .debug_line    0x00001fe4      0x3ad CMakeFiles/hall_speed.elf.dir/Core/Src/tim.c.obj
 .debug_line    0x00002391      0x32f CMakeFiles/hall_speed.elf.dir/Core/Src/usart.c.obj
 .debug_line    0x000026c0       0xad CMakeFiles/hall_speed.elf.dir/Core/Startup/startup_stm32f407igtx.s.obj
 .debug_line    0x0000276d      0x5cf CMakeFiles/hall_speed.elf.dir/Drivers/STM32F4xx_HAL_Driver/Src/stm32f4xx_hal.c.obj
 .debug_line    0x00002d3c      0x7e2 CMakeFiles/hall_speed.elf.dir/Drivers/STM32F4xx_HAL_Driver/Src/stm32f4xx_hal_cortex.c.obj
 .debug_line    0x0000351e      0x723 CMakeFiles/hall_speed.elf.dir/Drivers/STM32F4xx_HAL_Driver/Src/stm32f4xx_hal_gpio.c.obj